Archive member included because of file (symbol)

contiki-sky.a(process.o)      obj_sky/contiki-sky-main.o (process_init)
contiki-sky.a(autostart.o)    obj_sky/contiki-sky-main.o (autostart_start)
contiki-sky.a(etimer.o)       obj_sky/contiki-sky-main.o (etimer_process)
contiki-sky.a(energest.o)     obj_sky/contiki-sky-main.o (energest_init)
contiki-sky.a(rtimer.o)       obj_sky/contiki-sky-main.o (rtimer_init)
contiki-sky.a(random.o)       obj_sky/contiki-sky-main.o (random_init)
contiki-sky.a(lwb.o)          obj_sky/lwb-print.o (lwb_context)
contiki-sky.a(lwb-g-sync.o)   contiki-sky.a(lwb.o) (lwb_g_sync_source)
contiki-sky.a(lwb-g-rr.o)     contiki-sky.a(lwb-g-sync.o) (lwb_g_rr_source)
contiki-sky.a(lwb-scheduler.o)
                              contiki-sky.a(lwb.o) (lwb_sched_init)
contiki-sky.a(lwb-sched-compr)
                              contiki-sky.a(lwb-g-sync.o) (lwb_sched_compress)
contiki-sky.a(glossy-arch.o)  contiki-sky.a(lwb-g-sync.o) (glossy_stop)
contiki-sky.a(msp430.o)       contiki-sky.a(lwb-g-sync.o) (w_memcpy)
contiki-sky.a(leds.o)         obj_sky/contiki-sky-main.o (leds_init)
contiki-sky.a(watchdog.o)     obj_sky/contiki-sky-main.o (watchdog_start)
contiki-sky.a(xmem.o)         obj_sky/contiki-sky-main.o (xmem_init)
contiki-sky.a(cc2420.o)       obj_sky/contiki-sky-main.o (cc2420_init)
contiki-sky.a(node-id.o)      obj_sky/contiki-sky-main.o (node_id_restore)
contiki-sky.a(uart1.o)        obj_sky/contiki-sky-main.o (uart1_active)
contiki-sky.a(ds2411.o)       obj_sky/contiki-sky-main.o (ds2411_init)
contiki-sky.a(clock.o)        contiki-sky.a(etimer.o) (clock_time)
contiki-sky.a(leds-arch.o)    contiki-sky.a(leds.o) (leds_arch_init)
contiki-sky.a(uart1-putchar.o)
                              obj_sky/lwb-print.o (putchar)
contiki-sky.a(rtimer-arch.o)  contiki-sky.a(rtimer.o) (rtimer_arch_init)
contiki-sky.a(timer.o)        contiki-sky.a(etimer.o) (timer_set)
contiki-sky.a(ringbuf.o)      contiki-sky.a(uart1.o) (ringbuf_init)
contiki-sky.a(memb.o)         contiki-sky.a(lwb-g-rr.o) (memb_init)
contiki-sky.a(list.o)         contiki-sky.a(lwb-g-rr.o) (list_init)
contiki-sky.a(spi.o)          contiki-sky.a(xmem.o) (spi_init)
/usr/lib/gcc/msp430/4.6.3/mmpy-16/libgcc.a(_mulsi3.o)
                              contiki-sky.a(lwb-g-sync.o) (__mulsi3)
/usr/lib/gcc/msp430/4.6.3/mmpy-16/libgcc.a(_udivmod16.o)
                              contiki-sky.a(lwb-g-rr.o) (__udivhi3)
/usr/lib/gcc/msp430/4.6.3/mmpy-16/libgcc.a(_udivmod32.o)
                              lwb-test.co (__udivsi3)
/usr/lib/gcc/msp430/4.6.3/mmpy-16/libgcc.a(_divmod32.o)
                              contiki-sky.a(lwb-g-sync.o) (__divsi3)
/usr/lib/gcc/msp430/4.6.3/mmpy-16/libgcc.a(_fixunssfsi.o)
                              lwb-test.co (__fixunssfsi)
/usr/lib/gcc/msp430/4.6.3/mmpy-16/libgcc.a(_addsub_sf.o)
                              /usr/lib/gcc/msp430/4.6.3/mmpy-16/libgcc.a(_fixunssfsi.o) (__subsf3)
/usr/lib/gcc/msp430/4.6.3/mmpy-16/libgcc.a(_mul_sf.o)
                              lwb-test.co (__mulsf3)
/usr/lib/gcc/msp430/4.6.3/mmpy-16/libgcc.a(_div_sf.o)
                              lwb-test.co (__divsf3)
/usr/lib/gcc/msp430/4.6.3/mmpy-16/libgcc.a(_ge_sf.o)
                              /usr/lib/gcc/msp430/4.6.3/mmpy-16/libgcc.a(_fixunssfsi.o) (__gesf2)
/usr/lib/gcc/msp430/4.6.3/mmpy-16/libgcc.a(_sf_to_si.o)
                              /usr/lib/gcc/msp430/4.6.3/mmpy-16/libgcc.a(_fixunssfsi.o) (__fixsfsi)
/usr/lib/gcc/msp430/4.6.3/mmpy-16/libgcc.a(_thenan_sf.o)
                              /usr/lib/gcc/msp430/4.6.3/mmpy-16/libgcc.a(_addsub_sf.o) (__thenan_sf)
/usr/lib/gcc/msp430/4.6.3/mmpy-16/libgcc.a(_usi_to_sf.o)
                              lwb-test.co (__floatunsisf)
/usr/lib/gcc/msp430/4.6.3/mmpy-16/libgcc.a(_clzsi2.o)
                              /usr/lib/gcc/msp430/4.6.3/mmpy-16/libgcc.a(_usi_to_sf.o) (__clzsi2)
/usr/lib/gcc/msp430/4.6.3/mmpy-16/libgcc.a(_pack_sf.o)
                              /usr/lib/gcc/msp430/4.6.3/mmpy-16/libgcc.a(_addsub_sf.o) (__pack_f)
/usr/lib/gcc/msp430/4.6.3/mmpy-16/libgcc.a(_unpack_sf.o)
                              /usr/lib/gcc/msp430/4.6.3/mmpy-16/libgcc.a(_addsub_sf.o) (__unpack_f)
/usr/lib/gcc/msp430/4.6.3/mmpy-16/libgcc.a(_fpcmp_parts_sf.o)
                              /usr/lib/gcc/msp430/4.6.3/mmpy-16/libgcc.a(_ge_sf.o) (__fpcmp_parts_f)
/usr/lib/gcc/msp430/4.6.3/mmpy-16/libgcc.a(_clz.o)
                              /usr/lib/gcc/msp430/4.6.3/mmpy-16/libgcc.a(_clzsi2.o) (__clz_tab)
/usr/lib/gcc/msp430/4.6.3/../../../../msp430/lib/mmpy-16/libc.a(memcpy.o)
                              contiki-sky.a(watchdog.o) (memcpy)
/usr/lib/gcc/msp430/4.6.3/../../../../msp430/lib/mmpy-16/libc.a(malloc.o)
                              contiki-sky.a(glossy-arch.o) (malloc)
/usr/lib/gcc/msp430/4.6.3/../../../../msp430/lib/mmpy-16/libc.a(printf.o)
                              lwb-test.co (printf)
/usr/lib/gcc/msp430/4.6.3/../../../../msp430/lib/mmpy-16/libc.a(vuprintf.o)
                              /usr/lib/gcc/msp430/4.6.3/../../../../msp430/lib/mmpy-16/libc.a(printf.o) (vuprintf)
/usr/lib/gcc/msp430/4.6.3/../../../../msp430/lib/mmpy-16/libc.a(puts.o)
                              obj_sky/contiki-sky-main.o (puts)
/usr/lib/gcc/msp430/4.6.3/../../../../msp430/lib/mmpy-16/libc.a(rand.o)
                              lwb-test.co (rand)
/usr/lib/gcc/msp430/4.6.3/mmpy-16/libgcc.a(_udivmod64.o)
                              /usr/lib/gcc/msp430/4.6.3/../../../../msp430/lib/mmpy-16/libc.a(vuprintf.o) (__udivdi3)
/usr/lib/gcc/msp430/4.6.3/mmpy-16/libcrt0.a(_reset_vector__.o)
                              /usr/lib/gcc/msp430/4.6.3/mmpy-16/crt0ivtbl16.o (_reset_vector__)
/usr/lib/gcc/msp430/4.6.3/mmpy-16/libcrt0.a(__watchdog_support.o)
                              /usr/lib/gcc/msp430/4.6.3/mmpy-16/libcrt0.a(_reset_vector__.o) (__watchdog_support)
/usr/lib/gcc/msp430/4.6.3/mmpy-16/libcrt0.a(__init_stack.o)
                              /usr/lib/gcc/msp430/4.6.3/mmpy-16/libcrt0.a(_reset_vector__.o) (__init_stack)
/usr/lib/gcc/msp430/4.6.3/mmpy-16/libcrt0.a(__low_level_init.o)
                              /usr/lib/gcc/msp430/4.6.3/mmpy-16/libcrt0.a(_reset_vector__.o) (__low_level_init)
/usr/lib/gcc/msp430/4.6.3/mmpy-16/libcrt0.a(_copy_data.o)
                              /usr/lib/gcc/msp430/4.6.3/mmpy-16/libcrt0.a(_reset_vector__.o) (__do_copy_data)
/usr/lib/gcc/msp430/4.6.3/mmpy-16/libcrt0.a(_clear_bss.o)
                              /usr/lib/gcc/msp430/4.6.3/mmpy-16/libcrt0.a(_reset_vector__.o) (__do_clear_bss)
/usr/lib/gcc/msp430/4.6.3/mmpy-16/libcrt0.a(__stop_progExec__.o)
                              /usr/lib/gcc/msp430/4.6.3/mmpy-16/libcrt0.a(_reset_vector__.o) (__stop_progExec__)
/usr/lib/gcc/msp430/4.6.3/mmpy-16/libcrt0.a(_endless_loop__.o)
                              /usr/lib/gcc/msp430/4.6.3/mmpy-16/libcrt0.a(_reset_vector__.o) (_endless_loop__)
/usr/lib/gcc/msp430/4.6.3/mmpy-16/libcrt0.a(_unexpected_.o)
                              /usr/lib/gcc/msp430/4.6.3/mmpy-16/crt0ivtbl16.o (_unexpected_)

Allocating common symbols
Common symbol       size              file

energest_total_time
                    0x30              contiki-sky.a(energest.o)
energest_total_count
                    0x2               contiki-sky.a(energest.o)
energest_current_mode
                    0xc               contiki-sky.a(energest.o)
n_curr_streams      0x1               contiki-sky.a(lwb-scheduler.o)
process_maxevents   0x1               contiki-sky.a(process.o)
curr_sched_streams  0x78              contiki-sky.a(lwb-scheduler.o)
energest_current_time
                    0x18              contiki-sky.a(energest.o)
lwb_context         0x248             contiki-sky.a(lwb.o)
ds2411_id           0x8               contiki-sky.a(ds2411.o)

Memory Configuration

Name             Origin             Length             Attributes
sfr              0x00000000         0x00000010
peripheral_8bit  0x00000010         0x000000f0
peripheral_16bit 0x00000100         0x00000100
ram_mirror       0x00000200         0x00000800         xw
infomem          0x00001000         0x00000100
infob            0x00001000         0x00000080
infoa            0x00001080         0x00000080
ram              0x00001100         0x00002800         xw
rom              0x00004000         0x0000bfe0         xr
vectors          0x0000ffe0         0x00000020
bsl              0x00000000         0x00000000
infoc            0x00000000         0x00000000
infod            0x00000000         0x00000000
ram2             0x00000000         0x00000000         xw
usbram           0x00000000         0x00000000         xw
far_rom          0x00000000         0x00000000
*default*        0x00000000         0xffffffff

Linker script and memory map

LOAD /usr/lib/gcc/msp430/4.6.3/mmpy-16/crt0ivtbl16.o
LOAD lwb-test.co
LOAD obj_sky/lwb-print.o
LOAD obj_sky/contiki-sky-main.o
LOAD contiki-sky.a
LOAD /usr/lib/gcc/msp430/4.6.3/mmpy-16/libgcc.a
LOAD /usr/lib/gcc/msp430/4.6.3/../../../../msp430/lib/mmpy-16/libc.a
LOAD /usr/lib/gcc/msp430/4.6.3/mmpy-16/libgcc.a
LOAD /usr/lib/gcc/msp430/4.6.3/mmpy-16/libcrt0.a
                0x00000080                PROVIDE (__info_segment_size, 0x80)
                0x00001000                PROVIDE (__infob, 0x1000)
                0x00001080                PROVIDE (__infoa, 0x1080)
                0x00000000                __IE1 = 0x0
                0x00000002                __IFG1 = 0x2
                0x00000004                __ME1 = 0x4
                0x00000001                __IE2 = 0x1
                0x00000003                __IFG2 = 0x3
                0x00000005                __ME2 = 0x5
                0x00000120                __WDTCTL = 0x120
                0x00000130                __MPY = 0x130
                0x00000132                __MPYS = 0x132
                0x00000134                __MAC = 0x134
                0x00000136                __MACS = 0x136
                0x00000138                __OP2 = 0x138
                0x0000013a                __RESLO = 0x13a
                0x0000013c                __RESHI = 0x13c
                0x0000013e                __SUMEXT = 0x13e
                0x00000020                __P1IN = 0x20
                0x00000021                __P1OUT = 0x21
                0x00000022                __P1DIR = 0x22
                0x00000023                __P1IFG = 0x23
                0x00000024                __P1IES = 0x24
                0x00000025                __P1IE = 0x25
                0x00000026                __P1SEL = 0x26
                0x00000028                __P2IN = 0x28
                0x00000029                __P2OUT = 0x29
                0x0000002a                __P2DIR = 0x2a
                0x0000002b                __P2IFG = 0x2b
                0x0000002c                __P2IES = 0x2c
                0x0000002d                __P2IE = 0x2d
                0x0000002e                __P2SEL = 0x2e
                0x00000018                __P3IN = 0x18
                0x00000019                __P3OUT = 0x19
                0x0000001a                __P3DIR = 0x1a
                0x0000001b                __P3SEL = 0x1b
                0x0000001c                __P4IN = 0x1c
                0x0000001d                __P4OUT = 0x1d
                0x0000001e                __P4DIR = 0x1e
                0x0000001f                __P4SEL = 0x1f
                0x00000030                __P5IN = 0x30
                0x00000031                __P5OUT = 0x31
                0x00000032                __P5DIR = 0x32
                0x00000033                __P5SEL = 0x33
                0x00000034                __P6IN = 0x34
                0x00000035                __P6OUT = 0x35
                0x00000036                __P6DIR = 0x36
                0x00000037                __P6SEL = 0x37
                0x00000070                __U0CTL = 0x70
                0x00000071                __U0TCTL = 0x71
                0x00000072                __U0RCTL = 0x72
                0x00000073                __U0MCTL = 0x73
                0x00000074                __U0BR0 = 0x74
                0x00000075                __U0BR1 = 0x75
                0x00000076                __U0RXBUF = 0x76
                0x00000077                __U0TXBUF = 0x77
                0x00000078                __U1CTL = 0x78
                0x00000079                __U1TCTL = 0x79
                0x0000007a                __U1RCTL = 0x7a
                0x0000007b                __U1MCTL = 0x7b
                0x0000007c                __U1BR0 = 0x7c
                0x0000007d                __U1BR1 = 0x7d
                0x0000007e                __U1RXBUF = 0x7e
                0x0000007f                __U1TXBUF = 0x7f
                0x00000050                __I2CIE = 0x50
                0x00000051                __I2CIFG = 0x51
                0x00000052                __I2CNDAT = 0x52
                0x00000071                __I2CTCTL = 0x71
                0x00000072                __I2CDCTL = 0x72
                0x00000073                __I2CPSC = 0x73
                0x00000074                __I2CSCLH = 0x74
                0x00000075                __I2CSCLL = 0x75
                0x00000076                __I2CDRB = 0x76
                0x00000076                __I2CDRW = 0x76
                0x00000118                __I2COA = 0x118
                0x0000011a                __I2CSA = 0x11a
                0x0000011c                __I2CIV = 0x11c
                0x0000012e                __TAIV = 0x12e
                0x00000160                __TACTL = 0x160
                0x00000162                __TACCTL0 = 0x162
                0x00000164                __TACCTL1 = 0x164
                0x00000166                __TACCTL2 = 0x166
                0x00000170                __TAR = 0x170
                0x00000172                __TACCR0 = 0x172
                0x00000174                __TACCR1 = 0x174
                0x00000176                __TACCR2 = 0x176
                0x0000011e                __TBIV = 0x11e
                0x00000180                __TBCTL = 0x180
                0x00000182                __TBCCTL0 = 0x182
                0x00000184                __TBCCTL1 = 0x184
                0x00000186                __TBCCTL2 = 0x186
                0x00000188                __TBCCTL3 = 0x188
                0x0000018a                __TBCCTL4 = 0x18a
                0x0000018c                __TBCCTL5 = 0x18c
                0x0000018e                __TBCCTL6 = 0x18e
                0x00000190                __TBR = 0x190
                0x00000192                __TBCCR0 = 0x192
                0x00000194                __TBCCR1 = 0x194
                0x00000196                __TBCCR2 = 0x196
                0x00000198                __TBCCR3 = 0x198
                0x0000019a                __TBCCR4 = 0x19a
                0x0000019c                __TBCCR5 = 0x19c
                0x0000019e                __TBCCR6 = 0x19e
                0x00000056                __DCOCTL = 0x56
                0x00000057                __BCSCTL1 = 0x57
                0x00000058                __BCSCTL2 = 0x58
                0x00000055                __SVSCTL = 0x55
                0x00000128                __FCTL1 = 0x128
                0x0000012a                __FCTL2 = 0x12a
                0x0000012c                __FCTL3 = 0x12c
                0x00000059                __CACTL1 = 0x59
                0x0000005a                __CACTL2 = 0x5a
                0x0000005b                __CAPD = 0x5b
                0x000001a0                __ADC12CTL0 = 0x1a0
                0x000001a2                __ADC12CTL1 = 0x1a2
                0x000001a4                __ADC12IFG = 0x1a4
                0x000001a6                __ADC12IE = 0x1a6
                0x000001a8                __ADC12IV = 0x1a8
                0x00000140                __ADC12MEM0 = 0x140
                0x00000142                __ADC12MEM1 = 0x142
                0x00000144                __ADC12MEM2 = 0x144
                0x00000146                __ADC12MEM3 = 0x146
                0x00000148                __ADC12MEM4 = 0x148
                0x0000014a                __ADC12MEM5 = 0x14a
                0x0000014c                __ADC12MEM6 = 0x14c
                0x0000014e                __ADC12MEM7 = 0x14e
                0x00000150                __ADC12MEM8 = 0x150
                0x00000152                __ADC12MEM9 = 0x152
                0x00000154                __ADC12MEM10 = 0x154
                0x00000156                __ADC12MEM11 = 0x156
                0x00000158                __ADC12MEM12 = 0x158
                0x0000015a                __ADC12MEM13 = 0x15a
                0x0000015c                __ADC12MEM14 = 0x15c
                0x0000015e                __ADC12MEM15 = 0x15e
                0x00000080                __ADC12MCTL0 = 0x80
                0x00000081                __ADC12MCTL1 = 0x81
                0x00000082                __ADC12MCTL2 = 0x82
                0x00000083                __ADC12MCTL3 = 0x83
                0x00000084                __ADC12MCTL4 = 0x84
                0x00000085                __ADC12MCTL5 = 0x85
                0x00000086                __ADC12MCTL6 = 0x86
                0x00000087                __ADC12MCTL7 = 0x87
                0x00000088                __ADC12MCTL8 = 0x88
                0x00000089                __ADC12MCTL9 = 0x89
                0x0000008a                __ADC12MCTL10 = 0x8a
                0x0000008b                __ADC12MCTL11 = 0x8b
                0x0000008c                __ADC12MCTL12 = 0x8c
                0x0000008d                __ADC12MCTL13 = 0x8d
                0x0000008e                __ADC12MCTL14 = 0x8e
                0x0000008f                __ADC12MCTL15 = 0x8f
                0x000001c0                __DAC12_0CTL = 0x1c0
                0x000001c2                __DAC12_1CTL = 0x1c2
                0x000001c8                __DAC12_0DAT = 0x1c8
                0x000001ca                __DAC12_1DAT = 0x1ca
                0x00000122                __DMACTL0 = 0x122
                0x00000124                __DMACTL1 = 0x124
                0x000001e0                __DMA0CTL = 0x1e0
                0x000001e8                __DMA1CTL = 0x1e8
                0x000001f0                __DMA2CTL = 0x1f0
                0x000001e2                __DMA0SA = 0x1e2
                0x000001e4                __DMA0DA = 0x1e4
                0x000001e6                __DMA0SZ = 0x1e6
                0x000001ea                __DMA1SA = 0x1ea
                0x000001ec                __DMA1DA = 0x1ec
                0x000001ee                __DMA1SZ = 0x1ee
                0x000001f2                __DMA2SA = 0x1f2
                0x000001f4                __DMA2DA = 0x1f4
                0x000001f6                __DMA2SZ = 0x1f6

.hash
 *(.hash)

.dynsym
 *(.dynsym)

.dynstr
 *(.dynstr)

.gnu.version
 *(.gnu.version)

.gnu.version_d
 *(.gnu.version_d)

.gnu.version_r
 *(.gnu.version_r)

.rel.init
 *(.rel.init)

.rela.init
 *(.rela.init)

.rel.fini
 *(.rel.fini)

.rela.fini
 *(.rela.fini)

.rel.text
 *(.rel.text .rel.text.* .rel.gnu.linkonce.t.*)

.rela.text
 *(.rela.text .rela.text.* .rela.gnu.linkonce.t.*)

.rel.rodata
 *(.rel.rodata .rel.rodata.* .rel.gnu.linkonce.r.*)

.rela.rodata
 *(.rela.rodata .rela.rodata.* .rela.gnu.linkonce.r.*)

.rel.data
 *(.rel.data .rel.data.* .rel.gnu.linkonce.d.*)

.rela.data
 *(.rela.data .rela.data.* .rela.gnu.linkonce.d.*)

.rel.bss
 *(.rel.bss .rel.bss.* .rel.gnu.linkonce.b.*)

.rela.bss
 *(.rela.bss .rela.bss.* .rela.gnu.linkonce.b.*)

.rel.ctors
 *(.rel.ctors)

.rela.ctors
 *(.rela.ctors)

.rel.dtors
 *(.rel.dtors)

.rela.dtors
 *(.rela.dtors)

.rel.got
 *(.rel.got)

.rela.got
 *(.rela.got)

.rel.plt
 *(.rel.plt)

.rela.plt
 *(.rela.plt)

.text           0x00004000     0x63b2
                0x00004000                . = ALIGN (0x2)
 *(.init .init.*)
 *(.init0)
 .init0         0x00004000        0x0 /usr/lib/gcc/msp430/4.6.3/mmpy-16/libcrt0.a(_reset_vector__.o)
                0x00004000                _reset_vector__
 *(.init1)
 .init1         0x00004000        0xc /usr/lib/gcc/msp430/4.6.3/mmpy-16/libcrt0.a(__watchdog_support.o)
                0x00004000                __watchdog_support
 *(.init2)
 .init2         0x0000400c        0x4 /usr/lib/gcc/msp430/4.6.3/mmpy-16/libcrt0.a(__init_stack.o)
                0x0000400c                __init_stack
 *(.init3)
 .init3         0x00004010        0x0 /usr/lib/gcc/msp430/4.6.3/mmpy-16/libcrt0.a(__low_level_init.o)
                0x00004010                __low_level_init
 *(.init4)
 .init4         0x00004010       0x18 /usr/lib/gcc/msp430/4.6.3/mmpy-16/libcrt0.a(_copy_data.o)
                0x00004010                __do_copy_data
 .init4         0x00004028       0x16 /usr/lib/gcc/msp430/4.6.3/mmpy-16/libcrt0.a(_clear_bss.o)
                0x00004028                __do_clear_bss
 *(.init5)
 *(.init6)
 *(.init7)
 *(.init8)
 *(.init9)
 .init9         0x0000403e      0x19c obj_sky/contiki-sky-main.o
                0x0000403e                main
 *(.fini9)
 .fini9         0x000041da        0x0 /usr/lib/gcc/msp430/4.6.3/mmpy-16/libcrt0.a(__stop_progExec__.o)
                0x000041da                __stop_progExec__
 *(.fini8)
 *(.fini7)
 *(.fini6)
 *(.fini5)
 *(.fini4)
 *(.fini3)
 *(.fini2)
 *(.fini1)
 *(.fini0)
 .fini0         0x000041da        0x6 /usr/lib/gcc/msp430/4.6.3/mmpy-16/libcrt0.a(_endless_loop__.o)
                0x000041da                _endless_loop__
 *(.fini .fini.*)
                0x000041e0                . = ALIGN (0x2)
                0x000041e0                __ctors_start = .
 *(.ctors)
                0x000041e0                __ctors_end = .
                0x000041e0                __dtors_start = .
 *(.dtors)
                0x000041e0                __dtors_end = .
                0x000041e0                . = ALIGN (0x2)
 *(.text .text.* .gnu.linkonce.t.*)
 .text          0x000041e0        0x4 /usr/lib/gcc/msp430/4.6.3/mmpy-16/crt0ivtbl16.o
                0x000041e0                __isr_14
                0x000041e0                __isr_4
                0x000041e0                __isr_11
                0x000041e0                __isr_7
                0x000041e0                __isr_0
                0x000041e0                __isr_8
                0x000041e0                __isr_13
                0x000041e0                __isr_9
                0x000041e0                __isr_1
 .text.crt0     0x000041e4        0x0 /usr/lib/gcc/msp430/4.6.3/mmpy-16/crt0ivtbl16.o
 .text          0x000041e4      0x2a6 lwb-test.co
                0x000041e4                on_schedule_end
                0x000041e6                on_data
                0x000042f8                send_stream_mod
 .text          0x0000448a       0xe6 obj_sky/lwb-print.o
                0x0000448a                lwb_print_stats
 .text          0x00004570        0x0 obj_sky/contiki-sky-main.o
 .text          0x00004570      0x29e contiki-sky.a(process.o)
                0x0000466c                process_alloc_event
                0x0000467a                process_exit
                0x00004684                process_init
                0x000046a0                process_run
                0x00004742                process_nevents
                0x00004750                process_post
                0x000047a4                process_post_synch
                0x000047b6                process_start
                0x000047e8                process_poll
                0x00004800                process_is_running
 .text          0x0000480e       0x2a contiki-sky.a(autostart.o)
                0x0000480e                autostart_start
                0x00004824                autostart_exit
 .text          0x00004838      0x25a contiki-sky.a(etimer.o)
                0x000048b0                etimer_request_poll
                0x000049ba                etimer_set
                0x000049cc                etimer_reset
                0x000049de                etimer_restart
                0x000049f0                etimer_adjust
                0x00004a0a                etimer_expired
                0x00004a18                etimer_expiration_time
                0x00004a2c                etimer_start_time
                0x00004a34                etimer_pending
                0x00004a40                etimer_next_expiration_time
                0x00004a56                etimer_stop
 .text          0x00004a92       0xba contiki-sky.a(energest.o)
                0x00004a92                energest_init
                0x00004aba                energest_type_time
                0x00004afc                energest_leveldevice_leveltime
                0x00004b02                energest_type_set
                0x00004b10                energest_flush
 .text          0x00004b4c       0xc6 contiki-sky.a(rtimer.o)
                0x00004b4c                rtimer_init
                0x00004b52                rtimer_set
                0x00004b7a                rtimer_set_long
                0x00004bd8                rtimer_run_next
 .text          0x00004c12        0xc contiki-sky.a(random.o)
                0x00004c12                random_init
                0x00004c18                random_rand
 .text          0x00004c1e      0x124 contiki-sky.a(lwb.o)
                0x00004c7e                lwb_init
                0x00004d0a                lwb_queue_packet
                0x00004d10                lwb_request_stream_add
                0x00004d16                lwb_request_stream_del
                0x00004d1c                lwb_request_stream_mod
                0x00004d22                lwb_get_n_my_slots
                0x00004d28                lwb_get_joining_state
                0x00004d2e                lwb_get_host_time
                0x00004d38                lwb_get_skew
 .text          0x00004d42      0x59c contiki-sky.a(lwb-g-sync.o)
                0x00004d42                lwb_g_sync_source
                0x000051c8                lwb_g_sync_host
                0x000052d4                lwb_save_ctrl_energest
                0x000052d6                lwb_update_ctrl_energest
                0x000052d8                lwb_g_sync_init
 .text          0x000052de      0xec8 contiki-sky.a(lwb-g-rr.o)
                0x00005530                lwb_g_rr_source
                0x00005a9e                lwb_g_rr_host
                0x00005fae                lwb_g_rr_init
                0x00005fe8                lwb_g_rr_queue_packet
                0x0000605c                lwb_g_rr_data_output
                0x000060b2                lwb_g_rr_stream_add
                0x0000611a                lwb_g_rr_stream_del
                0x00006150                lwb_g_rr_stream_mod
 .text          0x000061a6      0x436 contiki-sky.a(lwb-scheduler.o)
                0x000062d8                lwb_sched_init
                0x00006302                lwb_sched_compute_schedule
                0x00006510                lwb_sched_process_stream_req
                0x0000654c                lwb_sched_update_data_slot_usage
                0x00006576                lwb_sched_update_qlen
                0x00006594                lwb_sched_print
 .text          0x000065dc      0x2d8 contiki-sky.a(lwb-sched-compr)
                0x000065dc                lwb_sched_compress
                0x00006786                lwb_sched_decompress
 .text          0x000068b4      0xc86 contiki-sky.a(glossy-arch.o)
                0x00006b2c                glossy_stop
                0x00006b9a                glossy_reset
                0x00006bde                get_rx_cnt
                0x00006be4                get_tx_cnt
                0x00006bea                get_relay_cnt
                0x00006bf0                get_T_slot_h
                0x00006bf6                is_t_ref_l_updated
                0x00006bfc                get_t_first_rx_l
                0x00006c02                get_t_ref_l
                0x00006c08                set_t_ref_l
                0x00006c0e                set_t_ref_l_updated
                0x00006c14                get_state
                0x00006c1a                get_data_len
                0x00006c20                get_header
                0x00006c26                glossy_end_rx
                0x00006e6a                glossy_begin_tx
                0x00006f72                glossy_end_tx
                0x00006fd6                glossy_schedule_rx_timeout
                0x00006fe4                glossy_begin_rx
                0x000071ac                glossy_stop_rx_timeout
                0x000071b2                glossy_schedule_initiator_timeout
                0x0000723e                glossy_start
                0x000073c4                timerb1_interrupt
                0x000073c4                __isr_12
                0x00007534                glossy_stop_initiator_timeout
 .text          0x0000753a      0x192 contiki-sky.a(msp430.o)
                0x0000753a                w_memcpy
                0x0000754c                w_memset
                0x0000755e                msp430_init_dco
                0x000075e2                msp430_cpu_init
                0x00007608                sbrk
                0x00007662                splhigh_
                0x0000766a                splx_
                0x0000766e                msp430_sync_dco
 .text          0x000076cc      0x15c contiki-sky.a(leds.o)
                0x0000777c                leds_init
                0x0000778a                leds_get
                0x00007790                leds_on
                0x000077a4                leds_off
                0x000077b8                leds_invert
                0x000077c2                leds_toggle
                0x000077c8                leds_blink
                0x000077ec                leds_green
                0x00007800                leds_yellow
                0x00007814                leds_red
 .text          0x00007828      0x154 contiki-sky.a(watchdog.o)
                0x0000789c                __isr_10
                0x0000789c                watchdog_interrupt
                0x0000792a                watchdog_start
                0x0000793e                watchdog_periodic
                0x00007956                watchdog_stop
                0x00007962                watchdog_init
                0x00007976                watchdog_reboot
 .text          0x0000797c      0x37a contiki-sky.a(xmem.o)
                0x000079ec                xmem_init
                0x00007a2a                xmem_pread
                0x00007b02                xmem_pwrite
                0x00007c40                xmem_erase
 .text          0x00007cf6      0x40e contiki-sky.a(cc2420.o)
                0x00007d12                cc2420_init
                0x00007ffa                cc2420_set_channel
                0x0000805e                cc2420_set_tx_power
 .text          0x00008104       0x6e contiki-sky.a(node-id.o)
                0x00008104                node_id_restore
                0x0000813c                node_id_burn
 .text          0x00008172      0x1b2 contiki-sky.a(uart1.o)
                0x00008172                uart1_active
                0x0000818a                uart1_set_input
                0x00008190                uart1_writeb
                0x000081c2                uart1_init
                0x000082a0                uart1_rx_interrupt
                0x000082a0                __isr_3
                0x000082f4                __isr_2
                0x000082f4                uart1_tx_interrupt
 .text          0x00008324      0x174 contiki-sky.a(ds2411.o)
                0x00008376                ds2411_init
 .text          0x00008498      0x1b2 contiki-sky.a(clock.o)
                0x00008498                etimer_interrupt
                0x0000850a                __isr_5
                0x0000850a                timera1
                0x0000857a                clock_time
                0x00008594                clock_set
                0x000085aa                clock_fine_max
                0x000085b0                clock_fine
                0x000085ba                clock_init
                0x000085e2                clock_delay
                0x000085e8                clock_wait
                0x00008628                clock_set_seconds
                0x0000862a                clock_seconds
                0x00008644                clock_counter
 .text          0x0000864a       0x7c contiki-sky.a(leds-arch.o)
                0x0000864a                leds_arch_init
                0x00008658                leds_arch_get
                0x0000868c                leds_arch_set
 .text          0x000086c6       0x10 contiki-sky.a(uart1-putchar.o)
                0x000086c6                putchar
 .text          0x000086d6       0x3c contiki-sky.a(rtimer-arch.o)
                0x000086d6                __isr_6
                0x000086d6                timera0
                0x000086f2                rtimer_arch_init
                0x00008700                rtimer_arch_schedule
 .text          0x00008712       0x90 contiki-sky.a(timer.o)
                0x00008712                timer_set
                0x0000872e                timer_reset
                0x0000873c                timer_restart
                0x00008750                timer_expired
                0x0000877a                timer_remaining
 .text          0x000087a2       0x98 contiki-sky.a(ringbuf.o)
                0x000087a2                ringbuf_init
                0x000087b6                ringbuf_put
                0x000087ee                ringbuf_get
                0x00008820                ringbuf_size
                0x00008828                ringbuf_elements
 .text          0x0000883a       0xdc contiki-sky.a(memb.o)
                0x0000883a                memb_init
                0x00008870                memb_alloc
                0x000088ae                memb_free
                0x000088e8                memb_inmemb
 .text          0x00008916       0xfe contiki-sky.a(list.o)
                0x00008916                list_init
                0x0000891c                list_head
                0x00008920                list_copy
                0x00008926                list_tail
                0x00008938                list_chop
                0x0000895c                list_pop
                0x0000896a                list_remove
                0x0000899e                list_push
                0x000089b8                list_add
                0x000089e2                list_length
                0x000089f2                list_insert
                0x00008a08                list_item_next
 .text          0x00008a14       0x32 contiki-sky.a(spi.o)
                0x00008a14                spi_init
 .text          0x00008a46        0x0 /usr/lib/gcc/msp430/4.6.3/mmpy-16/libgcc.a(_mulsi3.o)
 .text.libgcc   0x00008a46       0x2c /usr/lib/gcc/msp430/4.6.3/mmpy-16/libgcc.a(_mulsi3.o)
                0x00008a46                __mulsi3
 .text          0x00008a72        0x0 /usr/lib/gcc/msp430/4.6.3/mmpy-16/libgcc.a(_udivmod16.o)
 .text.libgcc   0x00008a72       0x22 /usr/lib/gcc/msp430/4.6.3/mmpy-16/libgcc.a(_udivmod16.o)
                0x00008a72                __udivhi3
                0x00008a72                __ext_udivmod16
                0x00008a8c                __umodhi3
 .text          0x00008a94        0x0 /usr/lib/gcc/msp430/4.6.3/mmpy-16/libgcc.a(_udivmod32.o)
 .text.libgcc   0x00008a94       0x40 /usr/lib/gcc/msp430/4.6.3/mmpy-16/libgcc.a(_udivmod32.o)
                0x00008a94                __udivsi3
                0x00008a94                __ext_udivmod32
                0x00008aca                __umodsi3
 .text          0x00008ad4        0x0 /usr/lib/gcc/msp430/4.6.3/mmpy-16/libgcc.a(_divmod32.o)
 .text.libgcc   0x00008ad4       0x4c /usr/lib/gcc/msp430/4.6.3/mmpy-16/libgcc.a(_divmod32.o)
                0x00008ad4                __ext_divmod32
                0x00008ad4                __divsi3
                0x00008b16                __modsi3
 .text          0x00008b20       0x42 /usr/lib/gcc/msp430/4.6.3/mmpy-16/libgcc.a(_fixunssfsi.o)
                0x00008b20                __fixunssfsi
 .text          0x00008b62      0x32e /usr/lib/gcc/msp430/4.6.3/mmpy-16/libgcc.a(_addsub_sf.o)
                0x00008df4                __addsf3
                0x00008e40                __subsf3
 .text          0x00008e90      0x224 /usr/lib/gcc/msp430/4.6.3/mmpy-16/libgcc.a(_mul_sf.o)
                0x00008e90                __mulsf3
 .text          0x000090b4      0x150 /usr/lib/gcc/msp430/4.6.3/mmpy-16/libgcc.a(_div_sf.o)
                0x000090b4                __divsf3
 .text          0x00009204       0x50 /usr/lib/gcc/msp430/4.6.3/mmpy-16/libgcc.a(_ge_sf.o)
                0x00009204                __gesf2
 .text          0x00009254       0x90 /usr/lib/gcc/msp430/4.6.3/mmpy-16/libgcc.a(_sf_to_si.o)
                0x00009254                __fixsfsi
 .text          0x000092e4        0x0 /usr/lib/gcc/msp430/4.6.3/mmpy-16/libgcc.a(_thenan_sf.o)
 .text          0x000092e4       0xe2 /usr/lib/gcc/msp430/4.6.3/mmpy-16/libgcc.a(_usi_to_sf.o)
                0x000092e4                __floatunsisf
 .text          0x000093c6       0x72 /usr/lib/gcc/msp430/4.6.3/mmpy-16/libgcc.a(_clzsi2.o)
                0x000093c6                __clzsi2
 .text          0x00009438      0x1de /usr/lib/gcc/msp430/4.6.3/mmpy-16/libgcc.a(_pack_sf.o)
                0x00009438                __pack_f
 .text          0x00009616      0x124 /usr/lib/gcc/msp430/4.6.3/mmpy-16/libgcc.a(_unpack_sf.o)
                0x00009616                __unpack_f
 .text          0x0000973a       0xa4 /usr/lib/gcc/msp430/4.6.3/mmpy-16/libgcc.a(_fpcmp_parts_sf.o)
                0x0000973a                __fpcmp_parts_f
 .text          0x000097de        0x0 /usr/lib/gcc/msp430/4.6.3/mmpy-16/libgcc.a(_clz.o)
 .text          0x000097de       0xfa /usr/lib/gcc/msp430/4.6.3/../../../../msp430/lib/mmpy-16/libc.a(memcpy.o)
                0x000097de                memcpy
 .text          0x000098d8      0x114 /usr/lib/gcc/msp430/4.6.3/../../../../msp430/lib/mmpy-16/libc.a(malloc.o)
                0x000098d8                malloc
                0x000099e4                free
 .text          0x000099ec       0x1e /usr/lib/gcc/msp430/4.6.3/../../../../msp430/lib/mmpy-16/libc.a(printf.o)
                0x000099ec                printf
                0x000099fc                vprintf
 .text          0x00009a0a      0x836 /usr/lib/gcc/msp430/4.6.3/../../../../msp430/lib/mmpy-16/libc.a(vuprintf.o)
                0x00009ba2                vuprintf
 .text          0x0000a240       0x2c /usr/lib/gcc/msp430/4.6.3/../../../../msp430/lib/mmpy-16/libc.a(puts.o)
                0x0000a240                puts
 .text          0x0000a26c       0x54 /usr/lib/gcc/msp430/4.6.3/../../../../msp430/lib/mmpy-16/libc.a(rand.o)
                0x0000a26c                rand_r
                0x0000a290                rand
                0x0000a2b6                srand
 .text          0x0000a2c0        0x0 /usr/lib/gcc/msp430/4.6.3/mmpy-16/libgcc.a(_udivmod64.o)
 .text.libgcc   0x0000a2c0       0xf0 /usr/lib/gcc/msp430/4.6.3/mmpy-16/libgcc.a(_udivmod64.o)
                0x0000a2c0                __xabi_udivmod64
                0x0000a31e                __udivdi3
                0x0000a344                __umoddi3
                0x0000a372                __udivmoddi4
 .text          0x0000a3b0        0x0 /usr/lib/gcc/msp430/4.6.3/mmpy-16/libcrt0.a(_reset_vector__.o)
 .text          0x0000a3b0        0x0 /usr/lib/gcc/msp430/4.6.3/mmpy-16/libcrt0.a(__watchdog_support.o)
 .text          0x0000a3b0        0x0 /usr/lib/gcc/msp430/4.6.3/mmpy-16/libcrt0.a(__init_stack.o)
 .text          0x0000a3b0        0x0 /usr/lib/gcc/msp430/4.6.3/mmpy-16/libcrt0.a(__low_level_init.o)
 .text          0x0000a3b0        0x0 /usr/lib/gcc/msp430/4.6.3/mmpy-16/libcrt0.a(_copy_data.o)
 .text          0x0000a3b0        0x0 /usr/lib/gcc/msp430/4.6.3/mmpy-16/libcrt0.a(_clear_bss.o)
 .text          0x0000a3b0        0x0 /usr/lib/gcc/msp430/4.6.3/mmpy-16/libcrt0.a(__stop_progExec__.o)
 .text          0x0000a3b0        0x0 /usr/lib/gcc/msp430/4.6.3/mmpy-16/libcrt0.a(_endless_loop__.o)
 .text          0x0000a3b0        0x0 /usr/lib/gcc/msp430/4.6.3/mmpy-16/libcrt0.a(_unexpected_.o)
 .text.crt0     0x0000a3b0        0x2 /usr/lib/gcc/msp430/4.6.3/mmpy-16/libcrt0.a(_unexpected_.o)
                0x0000a3b0                _unexpected_
                0x0000a3b2                . = ALIGN (0x2)

.rodata         0x0000a3b2      0x2d8
                0x0000a3b2                . = ALIGN (0x2)
 *(.rodata .rodata.* .gnu.linkonce.r.*)
 .rodata        0x0000a3b2       0x50 lwb-test.co
                0x0000a3f4                autostart_processes
 .rodata        0x0000a402       0xb3 obj_sky/lwb-print.o
 .rodata        0x0000a4b5       0x50 obj_sky/contiki-sky-main.o
 .rodata        0x0000a505        0xc contiki-sky.a(etimer.o)
 .rodata        0x0000a511        0x9 contiki-sky.a(lwb.o)
 .rodata        0x0000a51a        0xa contiki-sky.a(lwb-g-sync.o)
 .rodata        0x0000a524        0xb contiki-sky.a(lwb-scheduler.o)
 .rodata        0x0000a52f       0x1c contiki-sky.a(glossy-arch.o)
 .rodata        0x0000a54b       0x2f contiki-sky.a(watchdog.o)
 .rodata        0x0000a57a        0x8 /usr/lib/gcc/msp430/4.6.3/mmpy-16/libgcc.a(_thenan_sf.o)
                0x0000a57a                __thenan_sf
 .rodata        0x0000a582      0x100 /usr/lib/gcc/msp430/4.6.3/mmpy-16/libgcc.a(_clz.o)
                0x0000a582                __clz_tab
 .rodata        0x0000a682        0x7 /usr/lib/gcc/msp430/4.6.3/../../../../msp430/lib/mmpy-16/libc.a(vuprintf.o)
                0x0000a68a                . = ALIGN (0x2)
 *fill*         0x0000a689        0x1 00
                0x0000a68a                _etext = .

.data           0x00001100       0x54 load address 0x0000a68a
                0x00001100                . = ALIGN (0x2)
                0x00001100                PROVIDE (__data_start, .)
 *(.data .data.* .gnu.linkonce.d.*)
 .data          0x00001100        0x0 /usr/lib/gcc/msp430/4.6.3/mmpy-16/crt0ivtbl16.o
 .data          0x00001100        0xe lwb-test.co
                0x00001100                lwb_callbacks
                0x00001104                lwb_test_process
 .data          0x0000110e        0x0 obj_sky/lwb-print.o
 .data          0x0000110e        0x0 obj_sky/contiki-sky-main.o
 .data          0x0000110e        0x0 contiki-sky.a(process.o)
 .data          0x0000110e        0x0 contiki-sky.a(autostart.o)
 .data          0x0000110e        0xa contiki-sky.a(etimer.o)
                0x0000110e                etimer_process
 .data          0x00001118        0x0 contiki-sky.a(energest.o)
 .data          0x00001118        0x0 contiki-sky.a(rtimer.o)
 .data          0x00001118        0x0 contiki-sky.a(random.o)
 .data          0x00001118        0xa contiki-sky.a(lwb.o)
                0x00001118                lwb_main_process
 .data          0x00001122        0x0 contiki-sky.a(lwb-g-sync.o)
 .data          0x00001122       0x12 contiki-sky.a(lwb-g-rr.o)
 .data          0x00001134       0x10 contiki-sky.a(lwb-scheduler.o)
 .data          0x00001144        0x0 contiki-sky.a(lwb-sched-compr)
 .data          0x00001144        0xa contiki-sky.a(glossy-arch.o)
                0x00001144                glossy_process
 .data          0x0000114e        0x2 contiki-sky.a(msp430.o)
 .data          0x00001150        0x0 contiki-sky.a(leds.o)
 .data          0x00001150        0x0 contiki-sky.a(watchdog.o)
 .data          0x00001150        0x0 contiki-sky.a(xmem.o)
 .data          0x00001150        0x0 contiki-sky.a(cc2420.o)
 .data          0x00001150        0x0 contiki-sky.a(node-id.o)
 .data          0x00001150        0x0 contiki-sky.a(uart1.o)
 .data          0x00001150        0x0 contiki-sky.a(ds2411.o)
 .data          0x00001150        0x0 contiki-sky.a(clock.o)
 .data          0x00001150        0x0 contiki-sky.a(leds-arch.o)
 .data          0x00001150        0x0 contiki-sky.a(uart1-putchar.o)
 .data          0x00001150        0x0 contiki-sky.a(rtimer-arch.o)
 .data          0x00001150        0x0 contiki-sky.a(timer.o)
 .data          0x00001150        0x0 contiki-sky.a(ringbuf.o)
 .data          0x00001150        0x0 contiki-sky.a(memb.o)
 .data          0x00001150        0x0 contiki-sky.a(list.o)
 .data          0x00001150        0x0 contiki-sky.a(spi.o)
 .data          0x00001150        0x0 /usr/lib/gcc/msp430/4.6.3/mmpy-16/libgcc.a(_mulsi3.o)
 .data          0x00001150        0x0 /usr/lib/gcc/msp430/4.6.3/mmpy-16/libgcc.a(_udivmod16.o)
 .data          0x00001150        0x0 /usr/lib/gcc/msp430/4.6.3/mmpy-16/libgcc.a(_udivmod32.o)
 .data          0x00001150        0x0 /usr/lib/gcc/msp430/4.6.3/mmpy-16/libgcc.a(_divmod32.o)
 .data          0x00001150        0x0 /usr/lib/gcc/msp430/4.6.3/mmpy-16/libgcc.a(_fixunssfsi.o)
 .data          0x00001150        0x0 /usr/lib/gcc/msp430/4.6.3/mmpy-16/libgcc.a(_addsub_sf.o)
 .data          0x00001150        0x0 /usr/lib/gcc/msp430/4.6.3/mmpy-16/libgcc.a(_mul_sf.o)
 .data          0x00001150        0x0 /usr/lib/gcc/msp430/4.6.3/mmpy-16/libgcc.a(_div_sf.o)
 .data          0x00001150        0x0 /usr/lib/gcc/msp430/4.6.3/mmpy-16/libgcc.a(_ge_sf.o)
 .data          0x00001150        0x0 /usr/lib/gcc/msp430/4.6.3/mmpy-16/libgcc.a(_sf_to_si.o)
 .data          0x00001150        0x0 /usr/lib/gcc/msp430/4.6.3/mmpy-16/libgcc.a(_thenan_sf.o)
 .data          0x00001150        0x0 /usr/lib/gcc/msp430/4.6.3/mmpy-16/libgcc.a(_usi_to_sf.o)
 .data          0x00001150        0x0 /usr/lib/gcc/msp430/4.6.3/mmpy-16/libgcc.a(_clzsi2.o)
 .data          0x00001150        0x0 /usr/lib/gcc/msp430/4.6.3/mmpy-16/libgcc.a(_pack_sf.o)
 .data          0x00001150        0x0 /usr/lib/gcc/msp430/4.6.3/mmpy-16/libgcc.a(_unpack_sf.o)
 .data          0x00001150        0x0 /usr/lib/gcc/msp430/4.6.3/mmpy-16/libgcc.a(_fpcmp_parts_sf.o)
 .data          0x00001150        0x0 /usr/lib/gcc/msp430/4.6.3/mmpy-16/libgcc.a(_clz.o)
 .data          0x00001150        0x0 /usr/lib/gcc/msp430/4.6.3/../../../../msp430/lib/mmpy-16/libc.a(memcpy.o)
 .data          0x00001150        0x0 /usr/lib/gcc/msp430/4.6.3/../../../../msp430/lib/mmpy-16/libc.a(malloc.o)
 .data          0x00001150        0x0 /usr/lib/gcc/msp430/4.6.3/../../../../msp430/lib/mmpy-16/libc.a(printf.o)
 .data          0x00001150        0x0 /usr/lib/gcc/msp430/4.6.3/../../../../msp430/lib/mmpy-16/libc.a(vuprintf.o)
 .data          0x00001150        0x0 /usr/lib/gcc/msp430/4.6.3/../../../../msp430/lib/mmpy-16/libc.a(puts.o)
 .data          0x00001150        0x4 /usr/lib/gcc/msp430/4.6.3/../../../../msp430/lib/mmpy-16/libc.a(rand.o)
 .data          0x00001154        0x0 /usr/lib/gcc/msp430/4.6.3/mmpy-16/libgcc.a(_udivmod64.o)
 .data          0x00001154        0x0 /usr/lib/gcc/msp430/4.6.3/mmpy-16/libcrt0.a(_reset_vector__.o)
 .data          0x00001154        0x0 /usr/lib/gcc/msp430/4.6.3/mmpy-16/libcrt0.a(__watchdog_support.o)
 .data          0x00001154        0x0 /usr/lib/gcc/msp430/4.6.3/mmpy-16/libcrt0.a(__init_stack.o)
 .data          0x00001154        0x0 /usr/lib/gcc/msp430/4.6.3/mmpy-16/libcrt0.a(__low_level_init.o)
 .data          0x00001154        0x0 /usr/lib/gcc/msp430/4.6.3/mmpy-16/libcrt0.a(_copy_data.o)
 .data          0x00001154        0x0 /usr/lib/gcc/msp430/4.6.3/mmpy-16/libcrt0.a(_clear_bss.o)
 .data          0x00001154        0x0 /usr/lib/gcc/msp430/4.6.3/mmpy-16/libcrt0.a(__stop_progExec__.o)
 .data          0x00001154        0x0 /usr/lib/gcc/msp430/4.6.3/mmpy-16/libcrt0.a(_endless_loop__.o)
 .data          0x00001154        0x0 /usr/lib/gcc/msp430/4.6.3/mmpy-16/libcrt0.a(_unexpected_.o)
                0x00001154                . = ALIGN (0x2)
                0x00001154                _edata = .
                0x0000a68a                PROVIDE (__data_load_start, LOADADDR (.data))
                0x00000054                PROVIDE (__data_size, SIZEOF (.data))

.bss            0x00001154      0xb2c load address 0x0000a6de
                0x00001154                PROVIDE (__bss_start, .)
 *(.bss .bss.*)
 .bss           0x00001154        0x0 /usr/lib/gcc/msp430/4.6.3/mmpy-16/crt0ivtbl16.o
 .bss           0x00001154       0x86 lwb-test.co
                0x00001154                burstCount
                0x00001156                msgCount
                0x00001158                rxCounter
 .bss           0x000011da        0x0 obj_sky/lwb-print.o
 .bss           0x000011da        0x4 obj_sky/contiki-sky-main.o
 .bss           0x000011de       0x42 contiki-sky.a(process.o)
                0x000011de                process_current
                0x000011e0                process_list
 .bss           0x00001220        0x0 contiki-sky.a(autostart.o)
 .bss           0x00001220        0x6 contiki-sky.a(etimer.o)
 .bss           0x00001226        0x0 contiki-sky.a(energest.o)
 .bss           0x00001226        0x2 contiki-sky.a(rtimer.o)
 .bss           0x00001228        0x0 contiki-sky.a(random.o)
 .bss           0x00001228        0x0 contiki-sky.a(lwb.o)
 .bss           0x00001228        0x2 contiki-sky.a(lwb-g-sync.o)
 .bss           0x0000122a      0x2e2 contiki-sky.a(lwb-g-rr.o)
 .bss           0x0000150c      0x328 contiki-sky.a(lwb-scheduler.o)
 .bss           0x00001834       0x80 contiki-sky.a(lwb-sched-compr)
 .bss           0x000018b4       0x4a contiki-sky.a(glossy-arch.o)
 .bss           0x000018fe        0x0 contiki-sky.a(msp430.o)
 .bss           0x000018fe        0x2 contiki-sky.a(leds.o)
 .bss           0x00001900        0x6 contiki-sky.a(watchdog.o)
 .bss           0x00001906        0x0 contiki-sky.a(xmem.o)
 .bss           0x00001906        0x0 contiki-sky.a(cc2420.o)
 .bss           0x00001906        0x2 contiki-sky.a(node-id.o)
                0x00001906                node_id
 .bss           0x00001908       0x4a contiki-sky.a(uart1.o)
 .bss           0x00001952        0x0 contiki-sky.a(ds2411.o)
 .bss           0x00001952        0xa contiki-sky.a(clock.o)
 .bss           0x0000195c        0x0 contiki-sky.a(leds-arch.o)
 .bss           0x0000195c        0x0 contiki-sky.a(uart1-putchar.o)
 .bss           0x0000195c        0x0 contiki-sky.a(rtimer-arch.o)
 .bss           0x0000195c        0x0 contiki-sky.a(timer.o)
 .bss           0x0000195c        0x0 contiki-sky.a(ringbuf.o)
 .bss           0x0000195c        0x0 contiki-sky.a(memb.o)
 .bss           0x0000195c        0x0 contiki-sky.a(list.o)
 .bss           0x0000195c        0x2 contiki-sky.a(spi.o)
                0x0000195c                spi_busy
 .bss           0x0000195e        0x0 /usr/lib/gcc/msp430/4.6.3/mmpy-16/libgcc.a(_mulsi3.o)
 .bss           0x0000195e        0x0 /usr/lib/gcc/msp430/4.6.3/mmpy-16/libgcc.a(_udivmod16.o)
 .bss           0x0000195e        0x0 /usr/lib/gcc/msp430/4.6.3/mmpy-16/libgcc.a(_udivmod32.o)
 .bss           0x0000195e        0x0 /usr/lib/gcc/msp430/4.6.3/mmpy-16/libgcc.a(_divmod32.o)
 .bss           0x0000195e        0x0 /usr/lib/gcc/msp430/4.6.3/mmpy-16/libgcc.a(_fixunssfsi.o)
 .bss           0x0000195e        0x0 /usr/lib/gcc/msp430/4.6.3/mmpy-16/libgcc.a(_addsub_sf.o)
 .bss           0x0000195e        0x0 /usr/lib/gcc/msp430/4.6.3/mmpy-16/libgcc.a(_mul_sf.o)
 .bss           0x0000195e        0x0 /usr/lib/gcc/msp430/4.6.3/mmpy-16/libgcc.a(_div_sf.o)
 .bss           0x0000195e        0x0 /usr/lib/gcc/msp430/4.6.3/mmpy-16/libgcc.a(_ge_sf.o)
 .bss           0x0000195e        0x0 /usr/lib/gcc/msp430/4.6.3/mmpy-16/libgcc.a(_sf_to_si.o)
 .bss           0x0000195e        0x0 /usr/lib/gcc/msp430/4.6.3/mmpy-16/libgcc.a(_thenan_sf.o)
 .bss           0x0000195e        0x0 /usr/lib/gcc/msp430/4.6.3/mmpy-16/libgcc.a(_usi_to_sf.o)
 .bss           0x0000195e        0x0 /usr/lib/gcc/msp430/4.6.3/mmpy-16/libgcc.a(_clzsi2.o)
 .bss           0x0000195e        0x0 /usr/lib/gcc/msp430/4.6.3/mmpy-16/libgcc.a(_pack_sf.o)
 .bss           0x0000195e        0x0 /usr/lib/gcc/msp430/4.6.3/mmpy-16/libgcc.a(_unpack_sf.o)
 .bss           0x0000195e        0x0 /usr/lib/gcc/msp430/4.6.3/mmpy-16/libgcc.a(_fpcmp_parts_sf.o)
 .bss           0x0000195e        0x0 /usr/lib/gcc/msp430/4.6.3/mmpy-16/libgcc.a(_clz.o)
 .bss           0x0000195e        0x0 /usr/lib/gcc/msp430/4.6.3/../../../../msp430/lib/mmpy-16/libc.a(memcpy.o)
 .bss           0x0000195e        0x1 /usr/lib/gcc/msp430/4.6.3/../../../../msp430/lib/mmpy-16/libc.a(malloc.o)
 .bss           0x0000195f        0x0 /usr/lib/gcc/msp430/4.6.3/../../../../msp430/lib/mmpy-16/libc.a(printf.o)
 .bss           0x0000195f        0x0 /usr/lib/gcc/msp430/4.6.3/../../../../msp430/lib/mmpy-16/libc.a(vuprintf.o)
 .bss           0x0000195f        0x0 /usr/lib/gcc/msp430/4.6.3/../../../../msp430/lib/mmpy-16/libc.a(puts.o)
 .bss           0x0000195f        0x0 /usr/lib/gcc/msp430/4.6.3/../../../../msp430/lib/mmpy-16/libc.a(rand.o)
 .bss           0x0000195f        0x0 /usr/lib/gcc/msp430/4.6.3/mmpy-16/libgcc.a(_udivmod64.o)
 .bss           0x0000195f        0x0 /usr/lib/gcc/msp430/4.6.3/mmpy-16/libcrt0.a(_reset_vector__.o)
 .bss           0x0000195f        0x0 /usr/lib/gcc/msp430/4.6.3/mmpy-16/libcrt0.a(__watchdog_support.o)
 .bss           0x0000195f        0x0 /usr/lib/gcc/msp430/4.6.3/mmpy-16/libcrt0.a(__init_stack.o)
 .bss           0x0000195f        0x0 /usr/lib/gcc/msp430/4.6.3/mmpy-16/libcrt0.a(__low_level_init.o)
 .bss           0x0000195f        0x0 /usr/lib/gcc/msp430/4.6.3/mmpy-16/libcrt0.a(_copy_data.o)
 .bss           0x0000195f        0x0 /usr/lib/gcc/msp430/4.6.3/mmpy-16/libcrt0.a(_clear_bss.o)
 .bss           0x0000195f        0x0 /usr/lib/gcc/msp430/4.6.3/mmpy-16/libcrt0.a(__stop_progExec__.o)
 .bss           0x0000195f        0x0 /usr/lib/gcc/msp430/4.6.3/mmpy-16/libcrt0.a(_endless_loop__.o)
 .bss           0x0000195f        0x0 /usr/lib/gcc/msp430/4.6.3/mmpy-16/libcrt0.a(_unexpected_.o)
 *(COMMON)
 COMMON         0x0000195f        0x1 contiki-sky.a(process.o)
                0x0000195f                process_maxevents
 COMMON         0x00001960       0x56 contiki-sky.a(energest.o)
                0x00001960                energest_total_time
                0x00001990                energest_total_count
                0x00001992                energest_current_mode
                0x0000199e                energest_current_time
 COMMON         0x000019b6      0x248 contiki-sky.a(lwb.o)
                0x000019b6                lwb_context
 COMMON         0x00001bfe       0x7a contiki-sky.a(lwb-scheduler.o)
                0x00001bfe                n_curr_streams
                0x00001c00                curr_sched_streams
 COMMON         0x00001c78        0x8 contiki-sky.a(ds2411.o)
                0x00001c78                ds2411_id
                0x00001c80                . = ALIGN (0x2)
                0x00001c80                PROVIDE (__bss_end, .)
                0x00000b2c                PROVIDE (__bss_size, SIZEOF (.bss))

.noinit         0x00001c80        0x2 load address 0x0000a6de
                0x00001c80                PROVIDE (__noinit_start, .)
 *(.noinit .noinit.*)
 .noinit.crt0   0x00001c80        0x2 /usr/lib/gcc/msp430/4.6.3/mmpy-16/libcrt0.a(__watchdog_support.o)
                0x00001c80                __wdt_clear_value
                0x00001c82                . = ALIGN (0x2)
                0x00001c82                PROVIDE (__noinit_end, .)
                0x00001c82                . = ALIGN (0x2)
                0x00001c82                _end = .

.infomem        0x00001000        0x0
 *(.infomem)
                0x00001000                . = ALIGN (0x2)
 *(.infomem.*)

.infomemnobits  0x00001000        0x0
 *(.infomemnobits)
                0x00001000                . = ALIGN (0x2)
 *(.infomemnobits.*)

.infoa
 *(.infoa .infoa.*)

.infob
 *(.infob .infob.*)

.infoc
 *(.infoc .infoc.*)

.infod
 *(.infod .infod.*)

.vectors        0x0000ffe0       0x20
                0x0000ffe0                PROVIDE (__vectors_start, .)
 *(.vectors*)
 .vectors       0x0000ffe0       0x20 /usr/lib/gcc/msp430/4.6.3/mmpy-16/crt0ivtbl16.o
                0x0000ffe0                __ivtbl_16
                0x00010000                _vectors_end = .

.fartext        0x00000000        0x0
                0x00000000                . = ALIGN (0x2)
 *(.fartext)
                0x00000000                . = ALIGN (0x2)
 *(.fartext.*)
                0x00000000                _efartext = .

.profiler
 *(.profiler)

.stab
 *(.stab)

.stabstr
 *(.stabstr)

.stab.excl
 *(.stab.excl)

.stab.exclstr
 *(.stab.exclstr)

.stab.index
 *(.stab.index)

.stab.indexstr
 *(.stab.indexstr)

.comment
 *(.comment)

.debug
 *(.debug)

.line
 *(.line)

.debug_srcinfo
 *(.debug_srcinfo)

.debug_sfnames
 *(.debug_sfnames)

.debug_aranges  0x00000000      0x4b0
 *(.debug_aranges)
 .debug_aranges
                0x00000000       0x14 lwb-test.co
 .debug_aranges
                0x00000014       0x14 obj_sky/lwb-print.o
 .debug_aranges
                0x00000028       0x14 obj_sky/contiki-sky-main.o
 .debug_aranges
                0x0000003c       0x14 contiki-sky.a(process.o)
 .debug_aranges
                0x00000050       0x14 contiki-sky.a(autostart.o)
 .debug_aranges
                0x00000064       0x14 contiki-sky.a(etimer.o)
 .debug_aranges
                0x00000078       0x14 contiki-sky.a(energest.o)
 .debug_aranges
                0x0000008c       0x14 contiki-sky.a(rtimer.o)
 .debug_aranges
                0x000000a0       0x14 contiki-sky.a(random.o)
 .debug_aranges
                0x000000b4       0x14 contiki-sky.a(lwb.o)
 .debug_aranges
                0x000000c8       0x14 contiki-sky.a(lwb-g-sync.o)
 .debug_aranges
                0x000000dc       0x14 contiki-sky.a(lwb-g-rr.o)
 .debug_aranges
                0x000000f0       0x14 contiki-sky.a(lwb-scheduler.o)
 .debug_aranges
                0x00000104       0x14 contiki-sky.a(lwb-sched-compr)
 .debug_aranges
                0x00000118       0x14 contiki-sky.a(glossy-arch.o)
 .debug_aranges
                0x0000012c       0x14 contiki-sky.a(msp430.o)
 .debug_aranges
                0x00000140       0x14 contiki-sky.a(leds.o)
 .debug_aranges
                0x00000154       0x14 contiki-sky.a(watchdog.o)
 .debug_aranges
                0x00000168       0x14 contiki-sky.a(xmem.o)
 .debug_aranges
                0x0000017c       0x14 contiki-sky.a(cc2420.o)
 .debug_aranges
                0x00000190       0x14 contiki-sky.a(node-id.o)
 .debug_aranges
                0x000001a4       0x14 contiki-sky.a(uart1.o)
 .debug_aranges
                0x000001b8       0x14 contiki-sky.a(ds2411.o)
 .debug_aranges
                0x000001cc       0x14 contiki-sky.a(clock.o)
 .debug_aranges
                0x000001e0       0x14 contiki-sky.a(leds-arch.o)
 .debug_aranges
                0x000001f4       0x14 contiki-sky.a(uart1-putchar.o)
 .debug_aranges
                0x00000208       0x14 contiki-sky.a(rtimer-arch.o)
 .debug_aranges
                0x0000021c       0x14 contiki-sky.a(timer.o)
 .debug_aranges
                0x00000230       0x14 contiki-sky.a(ringbuf.o)
 .debug_aranges
                0x00000244       0x14 contiki-sky.a(memb.o)
 .debug_aranges
                0x00000258       0x14 contiki-sky.a(list.o)
 .debug_aranges
                0x0000026c       0x14 contiki-sky.a(spi.o)
 .debug_aranges
                0x00000280       0x14 /usr/lib/gcc/msp430/4.6.3/mmpy-16/libgcc.a(_mulsi3.o)
 .debug_aranges
                0x00000294       0x14 /usr/lib/gcc/msp430/4.6.3/mmpy-16/libgcc.a(_udivmod16.o)
 .debug_aranges
                0x000002a8       0x14 /usr/lib/gcc/msp430/4.6.3/mmpy-16/libgcc.a(_udivmod32.o)
 .debug_aranges
                0x000002bc       0x14 /usr/lib/gcc/msp430/4.6.3/mmpy-16/libgcc.a(_divmod32.o)
 .debug_aranges
                0x000002d0       0x14 /usr/lib/gcc/msp430/4.6.3/mmpy-16/libgcc.a(_fixunssfsi.o)
 .debug_aranges
                0x000002e4       0x14 /usr/lib/gcc/msp430/4.6.3/mmpy-16/libgcc.a(_addsub_sf.o)
 .debug_aranges
                0x000002f8       0x14 /usr/lib/gcc/msp430/4.6.3/mmpy-16/libgcc.a(_mul_sf.o)
 .debug_aranges
                0x0000030c       0x14 /usr/lib/gcc/msp430/4.6.3/mmpy-16/libgcc.a(_div_sf.o)
 .debug_aranges
                0x00000320       0x14 /usr/lib/gcc/msp430/4.6.3/mmpy-16/libgcc.a(_ge_sf.o)
 .debug_aranges
                0x00000334       0x14 /usr/lib/gcc/msp430/4.6.3/mmpy-16/libgcc.a(_sf_to_si.o)
 .debug_aranges
                0x00000348       0x14 /usr/lib/gcc/msp430/4.6.3/mmpy-16/libgcc.a(_usi_to_sf.o)
 .debug_aranges
                0x0000035c       0x14 /usr/lib/gcc/msp430/4.6.3/mmpy-16/libgcc.a(_clzsi2.o)
 .debug_aranges
                0x00000370       0x14 /usr/lib/gcc/msp430/4.6.3/mmpy-16/libgcc.a(_pack_sf.o)
 .debug_aranges
                0x00000384       0x14 /usr/lib/gcc/msp430/4.6.3/mmpy-16/libgcc.a(_unpack_sf.o)
 .debug_aranges
                0x00000398       0x14 /usr/lib/gcc/msp430/4.6.3/mmpy-16/libgcc.a(_fpcmp_parts_sf.o)
 .debug_aranges
                0x000003ac       0x14 /usr/lib/gcc/msp430/4.6.3/../../../../msp430/lib/mmpy-16/libc.a(memcpy.o)
 .debug_aranges
                0x000003c0       0x14 /usr/lib/gcc/msp430/4.6.3/../../../../msp430/lib/mmpy-16/libc.a(malloc.o)
 .debug_aranges
                0x000003d4       0x14 /usr/lib/gcc/msp430/4.6.3/../../../../msp430/lib/mmpy-16/libc.a(printf.o)
 .debug_aranges
                0x000003e8       0x14 /usr/lib/gcc/msp430/4.6.3/../../../../msp430/lib/mmpy-16/libc.a(vuprintf.o)
 .debug_aranges
                0x000003fc       0x14 /usr/lib/gcc/msp430/4.6.3/../../../../msp430/lib/mmpy-16/libc.a(puts.o)
 .debug_aranges
                0x00000410       0x14 /usr/lib/gcc/msp430/4.6.3/../../../../msp430/lib/mmpy-16/libc.a(rand.o)
 .debug_aranges
                0x00000424       0x14 /usr/lib/gcc/msp430/4.6.3/mmpy-16/libgcc.a(_udivmod64.o)
 .debug_aranges
                0x00000438       0x14 /usr/lib/gcc/msp430/4.6.3/mmpy-16/libcrt0.a(__watchdog_support.o)
 .debug_aranges
                0x0000044c       0x14 /usr/lib/gcc/msp430/4.6.3/mmpy-16/libcrt0.a(__init_stack.o)
 .debug_aranges
                0x00000460       0x14 /usr/lib/gcc/msp430/4.6.3/mmpy-16/libcrt0.a(_copy_data.o)
 .debug_aranges
                0x00000474       0x14 /usr/lib/gcc/msp430/4.6.3/mmpy-16/libcrt0.a(_clear_bss.o)
 .debug_aranges
                0x00000488       0x14 /usr/lib/gcc/msp430/4.6.3/mmpy-16/libcrt0.a(_endless_loop__.o)
 .debug_aranges
                0x0000049c       0x14 /usr/lib/gcc/msp430/4.6.3/mmpy-16/libcrt0.a(_unexpected_.o)

.debug_pubnames
 *(.debug_pubnames)

.debug_info     0x00000000     0xb594
 *(.debug_info)
 .debug_info    0x00000000      0x5e6 lwb-test.co
 .debug_info    0x000005e6      0x594 obj_sky/lwb-print.o
 .debug_info    0x00000b7a      0x346 obj_sky/contiki-sky-main.o
 .debug_info    0x00000ec0      0x53f contiki-sky.a(process.o)
 .debug_info    0x000013ff      0x1ad contiki-sky.a(autostart.o)
 .debug_info    0x000015ac      0x4aa contiki-sky.a(etimer.o)
 .debug_info    0x00001a56      0x265 contiki-sky.a(energest.o)
 .debug_info    0x00001cbb      0x29e contiki-sky.a(rtimer.o)
 .debug_info    0x00001f59       0xa0 contiki-sky.a(random.o)
 .debug_info    0x00001ff9      0x89d contiki-sky.a(lwb.o)
 .debug_info    0x00002896      0x916 contiki-sky.a(lwb-g-sync.o)
 .debug_info    0x000031ac      0xfcc contiki-sky.a(lwb-g-rr.o)
 .debug_info    0x00004178      0xbf0 contiki-sky.a(lwb-scheduler.o)
 .debug_info    0x00004d68      0x31d contiki-sky.a(lwb-sched-compr)
 .debug_info    0x00005085      0xf3c contiki-sky.a(glossy-arch.o)
 .debug_info    0x00005fc1      0x36a contiki-sky.a(msp430.o)
 .debug_info    0x0000632b      0x2fd contiki-sky.a(leds.o)
 .debug_info    0x00006628      0x210 contiki-sky.a(watchdog.o)
 .debug_info    0x00006838      0x4ae contiki-sky.a(xmem.o)
 .debug_info    0x00006ce6      0x39f contiki-sky.a(cc2420.o)
 .debug_info    0x00007085       0xde contiki-sky.a(node-id.o)
 .debug_info    0x00007163      0x2d7 contiki-sky.a(uart1.o)
 .debug_info    0x0000743a      0x2d4 contiki-sky.a(ds2411.o)
 .debug_info    0x0000770e      0x391 contiki-sky.a(clock.o)
 .debug_info    0x00007a9f       0xd9 contiki-sky.a(leds-arch.o)
 .debug_info    0x00007b78       0x8b contiki-sky.a(uart1-putchar.o)
 .debug_info    0x00007c03       0xef contiki-sky.a(rtimer-arch.o)
 .debug_info    0x00007cf2      0x170 contiki-sky.a(timer.o)
 .debug_info    0x00007e62      0x1b0 contiki-sky.a(ringbuf.o)
 .debug_info    0x00008012      0x194 contiki-sky.a(memb.o)
 .debug_info    0x000081a6      0x2f0 contiki-sky.a(list.o)
 .debug_info    0x00008496      0x132 contiki-sky.a(spi.o)
 .debug_info    0x000085c8       0xd6 /usr/lib/gcc/msp430/4.6.3/mmpy-16/libgcc.a(_mulsi3.o)
 .debug_info    0x0000869e       0xd6 /usr/lib/gcc/msp430/4.6.3/mmpy-16/libgcc.a(_udivmod16.o)
 .debug_info    0x00008774       0xd6 /usr/lib/gcc/msp430/4.6.3/mmpy-16/libgcc.a(_udivmod32.o)
 .debug_info    0x0000884a       0xd6 /usr/lib/gcc/msp430/4.6.3/mmpy-16/libgcc.a(_divmod32.o)
 .debug_info    0x00008920       0xb5 /usr/lib/gcc/msp430/4.6.3/mmpy-16/libgcc.a(_fixunssfsi.o)
 .debug_info    0x000089d5      0x425 /usr/lib/gcc/msp430/4.6.3/mmpy-16/libgcc.a(_addsub_sf.o)
 .debug_info    0x00008dfa      0x3c9 /usr/lib/gcc/msp430/4.6.3/mmpy-16/libgcc.a(_mul_sf.o)
 .debug_info    0x000091c3      0x35c /usr/lib/gcc/msp430/4.6.3/mmpy-16/libgcc.a(_div_sf.o)
 .debug_info    0x0000951f      0x26e /usr/lib/gcc/msp430/4.6.3/mmpy-16/libgcc.a(_ge_sf.o)
 .debug_info    0x0000978d      0x289 /usr/lib/gcc/msp430/4.6.3/mmpy-16/libgcc.a(_sf_to_si.o)
 .debug_info    0x00009a16      0x144 /usr/lib/gcc/msp430/4.6.3/mmpy-16/libgcc.a(_thenan_sf.o)
 .debug_info    0x00009b5a      0x204 /usr/lib/gcc/msp430/4.6.3/mmpy-16/libgcc.a(_usi_to_sf.o)
 .debug_info    0x00009d5e      0x109 /usr/lib/gcc/msp430/4.6.3/mmpy-16/libgcc.a(_clzsi2.o)
 .debug_info    0x00009e67      0x2b1 /usr/lib/gcc/msp430/4.6.3/mmpy-16/libgcc.a(_pack_sf.o)
 .debug_info    0x0000a118      0x23e /usr/lib/gcc/msp430/4.6.3/mmpy-16/libgcc.a(_unpack_sf.o)
 .debug_info    0x0000a356      0x1d5 /usr/lib/gcc/msp430/4.6.3/mmpy-16/libgcc.a(_fpcmp_parts_sf.o)
 .debug_info    0x0000a52b       0xa0 /usr/lib/gcc/msp430/4.6.3/mmpy-16/libgcc.a(_clz.o)
 .debug_info    0x0000a5cb      0x113 /usr/lib/gcc/msp430/4.6.3/../../../../msp430/lib/mmpy-16/libc.a(memcpy.o)
 .debug_info    0x0000a6de      0x151 /usr/lib/gcc/msp430/4.6.3/../../../../msp430/lib/mmpy-16/libc.a(malloc.o)
 .debug_info    0x0000a82f      0x105 /usr/lib/gcc/msp430/4.6.3/../../../../msp430/lib/mmpy-16/libc.a(printf.o)
 .debug_info    0x0000a934      0x565 /usr/lib/gcc/msp430/4.6.3/../../../../msp430/lib/mmpy-16/libc.a(vuprintf.o)
 .debug_info    0x0000ae99       0x96 /usr/lib/gcc/msp430/4.6.3/../../../../msp430/lib/mmpy-16/libc.a(puts.o)
 .debug_info    0x0000af2f      0x13f /usr/lib/gcc/msp430/4.6.3/../../../../msp430/lib/mmpy-16/libc.a(rand.o)
 .debug_info    0x0000b06e       0xd6 /usr/lib/gcc/msp430/4.6.3/mmpy-16/libgcc.a(_udivmod64.o)
 .debug_info    0x0000b144       0xb8 /usr/lib/gcc/msp430/4.6.3/mmpy-16/libcrt0.a(__watchdog_support.o)
 .debug_info    0x0000b1fc       0xb8 /usr/lib/gcc/msp430/4.6.3/mmpy-16/libcrt0.a(__init_stack.o)
 .debug_info    0x0000b2b4       0xb8 /usr/lib/gcc/msp430/4.6.3/mmpy-16/libcrt0.a(_copy_data.o)
 .debug_info    0x0000b36c       0xb8 /usr/lib/gcc/msp430/4.6.3/mmpy-16/libcrt0.a(_clear_bss.o)
 .debug_info    0x0000b424       0xb8 /usr/lib/gcc/msp430/4.6.3/mmpy-16/libcrt0.a(_endless_loop__.o)
 .debug_info    0x0000b4dc       0xb8 /usr/lib/gcc/msp430/4.6.3/mmpy-16/libcrt0.a(_unexpected_.o)
 *(.gnu.linkonce.wi.*)

.debug_abbrev   0x00000000     0x475c
 *(.debug_abbrev)
 .debug_abbrev  0x00000000      0x292 lwb-test.co
 .debug_abbrev  0x00000292       0xf7 obj_sky/lwb-print.o
 .debug_abbrev  0x00000389      0x1ab obj_sky/contiki-sky-main.o
 .debug_abbrev  0x00000534      0x323 contiki-sky.a(process.o)
 .debug_abbrev  0x00000857       0xf5 contiki-sky.a(autostart.o)
 .debug_abbrev  0x0000094c      0x27a contiki-sky.a(etimer.o)
 .debug_abbrev  0x00000bc6      0x14e contiki-sky.a(energest.o)
 .debug_abbrev  0x00000d14      0x194 contiki-sky.a(rtimer.o)
 .debug_abbrev  0x00000ea8       0x67 contiki-sky.a(random.o)
 .debug_abbrev  0x00000f0f      0x207 contiki-sky.a(lwb.o)
 .debug_abbrev  0x00001116      0x2a4 contiki-sky.a(lwb-g-sync.o)
 .debug_abbrev  0x000013ba      0x2f7 contiki-sky.a(lwb-g-rr.o)
 .debug_abbrev  0x000016b1      0x289 contiki-sky.a(lwb-scheduler.o)
 .debug_abbrev  0x0000193a      0x125 contiki-sky.a(lwb-sched-compr)
 .debug_abbrev  0x00001a5f      0x3fe contiki-sky.a(glossy-arch.o)
 .debug_abbrev  0x00001e5d      0x157 contiki-sky.a(msp430.o)
 .debug_abbrev  0x00001fb4      0x163 contiki-sky.a(leds.o)
 .debug_abbrev  0x00002117      0x14c contiki-sky.a(watchdog.o)
 .debug_abbrev  0x00002263      0x230 contiki-sky.a(xmem.o)
 .debug_abbrev  0x00002493      0x152 contiki-sky.a(cc2420.o)
 .debug_abbrev  0x000025e5       0x82 contiki-sky.a(node-id.o)
 .debug_abbrev  0x00002667      0x162 contiki-sky.a(uart1.o)
 .debug_abbrev  0x000027c9      0x181 contiki-sky.a(ds2411.o)
 .debug_abbrev  0x0000294a      0x1b5 contiki-sky.a(clock.o)
 .debug_abbrev  0x00002aff       0x97 contiki-sky.a(leds-arch.o)
 .debug_abbrev  0x00002b96       0x50 contiki-sky.a(uart1-putchar.o)
 .debug_abbrev  0x00002be6       0xa2 contiki-sky.a(rtimer-arch.o)
 .debug_abbrev  0x00002c88       0xf8 contiki-sky.a(timer.o)
 .debug_abbrev  0x00002d80      0x109 contiki-sky.a(ringbuf.o)
 .debug_abbrev  0x00002e89       0xea contiki-sky.a(memb.o)
 .debug_abbrev  0x00002f73      0x151 contiki-sky.a(list.o)
 .debug_abbrev  0x000030c4       0x97 contiki-sky.a(spi.o)
 .debug_abbrev  0x0000315b       0x14 /usr/lib/gcc/msp430/4.6.3/mmpy-16/libgcc.a(_mulsi3.o)
 .debug_abbrev  0x0000316f       0x14 /usr/lib/gcc/msp430/4.6.3/mmpy-16/libgcc.a(_udivmod16.o)
 .debug_abbrev  0x00003183       0x14 /usr/lib/gcc/msp430/4.6.3/mmpy-16/libgcc.a(_udivmod32.o)
 .debug_abbrev  0x00003197       0x14 /usr/lib/gcc/msp430/4.6.3/mmpy-16/libgcc.a(_divmod32.o)
 .debug_abbrev  0x000031ab       0x5d /usr/lib/gcc/msp430/4.6.3/mmpy-16/libgcc.a(_fixunssfsi.o)
 .debug_abbrev  0x00003208      0x1ab /usr/lib/gcc/msp430/4.6.3/mmpy-16/libgcc.a(_addsub_sf.o)
 .debug_abbrev  0x000033b3      0x1d9 /usr/lib/gcc/msp430/4.6.3/mmpy-16/libgcc.a(_mul_sf.o)
 .debug_abbrev  0x0000358c      0x1c4 /usr/lib/gcc/msp430/4.6.3/mmpy-16/libgcc.a(_div_sf.o)
 .debug_abbrev  0x00003750      0x151 /usr/lib/gcc/msp430/4.6.3/mmpy-16/libgcc.a(_ge_sf.o)
 .debug_abbrev  0x000038a1      0x160 /usr/lib/gcc/msp430/4.6.3/mmpy-16/libgcc.a(_sf_to_si.o)
 .debug_abbrev  0x00003a01       0xba /usr/lib/gcc/msp430/4.6.3/mmpy-16/libgcc.a(_thenan_sf.o)
 .debug_abbrev  0x00003abb      0x173 /usr/lib/gcc/msp430/4.6.3/mmpy-16/libgcc.a(_usi_to_sf.o)
 .debug_abbrev  0x00003c2e       0xac /usr/lib/gcc/msp430/4.6.3/mmpy-16/libgcc.a(_clzsi2.o)
 .debug_abbrev  0x00003cda      0x192 /usr/lib/gcc/msp430/4.6.3/mmpy-16/libgcc.a(_pack_sf.o)
 .debug_abbrev  0x00003e6c      0x15a /usr/lib/gcc/msp430/4.6.3/mmpy-16/libgcc.a(_unpack_sf.o)
 .debug_abbrev  0x00003fc6      0x10b /usr/lib/gcc/msp430/4.6.3/mmpy-16/libgcc.a(_fpcmp_parts_sf.o)
 .debug_abbrev  0x000040d1       0x61 /usr/lib/gcc/msp430/4.6.3/mmpy-16/libgcc.a(_clz.o)
 .debug_abbrev  0x00004132       0x97 /usr/lib/gcc/msp430/4.6.3/../../../../msp430/lib/mmpy-16/libc.a(memcpy.o)
 .debug_abbrev  0x000041c9       0xf8 /usr/lib/gcc/msp430/4.6.3/../../../../msp430/lib/mmpy-16/libc.a(malloc.o)
 .debug_abbrev  0x000042c1       0xd0 /usr/lib/gcc/msp430/4.6.3/../../../../msp430/lib/mmpy-16/libc.a(printf.o)
 .debug_abbrev  0x00004391      0x1ef /usr/lib/gcc/msp430/4.6.3/../../../../msp430/lib/mmpy-16/libc.a(vuprintf.o)
 .debug_abbrev  0x00004580       0x60 /usr/lib/gcc/msp430/4.6.3/../../../../msp430/lib/mmpy-16/libc.a(puts.o)
 .debug_abbrev  0x000045e0       0xf0 /usr/lib/gcc/msp430/4.6.3/../../../../msp430/lib/mmpy-16/libc.a(rand.o)
 .debug_abbrev  0x000046d0       0x14 /usr/lib/gcc/msp430/4.6.3/mmpy-16/libgcc.a(_udivmod64.o)
 .debug_abbrev  0x000046e4       0x14 /usr/lib/gcc/msp430/4.6.3/mmpy-16/libcrt0.a(__watchdog_support.o)
 .debug_abbrev  0x000046f8       0x14 /usr/lib/gcc/msp430/4.6.3/mmpy-16/libcrt0.a(__init_stack.o)
 .debug_abbrev  0x0000470c       0x14 /usr/lib/gcc/msp430/4.6.3/mmpy-16/libcrt0.a(_copy_data.o)
 .debug_abbrev  0x00004720       0x14 /usr/lib/gcc/msp430/4.6.3/mmpy-16/libcrt0.a(_clear_bss.o)
 .debug_abbrev  0x00004734       0x14 /usr/lib/gcc/msp430/4.6.3/mmpy-16/libcrt0.a(_endless_loop__.o)
 .debug_abbrev  0x00004748       0x14 /usr/lib/gcc/msp430/4.6.3/mmpy-16/libcrt0.a(_unexpected_.o)

.debug_line     0x00000000     0x41dd
 *(.debug_line)
 .debug_line    0x00000000      0x186 lwb-test.co
 .debug_line    0x00000186       0xe0 obj_sky/lwb-print.o
 .debug_line    0x00000266      0x198 obj_sky/contiki-sky-main.o
 .debug_line    0x000003fe      0x13d contiki-sky.a(process.o)
 .debug_line    0x0000053b       0x96 contiki-sky.a(autostart.o)
 .debug_line    0x000005d1      0x170 contiki-sky.a(etimer.o)
 .debug_line    0x00000741       0xe1 contiki-sky.a(energest.o)
 .debug_line    0x00000822       0xda contiki-sky.a(rtimer.o)
 .debug_line    0x000008fc       0x4a contiki-sky.a(random.o)
 .debug_line    0x00000946      0x16c contiki-sky.a(lwb.o)
 .debug_line    0x00000ab2      0x20a contiki-sky.a(lwb-g-sync.o)
 .debug_line    0x00000cbc      0x3a1 contiki-sky.a(lwb-g-rr.o)
 .debug_line    0x0000105d      0x1f7 contiki-sky.a(lwb-scheduler.o)
 .debug_line    0x00001254      0x19a contiki-sky.a(lwb-sched-compr)
 .debug_line    0x000013ee      0x539 contiki-sky.a(glossy-arch.o)
 .debug_line    0x00001927      0x147 contiki-sky.a(msp430.o)
 .debug_line    0x00001a6e      0x12c contiki-sky.a(leds.o)
 .debug_line    0x00001b9a       0xe9 contiki-sky.a(watchdog.o)
 .debug_line    0x00001c83      0x1dd contiki-sky.a(xmem.o)
 .debug_line    0x00001e60      0x2fd contiki-sky.a(cc2420.o)
 .debug_line    0x0000215d       0x61 contiki-sky.a(node-id.o)
 .debug_line    0x000021be      0x107 contiki-sky.a(uart1.o)
 .debug_line    0x000022c5      0x11f contiki-sky.a(ds2411.o)
 .debug_line    0x000023e4      0x163 contiki-sky.a(clock.o)
 .debug_line    0x00002547       0xdb contiki-sky.a(leds-arch.o)
 .debug_line    0x00002622       0x98 contiki-sky.a(uart1-putchar.o)
 .debug_line    0x000026ba       0xbe contiki-sky.a(rtimer-arch.o)
 .debug_line    0x00002778       0xa2 contiki-sky.a(timer.o)
 .debug_line    0x0000281a       0xb3 contiki-sky.a(ringbuf.o)
 .debug_line    0x000028cd       0xa3 contiki-sky.a(memb.o)
 .debug_line    0x00002970       0xd8 contiki-sky.a(list.o)
 .debug_line    0x00002a48       0x96 contiki-sky.a(spi.o)
 .debug_line    0x00002ade       0xa3 /usr/lib/gcc/msp430/4.6.3/mmpy-16/libgcc.a(_mulsi3.o)
 .debug_line    0x00002b81       0x9c /usr/lib/gcc/msp430/4.6.3/mmpy-16/libgcc.a(_udivmod16.o)
 .debug_line    0x00002c1d       0xab /usr/lib/gcc/msp430/4.6.3/mmpy-16/libgcc.a(_udivmod32.o)
 .debug_line    0x00002cc8       0xb0 /usr/lib/gcc/msp430/4.6.3/mmpy-16/libgcc.a(_divmod32.o)
 .debug_line    0x00002d78       0x94 /usr/lib/gcc/msp430/4.6.3/mmpy-16/libgcc.a(_fixunssfsi.o)
 .debug_line    0x00002e0c      0x13f /usr/lib/gcc/msp430/4.6.3/mmpy-16/libgcc.a(_addsub_sf.o)
 .debug_line    0x00002f4b      0x137 /usr/lib/gcc/msp430/4.6.3/mmpy-16/libgcc.a(_mul_sf.o)
 .debug_line    0x00003082       0xf9 /usr/lib/gcc/msp430/4.6.3/mmpy-16/libgcc.a(_div_sf.o)
 .debug_line    0x0000317b       0xb1 /usr/lib/gcc/msp430/4.6.3/mmpy-16/libgcc.a(_ge_sf.o)
 .debug_line    0x0000322c       0xbf /usr/lib/gcc/msp430/4.6.3/mmpy-16/libgcc.a(_sf_to_si.o)
 .debug_line    0x000032eb       0x94 /usr/lib/gcc/msp430/4.6.3/mmpy-16/libgcc.a(_thenan_sf.o)
 .debug_line    0x0000337f       0xc6 /usr/lib/gcc/msp430/4.6.3/mmpy-16/libgcc.a(_usi_to_sf.o)
 .debug_line    0x00003445       0xbe /usr/lib/gcc/msp430/4.6.3/mmpy-16/libgcc.a(_clzsi2.o)
 .debug_line    0x00003503      0x102 /usr/lib/gcc/msp430/4.6.3/mmpy-16/libgcc.a(_pack_sf.o)
 .debug_line    0x00003605       0xdd /usr/lib/gcc/msp430/4.6.3/mmpy-16/libgcc.a(_unpack_sf.o)
 .debug_line    0x000036e2       0xe8 /usr/lib/gcc/msp430/4.6.3/mmpy-16/libgcc.a(_fpcmp_parts_sf.o)
 .debug_line    0x000037ca       0x80 /usr/lib/gcc/msp430/4.6.3/mmpy-16/libgcc.a(_clz.o)
 .debug_line    0x0000384a       0xe9 /usr/lib/gcc/msp430/4.6.3/../../../../msp430/lib/mmpy-16/libc.a(memcpy.o)
 .debug_line    0x00003933       0xbe /usr/lib/gcc/msp430/4.6.3/../../../../msp430/lib/mmpy-16/libc.a(malloc.o)
 .debug_line    0x000039f1       0x72 /usr/lib/gcc/msp430/4.6.3/../../../../msp430/lib/mmpy-16/libc.a(printf.o)
 .debug_line    0x00003a63      0x2d2 /usr/lib/gcc/msp430/4.6.3/../../../../msp430/lib/mmpy-16/libc.a(vuprintf.o)
 .debug_line    0x00003d35       0x4d /usr/lib/gcc/msp430/4.6.3/../../../../msp430/lib/mmpy-16/libc.a(puts.o)
 .debug_line    0x00003d82       0x4f /usr/lib/gcc/msp430/4.6.3/../../../../msp430/lib/mmpy-16/libc.a(rand.o)
 .debug_line    0x00003dd1       0xf1 /usr/lib/gcc/msp430/4.6.3/mmpy-16/libgcc.a(_udivmod64.o)
 .debug_line    0x00003ec2       0x84 /usr/lib/gcc/msp430/4.6.3/mmpy-16/libcrt0.a(__watchdog_support.o)
 .debug_line    0x00003f46       0x82 /usr/lib/gcc/msp430/4.6.3/mmpy-16/libcrt0.a(__init_stack.o)
 .debug_line    0x00003fc8       0x88 /usr/lib/gcc/msp430/4.6.3/mmpy-16/libcrt0.a(_copy_data.o)
 .debug_line    0x00004050       0x88 /usr/lib/gcc/msp430/4.6.3/mmpy-16/libcrt0.a(_clear_bss.o)
 .debug_line    0x000040d8       0x83 /usr/lib/gcc/msp430/4.6.3/mmpy-16/libcrt0.a(_endless_loop__.o)
 .debug_line    0x0000415b       0x82 /usr/lib/gcc/msp430/4.6.3/mmpy-16/libcrt0.a(_unexpected_.o)

.debug_frame    0x00000000     0x17f0
 *(.debug_frame)
 .debug_frame   0x00000000       0x98 lwb-test.co
 .debug_frame   0x00000098       0x80 obj_sky/lwb-print.o
 .debug_frame   0x00000118       0x56 obj_sky/contiki-sky-main.o
 .debug_frame   0x0000016e       0xe8 contiki-sky.a(process.o)
 .debug_frame   0x00000256       0x36 contiki-sky.a(autostart.o)
 .debug_frame   0x0000028c       0xf8 contiki-sky.a(etimer.o)
 .debug_frame   0x00000384       0x62 contiki-sky.a(energest.o)
 .debug_frame   0x000003e6       0x56 contiki-sky.a(rtimer.o)
 .debug_frame   0x0000043c       0x2a contiki-sky.a(random.o)
 .debug_frame   0x00000466       0xb0 contiki-sky.a(lwb.o)
 .debug_frame   0x00000516      0x112 contiki-sky.a(lwb-g-sync.o)
 .debug_frame   0x00000628      0x2dc contiki-sky.a(lwb-g-rr.o)
 .debug_frame   0x00000904       0xea contiki-sky.a(lwb-scheduler.o)
 .debug_frame   0x000009ee       0x9a contiki-sky.a(lwb-sched-compr)
 .debug_frame   0x00000a88      0x1f8 contiki-sky.a(glossy-arch.o)
 .debug_frame   0x00000c80       0x86 contiki-sky.a(msp430.o)
 .debug_frame   0x00000d06       0xa2 contiki-sky.a(leds.o)
 .debug_frame   0x00000da8       0xae contiki-sky.a(watchdog.o)
 .debug_frame   0x00000e56       0xc4 contiki-sky.a(xmem.o)
 .debug_frame   0x00000f1a       0x5c contiki-sky.a(cc2420.o)
 .debug_frame   0x00000f76       0x32 contiki-sky.a(node-id.o)
 .debug_frame   0x00000fa8       0x88 contiki-sky.a(uart1.o)
 .debug_frame   0x00001030       0x44 contiki-sky.a(ds2411.o)
 .debug_frame   0x00001074       0xd0 contiki-sky.a(clock.o)
 .debug_frame   0x00001144       0x36 contiki-sky.a(leds-arch.o)
 .debug_frame   0x0000117a       0x24 contiki-sky.a(uart1-putchar.o)
 .debug_frame   0x0000119e       0x4a contiki-sky.a(rtimer-arch.o)
 .debug_frame   0x000011e8       0x6a contiki-sky.a(timer.o)
 .debug_frame   0x00001252       0x5e contiki-sky.a(ringbuf.o)
 .debug_frame   0x000012b0       0x60 contiki-sky.a(memb.o)
 .debug_frame   0x00001310       0xbc contiki-sky.a(list.o)
 .debug_frame   0x000013cc       0x1e contiki-sky.a(spi.o)
 .debug_frame   0x000013ea       0x28 /usr/lib/gcc/msp430/4.6.3/mmpy-16/libgcc.a(_fixunssfsi.o)
 .debug_frame   0x00001412       0x6a /usr/lib/gcc/msp430/4.6.3/mmpy-16/libgcc.a(_addsub_sf.o)
 .debug_frame   0x0000147c       0x4a /usr/lib/gcc/msp430/4.6.3/mmpy-16/libgcc.a(_mul_sf.o)
 .debug_frame   0x000014c6       0x3a /usr/lib/gcc/msp430/4.6.3/mmpy-16/libgcc.a(_div_sf.o)
 .debug_frame   0x00001500       0x22 /usr/lib/gcc/msp430/4.6.3/mmpy-16/libgcc.a(_ge_sf.o)
 .debug_frame   0x00001522       0x22 /usr/lib/gcc/msp430/4.6.3/mmpy-16/libgcc.a(_sf_to_si.o)
 .debug_frame   0x00001544       0x36 /usr/lib/gcc/msp430/4.6.3/mmpy-16/libgcc.a(_usi_to_sf.o)
 .debug_frame   0x0000157a       0x2e /usr/lib/gcc/msp430/4.6.3/mmpy-16/libgcc.a(_clzsi2.o)
 .debug_frame   0x000015a8       0x38 /usr/lib/gcc/msp430/4.6.3/mmpy-16/libgcc.a(_pack_sf.o)
 .debug_frame   0x000015e0       0x28 /usr/lib/gcc/msp430/4.6.3/mmpy-16/libgcc.a(_unpack_sf.o)
 .debug_frame   0x00001608       0x24 /usr/lib/gcc/msp430/4.6.3/mmpy-16/libgcc.a(_fpcmp_parts_sf.o)
 .debug_frame   0x0000162c       0x38 /usr/lib/gcc/msp430/4.6.3/../../../../msp430/lib/mmpy-16/libc.a(memcpy.o)
 .debug_frame   0x00001664       0x52 /usr/lib/gcc/msp430/4.6.3/../../../../msp430/lib/mmpy-16/libc.a(malloc.o)
 .debug_frame   0x000016b6       0x2a /usr/lib/gcc/msp430/4.6.3/../../../../msp430/lib/mmpy-16/libc.a(printf.o)
 .debug_frame   0x000016e0       0xb0 /usr/lib/gcc/msp430/4.6.3/../../../../msp430/lib/mmpy-16/libc.a(vuprintf.o)
 .debug_frame   0x00001790       0x24 /usr/lib/gcc/msp430/4.6.3/../../../../msp430/lib/mmpy-16/libc.a(puts.o)
 .debug_frame   0x000017b4       0x3c /usr/lib/gcc/msp430/4.6.3/../../../../msp430/lib/mmpy-16/libc.a(rand.o)

.debug_str      0x00000000     0x300c
 *(.debug_str)
 .debug_str     0x00000000      0x41d lwb-test.co
                                0x4b4 (size before relaxing)
 .debug_str     0x0000041d      0x361 obj_sky/lwb-print.o
                                0x53a (size before relaxing)
 .debug_str     0x0000077e       0xa9 obj_sky/contiki-sky-main.o
                                0x340 (size before relaxing)
 .debug_str     0x00000827      0x178 contiki-sky.a(process.o)
                                0x2aa (size before relaxing)
 .debug_str     0x0000099f       0x3a contiki-sky.a(autostart.o)
                                0x162 (size before relaxing)
 .debug_str     0x000009d9      0x133 contiki-sky.a(etimer.o)
                                0x2b7 (size before relaxing)
 .debug_str     0x00000b0c       0x9b contiki-sky.a(energest.o)
                                0x300 (size before relaxing)
 .debug_str     0x00000ba7       0xba contiki-sky.a(rtimer.o)
                                0x301 (size before relaxing)
 .debug_str     0x00000c61       0x35 contiki-sky.a(random.o)
                                0x106 (size before relaxing)
 .debug_str     0x00000c96      0x15f contiki-sky.a(lwb.o)
                                0x81b (size before relaxing)
 .debug_str     0x00000df5      0x192 contiki-sky.a(lwb-g-sync.o)
                                0x89a (size before relaxing)
 .debug_str     0x00000f87      0x46a contiki-sky.a(lwb-g-rr.o)
                                0xc8d (size before relaxing)
 .debug_str     0x000013f1      0x329 contiki-sky.a(lwb-scheduler.o)
                                0x98d (size before relaxing)
 .debug_str     0x0000171a       0xa9 contiki-sky.a(lwb-sched-compr)
                                0x35b (size before relaxing)
 .debug_str     0x000017c3      0x99b contiki-sky.a(glossy-arch.o)
                                0xe08 (size before relaxing)
 .debug_str     0x0000215e       0xf2 contiki-sky.a(msp430.o)
                                0x270 (size before relaxing)
 .debug_str     0x00002250       0x94 contiki-sky.a(leds.o)
                                0x300 (size before relaxing)
 .debug_str     0x000022e4       0xc7 contiki-sky.a(watchdog.o)
                                0x1b9 (size before relaxing)
 .debug_str     0x000023ab       0xaf contiki-sky.a(xmem.o)
                                0x374 (size before relaxing)
 .debug_str     0x0000245a       0x4b contiki-sky.a(cc2420.o)
                                0x54e (size before relaxing)
 .debug_str     0x000024a5       0x3c contiki-sky.a(node-id.o)
                                0x115 (size before relaxing)
 .debug_str     0x000024e1      0x12b contiki-sky.a(uart1.o)
                                0x26e (size before relaxing)
 .debug_str     0x0000260c       0x78 contiki-sky.a(ds2411.o)
                                0x290 (size before relaxing)
 .debug_str     0x00002684       0xd3 contiki-sky.a(clock.o)
                                0x386 (size before relaxing)
 .debug_str     0x00002757       0x5a contiki-sky.a(leds-arch.o)
                                0x13c (size before relaxing)
 .debug_str     0x000027b1       0x2f contiki-sky.a(uart1-putchar.o)
                                0x100 (size before relaxing)
 .debug_str     0x000027e0       0x62 contiki-sky.a(rtimer-arch.o)
                                0x15f (size before relaxing)
 .debug_str     0x00002842       0x27 contiki-sky.a(timer.o)
                                0x151 (size before relaxing)
 .debug_str     0x00002869       0x64 contiki-sky.a(ringbuf.o)
                                0x164 (size before relaxing)
 .debug_str     0x000028cd       0x46 contiki-sky.a(memb.o)
                                0x127 (size before relaxing)
 .debug_str     0x00002913       0xa8 contiki-sky.a(list.o)
                                0x115 (size before relaxing)
 .debug_str     0x000029bb       0x5d contiki-sky.a(spi.o)
                                0x173 (size before relaxing)
 .debug_str     0x00002a18       0xcf /usr/lib/gcc/msp430/4.6.3/mmpy-16/libgcc.a(_fixunssfsi.o)
                                0x17d (size before relaxing)
 .debug_str     0x00002ae7      0x14a /usr/lib/gcc/msp430/4.6.3/mmpy-16/libgcc.a(_addsub_sf.o)
                                0x255 (size before relaxing)
 .debug_str     0x00002c31       0x27 /usr/lib/gcc/msp430/4.6.3/mmpy-16/libgcc.a(_mul_sf.o)
                                0x20e (size before relaxing)
 .debug_str     0x00002c58       0x35 /usr/lib/gcc/msp430/4.6.3/mmpy-16/libgcc.a(_div_sf.o)
                                0x217 (size before relaxing)
 .debug_str     0x00002c8d        0x8 /usr/lib/gcc/msp430/4.6.3/mmpy-16/libgcc.a(_ge_sf.o)
                                0x1dc (size before relaxing)
 .debug_str     0x00002c95        0xa /usr/lib/gcc/msp430/4.6.3/mmpy-16/libgcc.a(_sf_to_si.o)
                                0x1e5 (size before relaxing)
 .debug_str     0x00000000      0x187 /usr/lib/gcc/msp430/4.6.3/mmpy-16/libgcc.a(_thenan_sf.o)
 .debug_str     0x00002c9f       0x24 /usr/lib/gcc/msp430/4.6.3/mmpy-16/libgcc.a(_usi_to_sf.o)
                                0x1c7 (size before relaxing)
 .debug_str     0x00002cc3       0x17 /usr/lib/gcc/msp430/4.6.3/mmpy-16/libgcc.a(_clzsi2.o)
                                0x189 (size before relaxing)
 .debug_str     0x00002cda       0x10 /usr/lib/gcc/msp430/4.6.3/mmpy-16/libgcc.a(_pack_sf.o)
                                0x1e4 (size before relaxing)
 .debug_str     0x00002cea        0xb /usr/lib/gcc/msp430/4.6.3/mmpy-16/libgcc.a(_unpack_sf.o)
                                0x1c6 (size before relaxing)
 .debug_str     0x00002cf5       0x10 /usr/lib/gcc/msp430/4.6.3/mmpy-16/libgcc.a(_fpcmp_parts_sf.o)
                                0x1aa (size before relaxing)
 .debug_str     0x00000000      0x16c /usr/lib/gcc/msp430/4.6.3/mmpy-16/libgcc.a(_clz.o)
 .debug_str     0x00002d05       0x4d /usr/lib/gcc/msp430/4.6.3/../../../../msp430/lib/mmpy-16/libc.a(memcpy.o)
                                0x116 (size before relaxing)
 .debug_str     0x00002d52       0x4d /usr/lib/gcc/msp430/4.6.3/../../../../msp430/lib/mmpy-16/libc.a(malloc.o)
                                0x142 (size before relaxing)
 .debug_str     0x00002d9f       0x40 /usr/lib/gcc/msp430/4.6.3/../../../../msp430/lib/mmpy-16/libc.a(printf.o)
                                0x12a (size before relaxing)
 .debug_str     0x00002ddf      0x1f3 /usr/lib/gcc/msp430/4.6.3/../../../../msp430/lib/mmpy-16/libc.a(vuprintf.o)
                                0x375 (size before relaxing)
 .debug_str     0x00002fd2       0x15 /usr/lib/gcc/msp430/4.6.3/../../../../msp430/lib/mmpy-16/libc.a(puts.o)
                                 0xf0 (size before relaxing)
 .debug_str     0x00002fe7       0x25 /usr/lib/gcc/msp430/4.6.3/../../../../msp430/lib/mmpy-16/libc.a(rand.o)
                                0x10f (size before relaxing)

.debug_loc      0x00000000     0x4088
 *(.debug_loc)
 .debug_loc     0x00000000      0x231 lwb-test.co
 .debug_loc     0x00000231       0xef obj_sky/lwb-print.o
 .debug_loc     0x00000320       0xaa obj_sky/contiki-sky-main.o
 .debug_loc     0x000003ca      0x20d contiki-sky.a(process.o)
 .debug_loc     0x000005d7       0x56 contiki-sky.a(autostart.o)
 .debug_loc     0x0000062d      0x270 contiki-sky.a(etimer.o)
 .debug_loc     0x0000089d       0x8a contiki-sky.a(energest.o)
 .debug_loc     0x00000927       0xbd contiki-sky.a(rtimer.o)
 .debug_loc     0x000009e4        0xb contiki-sky.a(random.o)
 .debug_loc     0x000009ef      0x144 contiki-sky.a(lwb.o)
 .debug_loc     0x00000b33      0x29f contiki-sky.a(lwb-g-sync.o)
 .debug_loc     0x00000dd2      0x8ba contiki-sky.a(lwb-g-rr.o)
 .debug_loc     0x0000168c      0x2c9 contiki-sky.a(lwb-scheduler.o)
 .debug_loc     0x00001955      0x2b4 contiki-sky.a(lwb-sched-compr)
 .debug_loc     0x00001c09      0x213 contiki-sky.a(glossy-arch.o)
 .debug_loc     0x00001e1c      0x118 contiki-sky.a(msp430.o)
 .debug_loc     0x00001f34       0xdc contiki-sky.a(leds.o)
 .debug_loc     0x00002010       0xaa contiki-sky.a(watchdog.o)
 .debug_loc     0x000020ba      0x2f2 contiki-sky.a(xmem.o)
 .debug_loc     0x000023ac       0xdd contiki-sky.a(cc2420.o)
 .debug_loc     0x00002489       0x33 contiki-sky.a(node-id.o)
 .debug_loc     0x000024bc       0x99 contiki-sky.a(uart1.o)
 .debug_loc     0x00002555      0x14e contiki-sky.a(ds2411.o)
 .debug_loc     0x000026a3       0x92 contiki-sky.a(clock.o)
 .debug_loc     0x00002735        0xb contiki-sky.a(leds-arch.o)
 .debug_loc     0x00002740       0x2d contiki-sky.a(uart1-putchar.o)
 .debug_loc     0x0000276d       0x2c contiki-sky.a(rtimer-arch.o)
 .debug_loc     0x00002799       0xb9 contiki-sky.a(timer.o)
 .debug_loc     0x00002852       0xa3 contiki-sky.a(ringbuf.o)
 .debug_loc     0x000028f5      0x11a contiki-sky.a(memb.o)
 .debug_loc     0x00002a0f      0x1ac contiki-sky.a(list.o)
 .debug_loc     0x00002bbb       0x44 /usr/lib/gcc/msp430/4.6.3/mmpy-16/libgcc.a(_fixunssfsi.o)
 .debug_loc     0x00002bff      0x2ca /usr/lib/gcc/msp430/4.6.3/mmpy-16/libgcc.a(_addsub_sf.o)
 .debug_loc     0x00002ec9      0x23c /usr/lib/gcc/msp430/4.6.3/mmpy-16/libgcc.a(_mul_sf.o)
 .debug_loc     0x00003105      0x110 /usr/lib/gcc/msp430/4.6.3/mmpy-16/libgcc.a(_div_sf.o)
 .debug_loc     0x00003215       0x3c /usr/lib/gcc/msp430/4.6.3/mmpy-16/libgcc.a(_ge_sf.o)
 .debug_loc     0x00003251       0x3c /usr/lib/gcc/msp430/4.6.3/mmpy-16/libgcc.a(_sf_to_si.o)
 .debug_loc     0x0000328d       0x6c /usr/lib/gcc/msp430/4.6.3/mmpy-16/libgcc.a(_usi_to_sf.o)
 .debug_loc     0x000032f9       0x80 /usr/lib/gcc/msp430/4.6.3/mmpy-16/libgcc.a(_clzsi2.o)
 .debug_loc     0x00003379      0x181 /usr/lib/gcc/msp430/4.6.3/mmpy-16/libgcc.a(_pack_sf.o)
 .debug_loc     0x000034fa       0x83 /usr/lib/gcc/msp430/4.6.3/mmpy-16/libgcc.a(_unpack_sf.o)
 .debug_loc     0x0000357d       0x5b /usr/lib/gcc/msp430/4.6.3/mmpy-16/libgcc.a(_fpcmp_parts_sf.o)
 .debug_loc     0x000035d8      0x1e9 /usr/lib/gcc/msp430/4.6.3/../../../../msp430/lib/mmpy-16/libc.a(memcpy.o)
 .debug_loc     0x000037c1      0x12e /usr/lib/gcc/msp430/4.6.3/../../../../msp430/lib/mmpy-16/libc.a(malloc.o)
 .debug_loc     0x000038ef       0x38 /usr/lib/gcc/msp430/4.6.3/../../../../msp430/lib/mmpy-16/libc.a(printf.o)
 .debug_loc     0x00003927      0x70c /usr/lib/gcc/msp430/4.6.3/../../../../msp430/lib/mmpy-16/libc.a(vuprintf.o)
 .debug_loc     0x00004033       0x26 /usr/lib/gcc/msp430/4.6.3/../../../../msp430/lib/mmpy-16/libc.a(puts.o)
 .debug_loc     0x00004059       0x2f /usr/lib/gcc/msp430/4.6.3/../../../../msp430/lib/mmpy-16/libc.a(rand.o)

.debug_macinfo
 *(.debug_macinfo)

.debug_pubtypes
 *(.debug_pubtypes)

.debug_ranges   0x00000000       0x8c
 *(.debug_ranges)
 .debug_ranges  0x00000000        0x8 obj_sky/contiki-sky-main.o
 .debug_ranges  0x00000008       0x14 /usr/lib/gcc/msp430/4.6.3/mmpy-16/libgcc.a(_addsub_sf.o)
 .debug_ranges  0x0000001c       0x28 /usr/lib/gcc/msp430/4.6.3/mmpy-16/libgcc.a(_mul_sf.o)
 .debug_ranges  0x00000044       0x24 /usr/lib/gcc/msp430/4.6.3/mmpy-16/libgcc.a(_div_sf.o)
 .debug_ranges  0x00000068        0xc /usr/lib/gcc/msp430/4.6.3/mmpy-16/libgcc.a(_clzsi2.o)
 .debug_ranges  0x00000074       0x18 /usr/lib/gcc/msp430/4.6.3/../../../../msp430/lib/mmpy-16/libc.a(vuprintf.o)
                0x00003900                PROVIDE (__stack, (ORIGIN (ram) + 0x2800))
                0x0000a68a                PROVIDE (__data_start_rom, _etext)
                0x0000a6de                PROVIDE (__data_end_rom, (_etext + SIZEOF (.data)))
OUTPUT(lwb-test.sky elf32-msp430)
