Archive member included because of file (symbol)

contiki-sky.a(process.o)      dewi-app.co (process_current)
contiki-sky.a(autostart.o)    obj_sky/contiki-sky-main.o (autostart_start)
contiki-sky.a(etimer.o)       obj_sky/contiki-sky-main.o (etimer_process)
contiki-sky.a(energest.o)     obj_sky/contiki-sky-main.o (energest_init)
contiki-sky.a(rtimer.o)       obj_sky/contiki-sky-main.o (rtimer_init)
contiki-sky.a(memb.o)         dewi-app.co (memb_init)
contiki-sky.a(list.o)         dewi-app.co (list_init)
contiki-sky.a(random.o)       obj_sky/contiki-sky-main.o (random_init)
contiki-sky.a(lwb.o)          obj_sky/lwb-print.o (lwb_context)
contiki-sky.a(lwb-g-sync.o)   contiki-sky.a(lwb.o) (lwb_g_sync_source)
contiki-sky.a(lwb-g-rr.o)     contiki-sky.a(lwb-g-sync.o) (lwb_g_rr_source)
contiki-sky.a(lwb-scheduler.o)
                              contiki-sky.a(lwb.o) (lwb_sched_init)
contiki-sky.a(lwb-sched-compr)
                              contiki-sky.a(lwb-g-sync.o) (lwb_sched_compress)
contiki-sky.a(glossy-arch.o)  contiki-sky.a(lwb-g-sync.o) (glossy_stop)
contiki-sky.a(msp430.o)       contiki-sky.a(lwb-g-sync.o) (w_memcpy)
contiki-sky.a(leds.o)         obj_sky/contiki-sky-main.o (leds_init)
contiki-sky.a(watchdog.o)     obj_sky/contiki-sky-main.o (watchdog_start)
contiki-sky.a(xmem.o)         obj_sky/contiki-sky-main.o (xmem_init)
contiki-sky.a(cc2420.o)       obj_sky/contiki-sky-main.o (cc2420_init)
contiki-sky.a(node-id.o)      obj_sky/contiki-sky-main.o (node_id_restore)
contiki-sky.a(uart1.o)        obj_sky/contiki-sky-main.o (uart1_active)
contiki-sky.a(ds2411.o)       obj_sky/contiki-sky-main.o (ds2411_init)
contiki-sky.a(clock.o)        contiki-sky.a(etimer.o) (clock_time)
contiki-sky.a(leds-arch.o)    contiki-sky.a(leds.o) (leds_arch_init)
contiki-sky.a(uart1-putchar.o)
                              obj_sky/lwb-print.o (putchar)
contiki-sky.a(rtimer-arch.o)  contiki-sky.a(rtimer.o) (rtimer_arch_init)
contiki-sky.a(timer.o)        contiki-sky.a(etimer.o) (timer_set)
contiki-sky.a(ringbuf.o)      contiki-sky.a(uart1.o) (ringbuf_init)
contiki-sky.a(spi.o)          contiki-sky.a(xmem.o) (spi_init)
/usr/lib/gcc/msp430/4.6.3/mmpy-16/libgcc.a(_mulsi3.o)
                              contiki-sky.a(lwb-g-sync.o) (__mulsi3)
/usr/lib/gcc/msp430/4.6.3/mmpy-16/libgcc.a(_udivmod16.o)
                              contiki-sky.a(lwb-g-rr.o) (__udivhi3)
/usr/lib/gcc/msp430/4.6.3/mmpy-16/libgcc.a(_udivmod32.o)
                              dewi-app.co (__udivsi3)
/usr/lib/gcc/msp430/4.6.3/mmpy-16/libgcc.a(_divmod32.o)
                              contiki-sky.a(lwb-g-sync.o) (__divsi3)
/usr/lib/gcc/msp430/4.6.3/mmpy-16/libgcc.a(_fixunssfsi.o)
                              dewi-app.co (__fixunssfsi)
/usr/lib/gcc/msp430/4.6.3/mmpy-16/libgcc.a(_addsub_sf.o)
                              /usr/lib/gcc/msp430/4.6.3/mmpy-16/libgcc.a(_fixunssfsi.o) (__subsf3)
/usr/lib/gcc/msp430/4.6.3/mmpy-16/libgcc.a(_mul_sf.o)
                              dewi-app.co (__mulsf3)
/usr/lib/gcc/msp430/4.6.3/mmpy-16/libgcc.a(_div_sf.o)
                              dewi-app.co (__divsf3)
/usr/lib/gcc/msp430/4.6.3/mmpy-16/libgcc.a(_ge_sf.o)
                              /usr/lib/gcc/msp430/4.6.3/mmpy-16/libgcc.a(_fixunssfsi.o) (__gesf2)
/usr/lib/gcc/msp430/4.6.3/mmpy-16/libgcc.a(_sf_to_si.o)
                              /usr/lib/gcc/msp430/4.6.3/mmpy-16/libgcc.a(_fixunssfsi.o) (__fixsfsi)
/usr/lib/gcc/msp430/4.6.3/mmpy-16/libgcc.a(_thenan_sf.o)
                              /usr/lib/gcc/msp430/4.6.3/mmpy-16/libgcc.a(_addsub_sf.o) (__thenan_sf)
/usr/lib/gcc/msp430/4.6.3/mmpy-16/libgcc.a(_usi_to_sf.o)
                              dewi-app.co (__floatunsisf)
/usr/lib/gcc/msp430/4.6.3/mmpy-16/libgcc.a(_clzsi2.o)
                              /usr/lib/gcc/msp430/4.6.3/mmpy-16/libgcc.a(_usi_to_sf.o) (__clzsi2)
/usr/lib/gcc/msp430/4.6.3/mmpy-16/libgcc.a(_pack_sf.o)
                              /usr/lib/gcc/msp430/4.6.3/mmpy-16/libgcc.a(_addsub_sf.o) (__pack_f)
/usr/lib/gcc/msp430/4.6.3/mmpy-16/libgcc.a(_unpack_sf.o)
                              /usr/lib/gcc/msp430/4.6.3/mmpy-16/libgcc.a(_addsub_sf.o) (__unpack_f)
/usr/lib/gcc/msp430/4.6.3/mmpy-16/libgcc.a(_fpcmp_parts_sf.o)
                              /usr/lib/gcc/msp430/4.6.3/mmpy-16/libgcc.a(_ge_sf.o) (__fpcmp_parts_f)
/usr/lib/gcc/msp430/4.6.3/mmpy-16/libgcc.a(_clz.o)
                              /usr/lib/gcc/msp430/4.6.3/mmpy-16/libgcc.a(_clzsi2.o) (__clz_tab)
/usr/lib/gcc/msp430/4.6.3/../../../../msp430/lib/mmpy-16/libc.a(memcpy.o)
                              contiki-sky.a(watchdog.o) (memcpy)
/usr/lib/gcc/msp430/4.6.3/../../../../msp430/lib/mmpy-16/libc.a(malloc.o)
                              contiki-sky.a(glossy-arch.o) (malloc)
/usr/lib/gcc/msp430/4.6.3/../../../../msp430/lib/mmpy-16/libc.a(printf.o)
                              dewi-app.co (printf)
/usr/lib/gcc/msp430/4.6.3/../../../../msp430/lib/mmpy-16/libc.a(vuprintf.o)
                              /usr/lib/gcc/msp430/4.6.3/../../../../msp430/lib/mmpy-16/libc.a(printf.o) (vuprintf)
/usr/lib/gcc/msp430/4.6.3/../../../../msp430/lib/mmpy-16/libc.a(puts.o)
                              dewi-app.co (puts)
/usr/lib/gcc/msp430/4.6.3/../../../../msp430/lib/mmpy-16/libc.a(rand.o)
                              dewi-app.co (rand)
/usr/lib/gcc/msp430/4.6.3/mmpy-16/libgcc.a(_udivmod64.o)
                              /usr/lib/gcc/msp430/4.6.3/../../../../msp430/lib/mmpy-16/libc.a(vuprintf.o) (__udivdi3)
/usr/lib/gcc/msp430/4.6.3/mmpy-16/libcrt0.a(_reset_vector__.o)
                              /usr/lib/gcc/msp430/4.6.3/mmpy-16/crt0ivtbl16.o (_reset_vector__)
/usr/lib/gcc/msp430/4.6.3/mmpy-16/libcrt0.a(__watchdog_support.o)
                              /usr/lib/gcc/msp430/4.6.3/mmpy-16/libcrt0.a(_reset_vector__.o) (__watchdog_support)
/usr/lib/gcc/msp430/4.6.3/mmpy-16/libcrt0.a(__init_stack.o)
                              /usr/lib/gcc/msp430/4.6.3/mmpy-16/libcrt0.a(_reset_vector__.o) (__init_stack)
/usr/lib/gcc/msp430/4.6.3/mmpy-16/libcrt0.a(__low_level_init.o)
                              /usr/lib/gcc/msp430/4.6.3/mmpy-16/libcrt0.a(_reset_vector__.o) (__low_level_init)
/usr/lib/gcc/msp430/4.6.3/mmpy-16/libcrt0.a(_copy_data.o)
                              /usr/lib/gcc/msp430/4.6.3/mmpy-16/libcrt0.a(_reset_vector__.o) (__do_copy_data)
/usr/lib/gcc/msp430/4.6.3/mmpy-16/libcrt0.a(_clear_bss.o)
                              /usr/lib/gcc/msp430/4.6.3/mmpy-16/libcrt0.a(_reset_vector__.o) (__do_clear_bss)
/usr/lib/gcc/msp430/4.6.3/mmpy-16/libcrt0.a(__stop_progExec__.o)
                              /usr/lib/gcc/msp430/4.6.3/mmpy-16/libcrt0.a(_reset_vector__.o) (__stop_progExec__)
/usr/lib/gcc/msp430/4.6.3/mmpy-16/libcrt0.a(_endless_loop__.o)
                              /usr/lib/gcc/msp430/4.6.3/mmpy-16/libcrt0.a(_reset_vector__.o) (_endless_loop__)
/usr/lib/gcc/msp430/4.6.3/mmpy-16/libcrt0.a(_unexpected_.o)
                              /usr/lib/gcc/msp430/4.6.3/mmpy-16/crt0ivtbl16.o (_unexpected_)

Allocating common symbols
Common symbol       size              file

energest_total_time
                    0x30              contiki-sky.a(energest.o)
energest_total_count
                    0x2               contiki-sky.a(energest.o)
energest_current_mode
                    0xc               contiki-sky.a(energest.o)
n_curr_streams      0x1               contiki-sky.a(lwb-scheduler.o)
process_maxevents   0x1               contiki-sky.a(process.o)
neighUpdateFinishTimer
                    0xc               dewi-app.co
curr_sched_streams  0x78              contiki-sky.a(lwb-scheduler.o)
burstTimer          0xc               dewi-app.co
messageTimer        0xc               dewi-app.co
energest_current_time
                    0x18              contiki-sky.a(energest.o)
neighUpdateTimer    0xc               dewi-app.co
lwb_context         0x248             contiki-sky.a(lwb.o)
ds2411_id           0x8               contiki-sky.a(ds2411.o)

Memory Configuration

Name             Origin             Length             Attributes
sfr              0x00000000         0x00000010
peripheral_8bit  0x00000010         0x000000f0
peripheral_16bit 0x00000100         0x00000100
ram_mirror       0x00000200         0x00000800         xw
infomem          0x00001000         0x00000100
infob            0x00001000         0x00000080
infoa            0x00001080         0x00000080
ram              0x00001100         0x00002800         xw
rom              0x00004000         0x0000bfe0         xr
vectors          0x0000ffe0         0x00000020
bsl              0x00000000         0x00000000
infoc            0x00000000         0x00000000
infod            0x00000000         0x00000000
ram2             0x00000000         0x00000000         xw
usbram           0x00000000         0x00000000         xw
far_rom          0x00000000         0x00000000
*default*        0x00000000         0xffffffff

Linker script and memory map

LOAD /usr/lib/gcc/msp430/4.6.3/mmpy-16/crt0ivtbl16.o
LOAD dewi-app.co
LOAD obj_sky/lwb-print.o
LOAD obj_sky/contiki-sky-main.o
LOAD contiki-sky.a
LOAD /usr/lib/gcc/msp430/4.6.3/mmpy-16/libgcc.a
LOAD /usr/lib/gcc/msp430/4.6.3/../../../../msp430/lib/mmpy-16/libc.a
LOAD /usr/lib/gcc/msp430/4.6.3/mmpy-16/libgcc.a
LOAD /usr/lib/gcc/msp430/4.6.3/mmpy-16/libcrt0.a
                0x00000080                PROVIDE (__info_segment_size, 0x80)
                0x00001000                PROVIDE (__infob, 0x1000)
                0x00001080                PROVIDE (__infoa, 0x1080)
                0x00000000                __IE1 = 0x0
                0x00000002                __IFG1 = 0x2
                0x00000004                __ME1 = 0x4
                0x00000001                __IE2 = 0x1
                0x00000003                __IFG2 = 0x3
                0x00000005                __ME2 = 0x5
                0x00000120                __WDTCTL = 0x120
                0x00000130                __MPY = 0x130
                0x00000132                __MPYS = 0x132
                0x00000134                __MAC = 0x134
                0x00000136                __MACS = 0x136
                0x00000138                __OP2 = 0x138
                0x0000013a                __RESLO = 0x13a
                0x0000013c                __RESHI = 0x13c
                0x0000013e                __SUMEXT = 0x13e
                0x00000020                __P1IN = 0x20
                0x00000021                __P1OUT = 0x21
                0x00000022                __P1DIR = 0x22
                0x00000023                __P1IFG = 0x23
                0x00000024                __P1IES = 0x24
                0x00000025                __P1IE = 0x25
                0x00000026                __P1SEL = 0x26
                0x00000028                __P2IN = 0x28
                0x00000029                __P2OUT = 0x29
                0x0000002a                __P2DIR = 0x2a
                0x0000002b                __P2IFG = 0x2b
                0x0000002c                __P2IES = 0x2c
                0x0000002d                __P2IE = 0x2d
                0x0000002e                __P2SEL = 0x2e
                0x00000018                __P3IN = 0x18
                0x00000019                __P3OUT = 0x19
                0x0000001a                __P3DIR = 0x1a
                0x0000001b                __P3SEL = 0x1b
                0x0000001c                __P4IN = 0x1c
                0x0000001d                __P4OUT = 0x1d
                0x0000001e                __P4DIR = 0x1e
                0x0000001f                __P4SEL = 0x1f
                0x00000030                __P5IN = 0x30
                0x00000031                __P5OUT = 0x31
                0x00000032                __P5DIR = 0x32
                0x00000033                __P5SEL = 0x33
                0x00000034                __P6IN = 0x34
                0x00000035                __P6OUT = 0x35
                0x00000036                __P6DIR = 0x36
                0x00000037                __P6SEL = 0x37
                0x00000070                __U0CTL = 0x70
                0x00000071                __U0TCTL = 0x71
                0x00000072                __U0RCTL = 0x72
                0x00000073                __U0MCTL = 0x73
                0x00000074                __U0BR0 = 0x74
                0x00000075                __U0BR1 = 0x75
                0x00000076                __U0RXBUF = 0x76
                0x00000077                __U0TXBUF = 0x77
                0x00000078                __U1CTL = 0x78
                0x00000079                __U1TCTL = 0x79
                0x0000007a                __U1RCTL = 0x7a
                0x0000007b                __U1MCTL = 0x7b
                0x0000007c                __U1BR0 = 0x7c
                0x0000007d                __U1BR1 = 0x7d
                0x0000007e                __U1RXBUF = 0x7e
                0x0000007f                __U1TXBUF = 0x7f
                0x00000050                __I2CIE = 0x50
                0x00000051                __I2CIFG = 0x51
                0x00000052                __I2CNDAT = 0x52
                0x00000071                __I2CTCTL = 0x71
                0x00000072                __I2CDCTL = 0x72
                0x00000073                __I2CPSC = 0x73
                0x00000074                __I2CSCLH = 0x74
                0x00000075                __I2CSCLL = 0x75
                0x00000076                __I2CDRB = 0x76
                0x00000076                __I2CDRW = 0x76
                0x00000118                __I2COA = 0x118
                0x0000011a                __I2CSA = 0x11a
                0x0000011c                __I2CIV = 0x11c
                0x0000012e                __TAIV = 0x12e
                0x00000160                __TACTL = 0x160
                0x00000162                __TACCTL0 = 0x162
                0x00000164                __TACCTL1 = 0x164
                0x00000166                __TACCTL2 = 0x166
                0x00000170                __TAR = 0x170
                0x00000172                __TACCR0 = 0x172
                0x00000174                __TACCR1 = 0x174
                0x00000176                __TACCR2 = 0x176
                0x0000011e                __TBIV = 0x11e
                0x00000180                __TBCTL = 0x180
                0x00000182                __TBCCTL0 = 0x182
                0x00000184                __TBCCTL1 = 0x184
                0x00000186                __TBCCTL2 = 0x186
                0x00000188                __TBCCTL3 = 0x188
                0x0000018a                __TBCCTL4 = 0x18a
                0x0000018c                __TBCCTL5 = 0x18c
                0x0000018e                __TBCCTL6 = 0x18e
                0x00000190                __TBR = 0x190
                0x00000192                __TBCCR0 = 0x192
                0x00000194                __TBCCR1 = 0x194
                0x00000196                __TBCCR2 = 0x196
                0x00000198                __TBCCR3 = 0x198
                0x0000019a                __TBCCR4 = 0x19a
                0x0000019c                __TBCCR5 = 0x19c
                0x0000019e                __TBCCR6 = 0x19e
                0x00000056                __DCOCTL = 0x56
                0x00000057                __BCSCTL1 = 0x57
                0x00000058                __BCSCTL2 = 0x58
                0x00000055                __SVSCTL = 0x55
                0x00000128                __FCTL1 = 0x128
                0x0000012a                __FCTL2 = 0x12a
                0x0000012c                __FCTL3 = 0x12c
                0x00000059                __CACTL1 = 0x59
                0x0000005a                __CACTL2 = 0x5a
                0x0000005b                __CAPD = 0x5b
                0x000001a0                __ADC12CTL0 = 0x1a0
                0x000001a2                __ADC12CTL1 = 0x1a2
                0x000001a4                __ADC12IFG = 0x1a4
                0x000001a6                __ADC12IE = 0x1a6
                0x000001a8                __ADC12IV = 0x1a8
                0x00000140                __ADC12MEM0 = 0x140
                0x00000142                __ADC12MEM1 = 0x142
                0x00000144                __ADC12MEM2 = 0x144
                0x00000146                __ADC12MEM3 = 0x146
                0x00000148                __ADC12MEM4 = 0x148
                0x0000014a                __ADC12MEM5 = 0x14a
                0x0000014c                __ADC12MEM6 = 0x14c
                0x0000014e                __ADC12MEM7 = 0x14e
                0x00000150                __ADC12MEM8 = 0x150
                0x00000152                __ADC12MEM9 = 0x152
                0x00000154                __ADC12MEM10 = 0x154
                0x00000156                __ADC12MEM11 = 0x156
                0x00000158                __ADC12MEM12 = 0x158
                0x0000015a                __ADC12MEM13 = 0x15a
                0x0000015c                __ADC12MEM14 = 0x15c
                0x0000015e                __ADC12MEM15 = 0x15e
                0x00000080                __ADC12MCTL0 = 0x80
                0x00000081                __ADC12MCTL1 = 0x81
                0x00000082                __ADC12MCTL2 = 0x82
                0x00000083                __ADC12MCTL3 = 0x83
                0x00000084                __ADC12MCTL4 = 0x84
                0x00000085                __ADC12MCTL5 = 0x85
                0x00000086                __ADC12MCTL6 = 0x86
                0x00000087                __ADC12MCTL7 = 0x87
                0x00000088                __ADC12MCTL8 = 0x88
                0x00000089                __ADC12MCTL9 = 0x89
                0x0000008a                __ADC12MCTL10 = 0x8a
                0x0000008b                __ADC12MCTL11 = 0x8b
                0x0000008c                __ADC12MCTL12 = 0x8c
                0x0000008d                __ADC12MCTL13 = 0x8d
                0x0000008e                __ADC12MCTL14 = 0x8e
                0x0000008f                __ADC12MCTL15 = 0x8f
                0x000001c0                __DAC12_0CTL = 0x1c0
                0x000001c2                __DAC12_1CTL = 0x1c2
                0x000001c8                __DAC12_0DAT = 0x1c8
                0x000001ca                __DAC12_1DAT = 0x1ca
                0x00000122                __DMACTL0 = 0x122
                0x00000124                __DMACTL1 = 0x124
                0x000001e0                __DMA0CTL = 0x1e0
                0x000001e8                __DMA1CTL = 0x1e8
                0x000001f0                __DMA2CTL = 0x1f0
                0x000001e2                __DMA0SA = 0x1e2
                0x000001e4                __DMA0DA = 0x1e4
                0x000001e6                __DMA0SZ = 0x1e6
                0x000001ea                __DMA1SA = 0x1ea
                0x000001ec                __DMA1DA = 0x1ec
                0x000001ee                __DMA1SZ = 0x1ee
                0x000001f2                __DMA2SA = 0x1f2
                0x000001f4                __DMA2DA = 0x1f4
                0x000001f6                __DMA2SZ = 0x1f6

.hash
 *(.hash)

.dynsym
 *(.dynsym)

.dynstr
 *(.dynstr)

.gnu.version
 *(.gnu.version)

.gnu.version_d
 *(.gnu.version_d)

.gnu.version_r
 *(.gnu.version_r)

.rel.init
 *(.rel.init)

.rela.init
 *(.rela.init)

.rel.fini
 *(.rel.fini)

.rela.fini
 *(.rela.fini)

.rel.text
 *(.rel.text .rel.text.* .rel.gnu.linkonce.t.*)

.rela.text
 *(.rela.text .rela.text.* .rela.gnu.linkonce.t.*)

.rel.rodata
 *(.rel.rodata .rel.rodata.* .rel.gnu.linkonce.r.*)

.rela.rodata
 *(.rela.rodata .rela.rodata.* .rela.gnu.linkonce.r.*)

.rel.data
 *(.rel.data .rel.data.* .rel.gnu.linkonce.d.*)

.rela.data
 *(.rela.data .rela.data.* .rela.gnu.linkonce.d.*)

.rel.bss
 *(.rel.bss .rel.bss.* .rel.gnu.linkonce.b.*)

.rela.bss
 *(.rela.bss .rela.bss.* .rela.gnu.linkonce.b.*)

.rel.ctors
 *(.rel.ctors)

.rela.ctors
 *(.rela.ctors)

.rel.dtors
 *(.rel.dtors)

.rela.dtors
 *(.rela.dtors)

.rel.got
 *(.rel.got)

.rela.got
 *(.rela.got)

.rel.plt
 *(.rel.plt)

.rela.plt
 *(.rela.plt)

.text           0x00004000     0x6732
                0x00004000                . = ALIGN (0x2)
 *(.init .init.*)
 *(.init0)
 .init0         0x00004000        0x0 /usr/lib/gcc/msp430/4.6.3/mmpy-16/libcrt0.a(_reset_vector__.o)
                0x00004000                _reset_vector__
 *(.init1)
 .init1         0x00004000        0xc /usr/lib/gcc/msp430/4.6.3/mmpy-16/libcrt0.a(__watchdog_support.o)
                0x00004000                __watchdog_support
 *(.init2)
 .init2         0x0000400c        0x4 /usr/lib/gcc/msp430/4.6.3/mmpy-16/libcrt0.a(__init_stack.o)
                0x0000400c                __init_stack
 *(.init3)
 .init3         0x00004010        0x0 /usr/lib/gcc/msp430/4.6.3/mmpy-16/libcrt0.a(__low_level_init.o)
                0x00004010                __low_level_init
 *(.init4)
 .init4         0x00004010       0x18 /usr/lib/gcc/msp430/4.6.3/mmpy-16/libcrt0.a(_copy_data.o)
                0x00004010                __do_copy_data
 .init4         0x00004028       0x16 /usr/lib/gcc/msp430/4.6.3/mmpy-16/libcrt0.a(_clear_bss.o)
                0x00004028                __do_clear_bss
 *(.init5)
 *(.init6)
 *(.init7)
 *(.init8)
 *(.init9)
 .init9         0x0000403e      0x19c obj_sky/contiki-sky-main.o
                0x0000403e                main
 *(.fini9)
 .fini9         0x000041da        0x0 /usr/lib/gcc/msp430/4.6.3/mmpy-16/libcrt0.a(__stop_progExec__.o)
                0x000041da                __stop_progExec__
 *(.fini8)
 *(.fini7)
 *(.fini6)
 *(.fini5)
 *(.fini4)
 *(.fini3)
 *(.fini2)
 *(.fini1)
 *(.fini0)
 .fini0         0x000041da        0x6 /usr/lib/gcc/msp430/4.6.3/mmpy-16/libcrt0.a(_endless_loop__.o)
                0x000041da                _endless_loop__
 *(.fini .fini.*)
                0x000041e0                . = ALIGN (0x2)
                0x000041e0                __ctors_start = .
 *(.ctors)
                0x000041e0                __ctors_end = .
                0x000041e0                __dtors_start = .
 *(.dtors)
                0x000041e0                __dtors_end = .
                0x000041e0                . = ALIGN (0x2)
 *(.text .text.* .gnu.linkonce.t.*)
 .text          0x000041e0        0x4 /usr/lib/gcc/msp430/4.6.3/mmpy-16/crt0ivtbl16.o
                0x000041e0                __isr_14
                0x000041e0                __isr_4
                0x000041e0                __isr_11
                0x000041e0                __isr_7
                0x000041e0                __isr_0
                0x000041e0                __isr_8
                0x000041e0                __isr_13
                0x000041e0                __isr_9
                0x000041e0                __isr_1
 .text.crt0     0x000041e4        0x0 /usr/lib/gcc/msp430/4.6.3/mmpy-16/crt0ivtbl16.o
 .text          0x000041e4      0x630 dewi-app.co
                0x00004204                on_data
                0x000044c0                on_schedule_end
                0x000044cc                send_stream_mod
 .text          0x00004814       0xdc obj_sky/lwb-print.o
                0x00004814                lwb_print_stats
 .text          0x000048f0        0x0 obj_sky/contiki-sky-main.o
 .text          0x000048f0      0x29e contiki-sky.a(process.o)
                0x000049ec                process_alloc_event
                0x000049fa                process_exit
                0x00004a04                process_init
                0x00004a20                process_run
                0x00004ac2                process_nevents
                0x00004ad0                process_post
                0x00004b24                process_post_synch
                0x00004b36                process_start
                0x00004b68                process_poll
                0x00004b80                process_is_running
 .text          0x00004b8e       0x2a contiki-sky.a(autostart.o)
                0x00004b8e                autostart_start
                0x00004ba4                autostart_exit
 .text          0x00004bb8      0x25a contiki-sky.a(etimer.o)
                0x00004c30                etimer_request_poll
                0x00004d3a                etimer_set
                0x00004d4c                etimer_reset
                0x00004d5e                etimer_restart
                0x00004d70                etimer_adjust
                0x00004d8a                etimer_expired
                0x00004d98                etimer_expiration_time
                0x00004dac                etimer_start_time
                0x00004db4                etimer_pending
                0x00004dc0                etimer_next_expiration_time
                0x00004dd6                etimer_stop
 .text          0x00004e12       0xba contiki-sky.a(energest.o)
                0x00004e12                energest_init
                0x00004e3a                energest_type_time
                0x00004e7c                energest_leveldevice_leveltime
                0x00004e82                energest_type_set
                0x00004e90                energest_flush
 .text          0x00004ecc       0xc6 contiki-sky.a(rtimer.o)
                0x00004ecc                rtimer_init
                0x00004ed2                rtimer_set
                0x00004efa                rtimer_set_long
                0x00004f58                rtimer_run_next
 .text          0x00004f92       0xdc contiki-sky.a(memb.o)
                0x00004f92                memb_init
                0x00004fc8                memb_alloc
                0x00005006                memb_free
                0x00005040                memb_inmemb
 .text          0x0000506e       0xfe contiki-sky.a(list.o)
                0x0000506e                list_init
                0x00005074                list_head
                0x00005078                list_copy
                0x0000507e                list_tail
                0x00005090                list_chop
                0x000050b4                list_pop
                0x000050c2                list_remove
                0x000050f6                list_push
                0x00005110                list_add
                0x0000513a                list_length
                0x0000514a                list_insert
                0x00005160                list_item_next
 .text          0x0000516c        0xc contiki-sky.a(random.o)
                0x0000516c                random_init
                0x00005172                random_rand
 .text          0x00005178      0x124 contiki-sky.a(lwb.o)
                0x000051d8                lwb_init
                0x00005264                lwb_queue_packet
                0x0000526a                lwb_request_stream_add
                0x00005270                lwb_request_stream_del
                0x00005276                lwb_request_stream_mod
                0x0000527c                lwb_get_n_my_slots
                0x00005282                lwb_get_joining_state
                0x00005288                lwb_get_host_time
                0x00005292                lwb_get_skew
 .text          0x0000529c      0x59c contiki-sky.a(lwb-g-sync.o)
                0x0000529c                lwb_g_sync_source
                0x00005722                lwb_g_sync_host
                0x0000582e                lwb_save_ctrl_energest
                0x00005830                lwb_update_ctrl_energest
                0x00005832                lwb_g_sync_init
 .text          0x00005838      0xec8 contiki-sky.a(lwb-g-rr.o)
                0x00005a8a                lwb_g_rr_source
                0x00005ff8                lwb_g_rr_host
                0x00006508                lwb_g_rr_init
                0x00006542                lwb_g_rr_queue_packet
                0x000065b6                lwb_g_rr_data_output
                0x0000660c                lwb_g_rr_stream_add
                0x00006674                lwb_g_rr_stream_del
                0x000066aa                lwb_g_rr_stream_mod
 .text          0x00006700      0x436 contiki-sky.a(lwb-scheduler.o)
                0x00006832                lwb_sched_init
                0x0000685c                lwb_sched_compute_schedule
                0x00006a6a                lwb_sched_process_stream_req
                0x00006aa6                lwb_sched_update_data_slot_usage
                0x00006ad0                lwb_sched_update_qlen
                0x00006aee                lwb_sched_print
 .text          0x00006b36      0x2d8 contiki-sky.a(lwb-sched-compr)
                0x00006b36                lwb_sched_compress
                0x00006ce0                lwb_sched_decompress
 .text          0x00006e0e      0xc86 contiki-sky.a(glossy-arch.o)
                0x00007086                glossy_stop
                0x000070f4                glossy_reset
                0x00007138                get_rx_cnt
                0x0000713e                get_tx_cnt
                0x00007144                get_relay_cnt
                0x0000714a                get_T_slot_h
                0x00007150                is_t_ref_l_updated
                0x00007156                get_t_first_rx_l
                0x0000715c                get_t_ref_l
                0x00007162                set_t_ref_l
                0x00007168                set_t_ref_l_updated
                0x0000716e                get_state
                0x00007174                get_data_len
                0x0000717a                get_header
                0x00007180                glossy_end_rx
                0x000073c4                glossy_begin_tx
                0x000074cc                glossy_end_tx
                0x00007530                glossy_schedule_rx_timeout
                0x0000753e                glossy_begin_rx
                0x00007706                glossy_stop_rx_timeout
                0x0000770c                glossy_schedule_initiator_timeout
                0x00007798                glossy_start
                0x0000791e                timerb1_interrupt
                0x0000791e                __isr_12
                0x00007a8e                glossy_stop_initiator_timeout
 .text          0x00007a94      0x192 contiki-sky.a(msp430.o)
                0x00007a94                w_memcpy
                0x00007aa6                w_memset
                0x00007ab8                msp430_init_dco
                0x00007b3c                msp430_cpu_init
                0x00007b62                sbrk
                0x00007bbc                splhigh_
                0x00007bc4                splx_
                0x00007bc8                msp430_sync_dco
 .text          0x00007c26      0x15c contiki-sky.a(leds.o)
                0x00007cd6                leds_init
                0x00007ce4                leds_get
                0x00007cea                leds_on
                0x00007cfe                leds_off
                0x00007d12                leds_invert
                0x00007d1c                leds_toggle
                0x00007d22                leds_blink
                0x00007d46                leds_green
                0x00007d5a                leds_yellow
                0x00007d6e                leds_red
 .text          0x00007d82      0x154 contiki-sky.a(watchdog.o)
                0x00007df6                __isr_10
                0x00007df6                watchdog_interrupt
                0x00007e84                watchdog_start
                0x00007e98                watchdog_periodic
                0x00007eb0                watchdog_stop
                0x00007ebc                watchdog_init
                0x00007ed0                watchdog_reboot
 .text          0x00007ed6      0x37a contiki-sky.a(xmem.o)
                0x00007f46                xmem_init
                0x00007f84                xmem_pread
                0x0000805c                xmem_pwrite
                0x0000819a                xmem_erase
 .text          0x00008250      0x40e contiki-sky.a(cc2420.o)
                0x0000826c                cc2420_init
                0x00008554                cc2420_set_channel
                0x000085b8                cc2420_set_tx_power
 .text          0x0000865e       0x6e contiki-sky.a(node-id.o)
                0x0000865e                node_id_restore
                0x00008696                node_id_burn
 .text          0x000086cc      0x1b2 contiki-sky.a(uart1.o)
                0x000086cc                uart1_active
                0x000086e4                uart1_set_input
                0x000086ea                uart1_writeb
                0x0000871c                uart1_init
                0x000087fa                uart1_rx_interrupt
                0x000087fa                __isr_3
                0x0000884e                __isr_2
                0x0000884e                uart1_tx_interrupt
 .text          0x0000887e      0x174 contiki-sky.a(ds2411.o)
                0x000088d0                ds2411_init
 .text          0x000089f2      0x1b2 contiki-sky.a(clock.o)
                0x000089f2                etimer_interrupt
                0x00008a64                __isr_5
                0x00008a64                timera1
                0x00008ad4                clock_time
                0x00008aee                clock_set
                0x00008b04                clock_fine_max
                0x00008b0a                clock_fine
                0x00008b14                clock_init
                0x00008b3c                clock_delay
                0x00008b42                clock_wait
                0x00008b82                clock_set_seconds
                0x00008b84                clock_seconds
                0x00008b9e                clock_counter
 .text          0x00008ba4       0x7c contiki-sky.a(leds-arch.o)
                0x00008ba4                leds_arch_init
                0x00008bb2                leds_arch_get
                0x00008be6                leds_arch_set
 .text          0x00008c20       0x10 contiki-sky.a(uart1-putchar.o)
                0x00008c20                putchar
 .text          0x00008c30       0x3c contiki-sky.a(rtimer-arch.o)
                0x00008c30                __isr_6
                0x00008c30                timera0
                0x00008c4c                rtimer_arch_init
                0x00008c5a                rtimer_arch_schedule
 .text          0x00008c6c       0x90 contiki-sky.a(timer.o)
                0x00008c6c                timer_set
                0x00008c88                timer_reset
                0x00008c96                timer_restart
                0x00008caa                timer_expired
                0x00008cd4                timer_remaining
 .text          0x00008cfc       0x98 contiki-sky.a(ringbuf.o)
                0x00008cfc                ringbuf_init
                0x00008d10                ringbuf_put
                0x00008d48                ringbuf_get
                0x00008d7a                ringbuf_size
                0x00008d82                ringbuf_elements
 .text          0x00008d94       0x32 contiki-sky.a(spi.o)
                0x00008d94                spi_init
 .text          0x00008dc6        0x0 /usr/lib/gcc/msp430/4.6.3/mmpy-16/libgcc.a(_mulsi3.o)
 .text.libgcc   0x00008dc6       0x2c /usr/lib/gcc/msp430/4.6.3/mmpy-16/libgcc.a(_mulsi3.o)
                0x00008dc6                __mulsi3
 .text          0x00008df2        0x0 /usr/lib/gcc/msp430/4.6.3/mmpy-16/libgcc.a(_udivmod16.o)
 .text.libgcc   0x00008df2       0x22 /usr/lib/gcc/msp430/4.6.3/mmpy-16/libgcc.a(_udivmod16.o)
                0x00008df2                __udivhi3
                0x00008df2                __ext_udivmod16
                0x00008e0c                __umodhi3
 .text          0x00008e14        0x0 /usr/lib/gcc/msp430/4.6.3/mmpy-16/libgcc.a(_udivmod32.o)
 .text.libgcc   0x00008e14       0x40 /usr/lib/gcc/msp430/4.6.3/mmpy-16/libgcc.a(_udivmod32.o)
                0x00008e14                __udivsi3
                0x00008e14                __ext_udivmod32
                0x00008e4a                __umodsi3
 .text          0x00008e54        0x0 /usr/lib/gcc/msp430/4.6.3/mmpy-16/libgcc.a(_divmod32.o)
 .text.libgcc   0x00008e54       0x4c /usr/lib/gcc/msp430/4.6.3/mmpy-16/libgcc.a(_divmod32.o)
                0x00008e54                __ext_divmod32
                0x00008e54                __divsi3
                0x00008e96                __modsi3
 .text          0x00008ea0       0x42 /usr/lib/gcc/msp430/4.6.3/mmpy-16/libgcc.a(_fixunssfsi.o)
                0x00008ea0                __fixunssfsi
 .text          0x00008ee2      0x32e /usr/lib/gcc/msp430/4.6.3/mmpy-16/libgcc.a(_addsub_sf.o)
                0x00009174                __addsf3
                0x000091c0                __subsf3
 .text          0x00009210      0x224 /usr/lib/gcc/msp430/4.6.3/mmpy-16/libgcc.a(_mul_sf.o)
                0x00009210                __mulsf3
 .text          0x00009434      0x150 /usr/lib/gcc/msp430/4.6.3/mmpy-16/libgcc.a(_div_sf.o)
                0x00009434                __divsf3
 .text          0x00009584       0x50 /usr/lib/gcc/msp430/4.6.3/mmpy-16/libgcc.a(_ge_sf.o)
                0x00009584                __gesf2
 .text          0x000095d4       0x90 /usr/lib/gcc/msp430/4.6.3/mmpy-16/libgcc.a(_sf_to_si.o)
                0x000095d4                __fixsfsi
 .text          0x00009664        0x0 /usr/lib/gcc/msp430/4.6.3/mmpy-16/libgcc.a(_thenan_sf.o)
 .text          0x00009664       0xe2 /usr/lib/gcc/msp430/4.6.3/mmpy-16/libgcc.a(_usi_to_sf.o)
                0x00009664                __floatunsisf
 .text          0x00009746       0x72 /usr/lib/gcc/msp430/4.6.3/mmpy-16/libgcc.a(_clzsi2.o)
                0x00009746                __clzsi2
 .text          0x000097b8      0x1de /usr/lib/gcc/msp430/4.6.3/mmpy-16/libgcc.a(_pack_sf.o)
                0x000097b8                __pack_f
 .text          0x00009996      0x124 /usr/lib/gcc/msp430/4.6.3/mmpy-16/libgcc.a(_unpack_sf.o)
                0x00009996                __unpack_f
 .text          0x00009aba       0xa4 /usr/lib/gcc/msp430/4.6.3/mmpy-16/libgcc.a(_fpcmp_parts_sf.o)
                0x00009aba                __fpcmp_parts_f
 .text          0x00009b5e        0x0 /usr/lib/gcc/msp430/4.6.3/mmpy-16/libgcc.a(_clz.o)
 .text          0x00009b5e       0xfa /usr/lib/gcc/msp430/4.6.3/../../../../msp430/lib/mmpy-16/libc.a(memcpy.o)
                0x00009b5e                memcpy
 .text          0x00009c58      0x114 /usr/lib/gcc/msp430/4.6.3/../../../../msp430/lib/mmpy-16/libc.a(malloc.o)
                0x00009c58                malloc
                0x00009d64                free
 .text          0x00009d6c       0x1e /usr/lib/gcc/msp430/4.6.3/../../../../msp430/lib/mmpy-16/libc.a(printf.o)
                0x00009d6c                printf
                0x00009d7c                vprintf
 .text          0x00009d8a      0x836 /usr/lib/gcc/msp430/4.6.3/../../../../msp430/lib/mmpy-16/libc.a(vuprintf.o)
                0x00009f22                vuprintf
 .text          0x0000a5c0       0x2c /usr/lib/gcc/msp430/4.6.3/../../../../msp430/lib/mmpy-16/libc.a(puts.o)
                0x0000a5c0                puts
 .text          0x0000a5ec       0x54 /usr/lib/gcc/msp430/4.6.3/../../../../msp430/lib/mmpy-16/libc.a(rand.o)
                0x0000a5ec                rand_r
                0x0000a610                rand
                0x0000a636                srand
 .text          0x0000a640        0x0 /usr/lib/gcc/msp430/4.6.3/mmpy-16/libgcc.a(_udivmod64.o)
 .text.libgcc   0x0000a640       0xf0 /usr/lib/gcc/msp430/4.6.3/mmpy-16/libgcc.a(_udivmod64.o)
                0x0000a640                __xabi_udivmod64
                0x0000a69e                __udivdi3
                0x0000a6c4                __umoddi3
                0x0000a6f2                __udivmoddi4
 .text          0x0000a730        0x0 /usr/lib/gcc/msp430/4.6.3/mmpy-16/libcrt0.a(_reset_vector__.o)
 .text          0x0000a730        0x0 /usr/lib/gcc/msp430/4.6.3/mmpy-16/libcrt0.a(__watchdog_support.o)
 .text          0x0000a730        0x0 /usr/lib/gcc/msp430/4.6.3/mmpy-16/libcrt0.a(__init_stack.o)
 .text          0x0000a730        0x0 /usr/lib/gcc/msp430/4.6.3/mmpy-16/libcrt0.a(__low_level_init.o)
 .text          0x0000a730        0x0 /usr/lib/gcc/msp430/4.6.3/mmpy-16/libcrt0.a(_copy_data.o)
 .text          0x0000a730        0x0 /usr/lib/gcc/msp430/4.6.3/mmpy-16/libcrt0.a(_clear_bss.o)
 .text          0x0000a730        0x0 /usr/lib/gcc/msp430/4.6.3/mmpy-16/libcrt0.a(__stop_progExec__.o)
 .text          0x0000a730        0x0 /usr/lib/gcc/msp430/4.6.3/mmpy-16/libcrt0.a(_endless_loop__.o)
 .text          0x0000a730        0x0 /usr/lib/gcc/msp430/4.6.3/mmpy-16/libcrt0.a(_unexpected_.o)
 .text.crt0     0x0000a730        0x2 /usr/lib/gcc/msp430/4.6.3/mmpy-16/libcrt0.a(_unexpected_.o)
                0x0000a730                _unexpected_
                0x0000a732                . = ALIGN (0x2)

.rodata         0x0000a732      0x388
                0x0000a732                . = ALIGN (0x2)
 *(.rodata .rodata.* .gnu.linkonce.r.*)
 .rodata        0x0000a732      0x100 dewi-app.co
                0x0000a7de                autostart_processes
 .rodata        0x0000a832       0xb3 obj_sky/lwb-print.o
 .rodata        0x0000a8e5       0x50 obj_sky/contiki-sky-main.o
 .rodata        0x0000a935        0xc contiki-sky.a(etimer.o)
 .rodata        0x0000a941        0x9 contiki-sky.a(lwb.o)
 .rodata        0x0000a94a        0xa contiki-sky.a(lwb-g-sync.o)
 .rodata        0x0000a954        0xb contiki-sky.a(lwb-scheduler.o)
 .rodata        0x0000a95f       0x1c contiki-sky.a(glossy-arch.o)
 .rodata        0x0000a97b       0x2f contiki-sky.a(watchdog.o)
 .rodata        0x0000a9aa        0x8 /usr/lib/gcc/msp430/4.6.3/mmpy-16/libgcc.a(_thenan_sf.o)
                0x0000a9aa                __thenan_sf
 .rodata        0x0000a9b2      0x100 /usr/lib/gcc/msp430/4.6.3/mmpy-16/libgcc.a(_clz.o)
                0x0000a9b2                __clz_tab
 .rodata        0x0000aab2        0x7 /usr/lib/gcc/msp430/4.6.3/../../../../msp430/lib/mmpy-16/libc.a(vuprintf.o)
                0x0000aaba                . = ALIGN (0x2)
 *fill*         0x0000aab9        0x1 00
                0x0000aaba                _etext = .

.data           0x00001100       0x84 load address 0x0000aaba
                0x00001100                . = ALIGN (0x2)
                0x00001100                PROVIDE (__data_start, .)
 *(.data .data.* .gnu.linkonce.d.*)
 .data          0x00001100        0x0 /usr/lib/gcc/msp430/4.6.3/mmpy-16/crt0ivtbl16.o
 .data          0x00001100       0x3e dewi-app.co
                0x00001100                lwb_callbacks
                0x00001104                dewi_app_lamp
                0x0000110e                dewi_app_lightswitch
                0x00001118                dewi_app_server
                0x00001122                dewi_app_host
                0x0000112c                dewi_app_start
 .data          0x0000113e        0x0 obj_sky/lwb-print.o
 .data          0x0000113e        0x0 obj_sky/contiki-sky-main.o
 .data          0x0000113e        0x0 contiki-sky.a(process.o)
 .data          0x0000113e        0x0 contiki-sky.a(autostart.o)
 .data          0x0000113e        0xa contiki-sky.a(etimer.o)
                0x0000113e                etimer_process
 .data          0x00001148        0x0 contiki-sky.a(energest.o)
 .data          0x00001148        0x0 contiki-sky.a(rtimer.o)
 .data          0x00001148        0x0 contiki-sky.a(memb.o)
 .data          0x00001148        0x0 contiki-sky.a(list.o)
 .data          0x00001148        0x0 contiki-sky.a(random.o)
 .data          0x00001148        0xa contiki-sky.a(lwb.o)
                0x00001148                lwb_main_process
 .data          0x00001152        0x0 contiki-sky.a(lwb-g-sync.o)
 .data          0x00001152       0x12 contiki-sky.a(lwb-g-rr.o)
 .data          0x00001164       0x10 contiki-sky.a(lwb-scheduler.o)
 .data          0x00001174        0x0 contiki-sky.a(lwb-sched-compr)
 .data          0x00001174        0xa contiki-sky.a(glossy-arch.o)
                0x00001174                glossy_process
 .data          0x0000117e        0x2 contiki-sky.a(msp430.o)
 .data          0x00001180        0x0 contiki-sky.a(leds.o)
 .data          0x00001180        0x0 contiki-sky.a(watchdog.o)
 .data          0x00001180        0x0 contiki-sky.a(xmem.o)
 .data          0x00001180        0x0 contiki-sky.a(cc2420.o)
 .data          0x00001180        0x0 contiki-sky.a(node-id.o)
 .data          0x00001180        0x0 contiki-sky.a(uart1.o)
 .data          0x00001180        0x0 contiki-sky.a(ds2411.o)
 .data          0x00001180        0x0 contiki-sky.a(clock.o)
 .data          0x00001180        0x0 contiki-sky.a(leds-arch.o)
 .data          0x00001180        0x0 contiki-sky.a(uart1-putchar.o)
 .data          0x00001180        0x0 contiki-sky.a(rtimer-arch.o)
 .data          0x00001180        0x0 contiki-sky.a(timer.o)
 .data          0x00001180        0x0 contiki-sky.a(ringbuf.o)
 .data          0x00001180        0x0 contiki-sky.a(spi.o)
 .data          0x00001180        0x0 /usr/lib/gcc/msp430/4.6.3/mmpy-16/libgcc.a(_mulsi3.o)
 .data          0x00001180        0x0 /usr/lib/gcc/msp430/4.6.3/mmpy-16/libgcc.a(_udivmod16.o)
 .data          0x00001180        0x0 /usr/lib/gcc/msp430/4.6.3/mmpy-16/libgcc.a(_udivmod32.o)
 .data          0x00001180        0x0 /usr/lib/gcc/msp430/4.6.3/mmpy-16/libgcc.a(_divmod32.o)
 .data          0x00001180        0x0 /usr/lib/gcc/msp430/4.6.3/mmpy-16/libgcc.a(_fixunssfsi.o)
 .data          0x00001180        0x0 /usr/lib/gcc/msp430/4.6.3/mmpy-16/libgcc.a(_addsub_sf.o)
 .data          0x00001180        0x0 /usr/lib/gcc/msp430/4.6.3/mmpy-16/libgcc.a(_mul_sf.o)
 .data          0x00001180        0x0 /usr/lib/gcc/msp430/4.6.3/mmpy-16/libgcc.a(_div_sf.o)
 .data          0x00001180        0x0 /usr/lib/gcc/msp430/4.6.3/mmpy-16/libgcc.a(_ge_sf.o)
 .data          0x00001180        0x0 /usr/lib/gcc/msp430/4.6.3/mmpy-16/libgcc.a(_sf_to_si.o)
 .data          0x00001180        0x0 /usr/lib/gcc/msp430/4.6.3/mmpy-16/libgcc.a(_thenan_sf.o)
 .data          0x00001180        0x0 /usr/lib/gcc/msp430/4.6.3/mmpy-16/libgcc.a(_usi_to_sf.o)
 .data          0x00001180        0x0 /usr/lib/gcc/msp430/4.6.3/mmpy-16/libgcc.a(_clzsi2.o)
 .data          0x00001180        0x0 /usr/lib/gcc/msp430/4.6.3/mmpy-16/libgcc.a(_pack_sf.o)
 .data          0x00001180        0x0 /usr/lib/gcc/msp430/4.6.3/mmpy-16/libgcc.a(_unpack_sf.o)
 .data          0x00001180        0x0 /usr/lib/gcc/msp430/4.6.3/mmpy-16/libgcc.a(_fpcmp_parts_sf.o)
 .data          0x00001180        0x0 /usr/lib/gcc/msp430/4.6.3/mmpy-16/libgcc.a(_clz.o)
 .data          0x00001180        0x0 /usr/lib/gcc/msp430/4.6.3/../../../../msp430/lib/mmpy-16/libc.a(memcpy.o)
 .data          0x00001180        0x0 /usr/lib/gcc/msp430/4.6.3/../../../../msp430/lib/mmpy-16/libc.a(malloc.o)
 .data          0x00001180        0x0 /usr/lib/gcc/msp430/4.6.3/../../../../msp430/lib/mmpy-16/libc.a(printf.o)
 .data          0x00001180        0x0 /usr/lib/gcc/msp430/4.6.3/../../../../msp430/lib/mmpy-16/libc.a(vuprintf.o)
 .data          0x00001180        0x0 /usr/lib/gcc/msp430/4.6.3/../../../../msp430/lib/mmpy-16/libc.a(puts.o)
 .data          0x00001180        0x4 /usr/lib/gcc/msp430/4.6.3/../../../../msp430/lib/mmpy-16/libc.a(rand.o)
 .data          0x00001184        0x0 /usr/lib/gcc/msp430/4.6.3/mmpy-16/libgcc.a(_udivmod64.o)
 .data          0x00001184        0x0 /usr/lib/gcc/msp430/4.6.3/mmpy-16/libcrt0.a(_reset_vector__.o)
 .data          0x00001184        0x0 /usr/lib/gcc/msp430/4.6.3/mmpy-16/libcrt0.a(__watchdog_support.o)
 .data          0x00001184        0x0 /usr/lib/gcc/msp430/4.6.3/mmpy-16/libcrt0.a(__init_stack.o)
 .data          0x00001184        0x0 /usr/lib/gcc/msp430/4.6.3/mmpy-16/libcrt0.a(__low_level_init.o)
 .data          0x00001184        0x0 /usr/lib/gcc/msp430/4.6.3/mmpy-16/libcrt0.a(_copy_data.o)
 .data          0x00001184        0x0 /usr/lib/gcc/msp430/4.6.3/mmpy-16/libcrt0.a(_clear_bss.o)
 .data          0x00001184        0x0 /usr/lib/gcc/msp430/4.6.3/mmpy-16/libcrt0.a(__stop_progExec__.o)
 .data          0x00001184        0x0 /usr/lib/gcc/msp430/4.6.3/mmpy-16/libcrt0.a(_endless_loop__.o)
 .data          0x00001184        0x0 /usr/lib/gcc/msp430/4.6.3/mmpy-16/libcrt0.a(_unexpected_.o)
                0x00001184                . = ALIGN (0x2)
                0x00001184                _edata = .
                0x0000aaba                PROVIDE (__data_load_start, LOADADDR (.data))
                0x00000084                PROVIDE (__data_size, SIZEOF (.data))

.bss            0x00001184      0xcae load address 0x0000ab3e
                0x00001184                PROVIDE (__bss_start, .)
 *(.bss .bss.*)
 .bss           0x00001184        0x0 /usr/lib/gcc/msp430/4.6.3/mmpy-16/crt0ivtbl16.o
 .bss           0x00001184      0x1d6 dewi-app.co
                0x00001184                printCounter
                0x00001186                seqNo
                0x00001188                firstBurst
                0x0000118a                rAck
                0x0000118c                nAck
                0x0000118e                rxCounter
                0x00001190                burstCount
                0x00001192                msgCount
 .bss           0x0000135a        0x0 obj_sky/lwb-print.o
 .bss           0x0000135a        0x4 obj_sky/contiki-sky-main.o
 .bss           0x0000135e       0x42 contiki-sky.a(process.o)
                0x0000135e                process_current
                0x00001360                process_list
 .bss           0x000013a0        0x0 contiki-sky.a(autostart.o)
 .bss           0x000013a0        0x6 contiki-sky.a(etimer.o)
 .bss           0x000013a6        0x0 contiki-sky.a(energest.o)
 .bss           0x000013a6        0x2 contiki-sky.a(rtimer.o)
 .bss           0x000013a8        0x0 contiki-sky.a(memb.o)
 .bss           0x000013a8        0x0 contiki-sky.a(list.o)
 .bss           0x000013a8        0x0 contiki-sky.a(random.o)
 .bss           0x000013a8        0x0 contiki-sky.a(lwb.o)
 .bss           0x000013a8        0x2 contiki-sky.a(lwb-g-sync.o)
 .bss           0x000013aa      0x2e2 contiki-sky.a(lwb-g-rr.o)
 .bss           0x0000168c      0x328 contiki-sky.a(lwb-scheduler.o)
 .bss           0x000019b4       0x80 contiki-sky.a(lwb-sched-compr)
 .bss           0x00001a34       0x4a contiki-sky.a(glossy-arch.o)
 .bss           0x00001a7e        0x0 contiki-sky.a(msp430.o)
 .bss           0x00001a7e        0x2 contiki-sky.a(leds.o)
 .bss           0x00001a80        0x6 contiki-sky.a(watchdog.o)
 .bss           0x00001a86        0x0 contiki-sky.a(xmem.o)
 .bss           0x00001a86        0x0 contiki-sky.a(cc2420.o)
 .bss           0x00001a86        0x2 contiki-sky.a(node-id.o)
                0x00001a86                node_id
 .bss           0x00001a88       0x4a contiki-sky.a(uart1.o)
 .bss           0x00001ad2        0x0 contiki-sky.a(ds2411.o)
 .bss           0x00001ad2        0xa contiki-sky.a(clock.o)
 .bss           0x00001adc        0x0 contiki-sky.a(leds-arch.o)
 .bss           0x00001adc        0x0 contiki-sky.a(uart1-putchar.o)
 .bss           0x00001adc        0x0 contiki-sky.a(rtimer-arch.o)
 .bss           0x00001adc        0x0 contiki-sky.a(timer.o)
 .bss           0x00001adc        0x0 contiki-sky.a(ringbuf.o)
 .bss           0x00001adc        0x2 contiki-sky.a(spi.o)
                0x00001adc                spi_busy
 .bss           0x00001ade        0x0 /usr/lib/gcc/msp430/4.6.3/mmpy-16/libgcc.a(_mulsi3.o)
 .bss           0x00001ade        0x0 /usr/lib/gcc/msp430/4.6.3/mmpy-16/libgcc.a(_udivmod16.o)
 .bss           0x00001ade        0x0 /usr/lib/gcc/msp430/4.6.3/mmpy-16/libgcc.a(_udivmod32.o)
 .bss           0x00001ade        0x0 /usr/lib/gcc/msp430/4.6.3/mmpy-16/libgcc.a(_divmod32.o)
 .bss           0x00001ade        0x0 /usr/lib/gcc/msp430/4.6.3/mmpy-16/libgcc.a(_fixunssfsi.o)
 .bss           0x00001ade        0x0 /usr/lib/gcc/msp430/4.6.3/mmpy-16/libgcc.a(_addsub_sf.o)
 .bss           0x00001ade        0x0 /usr/lib/gcc/msp430/4.6.3/mmpy-16/libgcc.a(_mul_sf.o)
 .bss           0x00001ade        0x0 /usr/lib/gcc/msp430/4.6.3/mmpy-16/libgcc.a(_div_sf.o)
 .bss           0x00001ade        0x0 /usr/lib/gcc/msp430/4.6.3/mmpy-16/libgcc.a(_ge_sf.o)
 .bss           0x00001ade        0x0 /usr/lib/gcc/msp430/4.6.3/mmpy-16/libgcc.a(_sf_to_si.o)
 .bss           0x00001ade        0x0 /usr/lib/gcc/msp430/4.6.3/mmpy-16/libgcc.a(_thenan_sf.o)
 .bss           0x00001ade        0x0 /usr/lib/gcc/msp430/4.6.3/mmpy-16/libgcc.a(_usi_to_sf.o)
 .bss           0x00001ade        0x0 /usr/lib/gcc/msp430/4.6.3/mmpy-16/libgcc.a(_clzsi2.o)
 .bss           0x00001ade        0x0 /usr/lib/gcc/msp430/4.6.3/mmpy-16/libgcc.a(_pack_sf.o)
 .bss           0x00001ade        0x0 /usr/lib/gcc/msp430/4.6.3/mmpy-16/libgcc.a(_unpack_sf.o)
 .bss           0x00001ade        0x0 /usr/lib/gcc/msp430/4.6.3/mmpy-16/libgcc.a(_fpcmp_parts_sf.o)
 .bss           0x00001ade        0x0 /usr/lib/gcc/msp430/4.6.3/mmpy-16/libgcc.a(_clz.o)
 .bss           0x00001ade        0x0 /usr/lib/gcc/msp430/4.6.3/../../../../msp430/lib/mmpy-16/libc.a(memcpy.o)
 .bss           0x00001ade        0x1 /usr/lib/gcc/msp430/4.6.3/../../../../msp430/lib/mmpy-16/libc.a(malloc.o)
 .bss           0x00001adf        0x0 /usr/lib/gcc/msp430/4.6.3/../../../../msp430/lib/mmpy-16/libc.a(printf.o)
 .bss           0x00001adf        0x0 /usr/lib/gcc/msp430/4.6.3/../../../../msp430/lib/mmpy-16/libc.a(vuprintf.o)
 .bss           0x00001adf        0x0 /usr/lib/gcc/msp430/4.6.3/../../../../msp430/lib/mmpy-16/libc.a(puts.o)
 .bss           0x00001adf        0x0 /usr/lib/gcc/msp430/4.6.3/../../../../msp430/lib/mmpy-16/libc.a(rand.o)
 .bss           0x00001adf        0x0 /usr/lib/gcc/msp430/4.6.3/mmpy-16/libgcc.a(_udivmod64.o)
 .bss           0x00001adf        0x0 /usr/lib/gcc/msp430/4.6.3/mmpy-16/libcrt0.a(_reset_vector__.o)
 .bss           0x00001adf        0x0 /usr/lib/gcc/msp430/4.6.3/mmpy-16/libcrt0.a(__watchdog_support.o)
 .bss           0x00001adf        0x0 /usr/lib/gcc/msp430/4.6.3/mmpy-16/libcrt0.a(__init_stack.o)
 .bss           0x00001adf        0x0 /usr/lib/gcc/msp430/4.6.3/mmpy-16/libcrt0.a(__low_level_init.o)
 .bss           0x00001adf        0x0 /usr/lib/gcc/msp430/4.6.3/mmpy-16/libcrt0.a(_copy_data.o)
 .bss           0x00001adf        0x0 /usr/lib/gcc/msp430/4.6.3/mmpy-16/libcrt0.a(_clear_bss.o)
 .bss           0x00001adf        0x0 /usr/lib/gcc/msp430/4.6.3/mmpy-16/libcrt0.a(__stop_progExec__.o)
 .bss           0x00001adf        0x0 /usr/lib/gcc/msp430/4.6.3/mmpy-16/libcrt0.a(_endless_loop__.o)
 .bss           0x00001adf        0x0 /usr/lib/gcc/msp430/4.6.3/mmpy-16/libcrt0.a(_unexpected_.o)
 *(COMMON)
 *fill*         0x00001adf        0x1 00
 COMMON         0x00001ae0       0x30 dewi-app.co
                0x00001ae0                neighUpdateFinishTimer
                0x00001aec                burstTimer
                0x00001af8                messageTimer
                0x00001b04                neighUpdateTimer
 COMMON         0x00001b10        0x1 contiki-sky.a(process.o)
                0x00001b10                process_maxevents
 *fill*         0x00001b11        0x1 00
 COMMON         0x00001b12       0x56 contiki-sky.a(energest.o)
                0x00001b12                energest_total_time
                0x00001b42                energest_total_count
                0x00001b44                energest_current_mode
                0x00001b50                energest_current_time
 COMMON         0x00001b68      0x248 contiki-sky.a(lwb.o)
                0x00001b68                lwb_context
 COMMON         0x00001db0       0x7a contiki-sky.a(lwb-scheduler.o)
                0x00001db0                n_curr_streams
                0x00001db2                curr_sched_streams
 COMMON         0x00001e2a        0x8 contiki-sky.a(ds2411.o)
                0x00001e2a                ds2411_id
                0x00001e32                . = ALIGN (0x2)
                0x00001e32                PROVIDE (__bss_end, .)
                0x00000cae                PROVIDE (__bss_size, SIZEOF (.bss))

.noinit         0x00001e32        0x2 load address 0x0000ab3e
                0x00001e32                PROVIDE (__noinit_start, .)
 *(.noinit .noinit.*)
 .noinit.crt0   0x00001e32        0x2 /usr/lib/gcc/msp430/4.6.3/mmpy-16/libcrt0.a(__watchdog_support.o)
                0x00001e32                __wdt_clear_value
                0x00001e34                . = ALIGN (0x2)
                0x00001e34                PROVIDE (__noinit_end, .)
                0x00001e34                . = ALIGN (0x2)
                0x00001e34                _end = .

.infomem        0x00001000        0x0
 *(.infomem)
                0x00001000                . = ALIGN (0x2)
 *(.infomem.*)

.infomemnobits  0x00001000        0x0
 *(.infomemnobits)
                0x00001000                . = ALIGN (0x2)
 *(.infomemnobits.*)

.infoa
 *(.infoa .infoa.*)

.infob
 *(.infob .infob.*)

.infoc
 *(.infoc .infoc.*)

.infod
 *(.infod .infod.*)

.vectors        0x0000ffe0       0x20
                0x0000ffe0                PROVIDE (__vectors_start, .)
 *(.vectors*)
 .vectors       0x0000ffe0       0x20 /usr/lib/gcc/msp430/4.6.3/mmpy-16/crt0ivtbl16.o
                0x0000ffe0                __ivtbl_16
                0x00010000                _vectors_end = .

.fartext        0x00000000        0x0
                0x00000000                . = ALIGN (0x2)
 *(.fartext)
                0x00000000                . = ALIGN (0x2)
 *(.fartext.*)
                0x00000000                _efartext = .

.profiler
 *(.profiler)

.stab
 *(.stab)

.stabstr
 *(.stabstr)

.stab.excl
 *(.stab.excl)

.stab.exclstr
 *(.stab.exclstr)

.stab.index
 *(.stab.index)

.stab.indexstr
 *(.stab.indexstr)

.comment
 *(.comment)

.debug
 *(.debug)

.line
 *(.line)

.debug_srcinfo
 *(.debug_srcinfo)

.debug_sfnames
 *(.debug_sfnames)

.debug_aranges  0x00000000      0x4b0
 *(.debug_aranges)
 .debug_aranges
                0x00000000       0x14 dewi-app.co
 .debug_aranges
                0x00000014       0x14 obj_sky/lwb-print.o
 .debug_aranges
                0x00000028       0x14 obj_sky/contiki-sky-main.o
 .debug_aranges
                0x0000003c       0x14 contiki-sky.a(process.o)
 .debug_aranges
                0x00000050       0x14 contiki-sky.a(autostart.o)
 .debug_aranges
                0x00000064       0x14 contiki-sky.a(etimer.o)
 .debug_aranges
                0x00000078       0x14 contiki-sky.a(energest.o)
 .debug_aranges
                0x0000008c       0x14 contiki-sky.a(rtimer.o)
 .debug_aranges
                0x000000a0       0x14 contiki-sky.a(memb.o)
 .debug_aranges
                0x000000b4       0x14 contiki-sky.a(list.o)
 .debug_aranges
                0x000000c8       0x14 contiki-sky.a(random.o)
 .debug_aranges
                0x000000dc       0x14 contiki-sky.a(lwb.o)
 .debug_aranges
                0x000000f0       0x14 contiki-sky.a(lwb-g-sync.o)
 .debug_aranges
                0x00000104       0x14 contiki-sky.a(lwb-g-rr.o)
 .debug_aranges
                0x00000118       0x14 contiki-sky.a(lwb-scheduler.o)
 .debug_aranges
                0x0000012c       0x14 contiki-sky.a(lwb-sched-compr)
 .debug_aranges
                0x00000140       0x14 contiki-sky.a(glossy-arch.o)
 .debug_aranges
                0x00000154       0x14 contiki-sky.a(msp430.o)
 .debug_aranges
                0x00000168       0x14 contiki-sky.a(leds.o)
 .debug_aranges
                0x0000017c       0x14 contiki-sky.a(watchdog.o)
 .debug_aranges
                0x00000190       0x14 contiki-sky.a(xmem.o)
 .debug_aranges
                0x000001a4       0x14 contiki-sky.a(cc2420.o)
 .debug_aranges
                0x000001b8       0x14 contiki-sky.a(node-id.o)
 .debug_aranges
                0x000001cc       0x14 contiki-sky.a(uart1.o)
 .debug_aranges
                0x000001e0       0x14 contiki-sky.a(ds2411.o)
 .debug_aranges
                0x000001f4       0x14 contiki-sky.a(clock.o)
 .debug_aranges
                0x00000208       0x14 contiki-sky.a(leds-arch.o)
 .debug_aranges
                0x0000021c       0x14 contiki-sky.a(uart1-putchar.o)
 .debug_aranges
                0x00000230       0x14 contiki-sky.a(rtimer-arch.o)
 .debug_aranges
                0x00000244       0x14 contiki-sky.a(timer.o)
 .debug_aranges
                0x00000258       0x14 contiki-sky.a(ringbuf.o)
 .debug_aranges
                0x0000026c       0x14 contiki-sky.a(spi.o)
 .debug_aranges
                0x00000280       0x14 /usr/lib/gcc/msp430/4.6.3/mmpy-16/libgcc.a(_mulsi3.o)
 .debug_aranges
                0x00000294       0x14 /usr/lib/gcc/msp430/4.6.3/mmpy-16/libgcc.a(_udivmod16.o)
 .debug_aranges
                0x000002a8       0x14 /usr/lib/gcc/msp430/4.6.3/mmpy-16/libgcc.a(_udivmod32.o)
 .debug_aranges
                0x000002bc       0x14 /usr/lib/gcc/msp430/4.6.3/mmpy-16/libgcc.a(_divmod32.o)
 .debug_aranges
                0x000002d0       0x14 /usr/lib/gcc/msp430/4.6.3/mmpy-16/libgcc.a(_fixunssfsi.o)
 .debug_aranges
                0x000002e4       0x14 /usr/lib/gcc/msp430/4.6.3/mmpy-16/libgcc.a(_addsub_sf.o)
 .debug_aranges
                0x000002f8       0x14 /usr/lib/gcc/msp430/4.6.3/mmpy-16/libgcc.a(_mul_sf.o)
 .debug_aranges
                0x0000030c       0x14 /usr/lib/gcc/msp430/4.6.3/mmpy-16/libgcc.a(_div_sf.o)
 .debug_aranges
                0x00000320       0x14 /usr/lib/gcc/msp430/4.6.3/mmpy-16/libgcc.a(_ge_sf.o)
 .debug_aranges
                0x00000334       0x14 /usr/lib/gcc/msp430/4.6.3/mmpy-16/libgcc.a(_sf_to_si.o)
 .debug_aranges
                0x00000348       0x14 /usr/lib/gcc/msp430/4.6.3/mmpy-16/libgcc.a(_usi_to_sf.o)
 .debug_aranges
                0x0000035c       0x14 /usr/lib/gcc/msp430/4.6.3/mmpy-16/libgcc.a(_clzsi2.o)
 .debug_aranges
                0x00000370       0x14 /usr/lib/gcc/msp430/4.6.3/mmpy-16/libgcc.a(_pack_sf.o)
 .debug_aranges
                0x00000384       0x14 /usr/lib/gcc/msp430/4.6.3/mmpy-16/libgcc.a(_unpack_sf.o)
 .debug_aranges
                0x00000398       0x14 /usr/lib/gcc/msp430/4.6.3/mmpy-16/libgcc.a(_fpcmp_parts_sf.o)
 .debug_aranges
                0x000003ac       0x14 /usr/lib/gcc/msp430/4.6.3/../../../../msp430/lib/mmpy-16/libc.a(memcpy.o)
 .debug_aranges
                0x000003c0       0x14 /usr/lib/gcc/msp430/4.6.3/../../../../msp430/lib/mmpy-16/libc.a(malloc.o)
 .debug_aranges
                0x000003d4       0x14 /usr/lib/gcc/msp430/4.6.3/../../../../msp430/lib/mmpy-16/libc.a(printf.o)
 .debug_aranges
                0x000003e8       0x14 /usr/lib/gcc/msp430/4.6.3/../../../../msp430/lib/mmpy-16/libc.a(vuprintf.o)
 .debug_aranges
                0x000003fc       0x14 /usr/lib/gcc/msp430/4.6.3/../../../../msp430/lib/mmpy-16/libc.a(puts.o)
 .debug_aranges
                0x00000410       0x14 /usr/lib/gcc/msp430/4.6.3/../../../../msp430/lib/mmpy-16/libc.a(rand.o)
 .debug_aranges
                0x00000424       0x14 /usr/lib/gcc/msp430/4.6.3/mmpy-16/libgcc.a(_udivmod64.o)
 .debug_aranges
                0x00000438       0x14 /usr/lib/gcc/msp430/4.6.3/mmpy-16/libcrt0.a(__watchdog_support.o)
 .debug_aranges
                0x0000044c       0x14 /usr/lib/gcc/msp430/4.6.3/mmpy-16/libcrt0.a(__init_stack.o)
 .debug_aranges
                0x00000460       0x14 /usr/lib/gcc/msp430/4.6.3/mmpy-16/libcrt0.a(_copy_data.o)
 .debug_aranges
                0x00000474       0x14 /usr/lib/gcc/msp430/4.6.3/mmpy-16/libcrt0.a(_clear_bss.o)
 .debug_aranges
                0x00000488       0x14 /usr/lib/gcc/msp430/4.6.3/mmpy-16/libcrt0.a(_endless_loop__.o)
 .debug_aranges
                0x0000049c       0x14 /usr/lib/gcc/msp430/4.6.3/mmpy-16/libcrt0.a(_unexpected_.o)

.debug_pubnames
 *(.debug_pubnames)

.debug_info     0x00000000     0xb91e
 *(.debug_info)
 .debug_info    0x00000000      0x99d dewi-app.co
 .debug_info    0x0000099d      0x567 obj_sky/lwb-print.o
 .debug_info    0x00000f04      0x346 obj_sky/contiki-sky-main.o
 .debug_info    0x0000124a      0x53f contiki-sky.a(process.o)
 .debug_info    0x00001789      0x1ad contiki-sky.a(autostart.o)
 .debug_info    0x00001936      0x4aa contiki-sky.a(etimer.o)
 .debug_info    0x00001de0      0x265 contiki-sky.a(energest.o)
 .debug_info    0x00002045      0x29e contiki-sky.a(rtimer.o)
 .debug_info    0x000022e3      0x194 contiki-sky.a(memb.o)
 .debug_info    0x00002477      0x2f0 contiki-sky.a(list.o)
 .debug_info    0x00002767       0xa0 contiki-sky.a(random.o)
 .debug_info    0x00002807      0x89d contiki-sky.a(lwb.o)
 .debug_info    0x000030a4      0x916 contiki-sky.a(lwb-g-sync.o)
 .debug_info    0x000039ba      0xfcc contiki-sky.a(lwb-g-rr.o)
 .debug_info    0x00004986      0xbf0 contiki-sky.a(lwb-scheduler.o)
 .debug_info    0x00005576      0x31d contiki-sky.a(lwb-sched-compr)
 .debug_info    0x00005893      0xf3c contiki-sky.a(glossy-arch.o)
 .debug_info    0x000067cf      0x36a contiki-sky.a(msp430.o)
 .debug_info    0x00006b39      0x2fd contiki-sky.a(leds.o)
 .debug_info    0x00006e36      0x210 contiki-sky.a(watchdog.o)
 .debug_info    0x00007046      0x4ae contiki-sky.a(xmem.o)
 .debug_info    0x000074f4      0x39f contiki-sky.a(cc2420.o)
 .debug_info    0x00007893       0xde contiki-sky.a(node-id.o)
 .debug_info    0x00007971      0x2d7 contiki-sky.a(uart1.o)
 .debug_info    0x00007c48      0x2d4 contiki-sky.a(ds2411.o)
 .debug_info    0x00007f1c      0x391 contiki-sky.a(clock.o)
 .debug_info    0x000082ad       0xd9 contiki-sky.a(leds-arch.o)
 .debug_info    0x00008386       0x8b contiki-sky.a(uart1-putchar.o)
 .debug_info    0x00008411       0xef contiki-sky.a(rtimer-arch.o)
 .debug_info    0x00008500      0x170 contiki-sky.a(timer.o)
 .debug_info    0x00008670      0x1b0 contiki-sky.a(ringbuf.o)
 .debug_info    0x00008820      0x132 contiki-sky.a(spi.o)
 .debug_info    0x00008952       0xd6 /usr/lib/gcc/msp430/4.6.3/mmpy-16/libgcc.a(_mulsi3.o)
 .debug_info    0x00008a28       0xd6 /usr/lib/gcc/msp430/4.6.3/mmpy-16/libgcc.a(_udivmod16.o)
 .debug_info    0x00008afe       0xd6 /usr/lib/gcc/msp430/4.6.3/mmpy-16/libgcc.a(_udivmod32.o)
 .debug_info    0x00008bd4       0xd6 /usr/lib/gcc/msp430/4.6.3/mmpy-16/libgcc.a(_divmod32.o)
 .debug_info    0x00008caa       0xb5 /usr/lib/gcc/msp430/4.6.3/mmpy-16/libgcc.a(_fixunssfsi.o)
 .debug_info    0x00008d5f      0x425 /usr/lib/gcc/msp430/4.6.3/mmpy-16/libgcc.a(_addsub_sf.o)
 .debug_info    0x00009184      0x3c9 /usr/lib/gcc/msp430/4.6.3/mmpy-16/libgcc.a(_mul_sf.o)
 .debug_info    0x0000954d      0x35c /usr/lib/gcc/msp430/4.6.3/mmpy-16/libgcc.a(_div_sf.o)
 .debug_info    0x000098a9      0x26e /usr/lib/gcc/msp430/4.6.3/mmpy-16/libgcc.a(_ge_sf.o)
 .debug_info    0x00009b17      0x289 /usr/lib/gcc/msp430/4.6.3/mmpy-16/libgcc.a(_sf_to_si.o)
 .debug_info    0x00009da0      0x144 /usr/lib/gcc/msp430/4.6.3/mmpy-16/libgcc.a(_thenan_sf.o)
 .debug_info    0x00009ee4      0x204 /usr/lib/gcc/msp430/4.6.3/mmpy-16/libgcc.a(_usi_to_sf.o)
 .debug_info    0x0000a0e8      0x109 /usr/lib/gcc/msp430/4.6.3/mmpy-16/libgcc.a(_clzsi2.o)
 .debug_info    0x0000a1f1      0x2b1 /usr/lib/gcc/msp430/4.6.3/mmpy-16/libgcc.a(_pack_sf.o)
 .debug_info    0x0000a4a2      0x23e /usr/lib/gcc/msp430/4.6.3/mmpy-16/libgcc.a(_unpack_sf.o)
 .debug_info    0x0000a6e0      0x1d5 /usr/lib/gcc/msp430/4.6.3/mmpy-16/libgcc.a(_fpcmp_parts_sf.o)
 .debug_info    0x0000a8b5       0xa0 /usr/lib/gcc/msp430/4.6.3/mmpy-16/libgcc.a(_clz.o)
 .debug_info    0x0000a955      0x113 /usr/lib/gcc/msp430/4.6.3/../../../../msp430/lib/mmpy-16/libc.a(memcpy.o)
 .debug_info    0x0000aa68      0x151 /usr/lib/gcc/msp430/4.6.3/../../../../msp430/lib/mmpy-16/libc.a(malloc.o)
 .debug_info    0x0000abb9      0x105 /usr/lib/gcc/msp430/4.6.3/../../../../msp430/lib/mmpy-16/libc.a(printf.o)
 .debug_info    0x0000acbe      0x565 /usr/lib/gcc/msp430/4.6.3/../../../../msp430/lib/mmpy-16/libc.a(vuprintf.o)
 .debug_info    0x0000b223       0x96 /usr/lib/gcc/msp430/4.6.3/../../../../msp430/lib/mmpy-16/libc.a(puts.o)
 .debug_info    0x0000b2b9      0x13f /usr/lib/gcc/msp430/4.6.3/../../../../msp430/lib/mmpy-16/libc.a(rand.o)
 .debug_info    0x0000b3f8       0xd6 /usr/lib/gcc/msp430/4.6.3/mmpy-16/libgcc.a(_udivmod64.o)
 .debug_info    0x0000b4ce       0xb8 /usr/lib/gcc/msp430/4.6.3/mmpy-16/libcrt0.a(__watchdog_support.o)
 .debug_info    0x0000b586       0xb8 /usr/lib/gcc/msp430/4.6.3/mmpy-16/libcrt0.a(__init_stack.o)
 .debug_info    0x0000b63e       0xb8 /usr/lib/gcc/msp430/4.6.3/mmpy-16/libcrt0.a(_copy_data.o)
 .debug_info    0x0000b6f6       0xb8 /usr/lib/gcc/msp430/4.6.3/mmpy-16/libcrt0.a(_clear_bss.o)
 .debug_info    0x0000b7ae       0xb8 /usr/lib/gcc/msp430/4.6.3/mmpy-16/libcrt0.a(_endless_loop__.o)
 .debug_info    0x0000b866       0xb8 /usr/lib/gcc/msp430/4.6.3/mmpy-16/libcrt0.a(_unexpected_.o)
 *(.gnu.linkonce.wi.*)

.debug_abbrev   0x00000000     0x477c
 *(.debug_abbrev)
 .debug_abbrev  0x00000000      0x2b2 dewi-app.co
 .debug_abbrev  0x000002b2       0xf7 obj_sky/lwb-print.o
 .debug_abbrev  0x000003a9      0x1ab obj_sky/contiki-sky-main.o
 .debug_abbrev  0x00000554      0x323 contiki-sky.a(process.o)
 .debug_abbrev  0x00000877       0xf5 contiki-sky.a(autostart.o)
 .debug_abbrev  0x0000096c      0x27a contiki-sky.a(etimer.o)
 .debug_abbrev  0x00000be6      0x14e contiki-sky.a(energest.o)
 .debug_abbrev  0x00000d34      0x194 contiki-sky.a(rtimer.o)
 .debug_abbrev  0x00000ec8       0xea contiki-sky.a(memb.o)
 .debug_abbrev  0x00000fb2      0x151 contiki-sky.a(list.o)
 .debug_abbrev  0x00001103       0x67 contiki-sky.a(random.o)
 .debug_abbrev  0x0000116a      0x207 contiki-sky.a(lwb.o)
 .debug_abbrev  0x00001371      0x2a4 contiki-sky.a(lwb-g-sync.o)
 .debug_abbrev  0x00001615      0x2f7 contiki-sky.a(lwb-g-rr.o)
 .debug_abbrev  0x0000190c      0x289 contiki-sky.a(lwb-scheduler.o)
 .debug_abbrev  0x00001b95      0x125 contiki-sky.a(lwb-sched-compr)
 .debug_abbrev  0x00001cba      0x3fe contiki-sky.a(glossy-arch.o)
 .debug_abbrev  0x000020b8      0x157 contiki-sky.a(msp430.o)
 .debug_abbrev  0x0000220f      0x163 contiki-sky.a(leds.o)
 .debug_abbrev  0x00002372      0x14c contiki-sky.a(watchdog.o)
 .debug_abbrev  0x000024be      0x230 contiki-sky.a(xmem.o)
 .debug_abbrev  0x000026ee      0x152 contiki-sky.a(cc2420.o)
 .debug_abbrev  0x00002840       0x82 contiki-sky.a(node-id.o)
 .debug_abbrev  0x000028c2      0x162 contiki-sky.a(uart1.o)
 .debug_abbrev  0x00002a24      0x181 contiki-sky.a(ds2411.o)
 .debug_abbrev  0x00002ba5      0x1b5 contiki-sky.a(clock.o)
 .debug_abbrev  0x00002d5a       0x97 contiki-sky.a(leds-arch.o)
 .debug_abbrev  0x00002df1       0x50 contiki-sky.a(uart1-putchar.o)
 .debug_abbrev  0x00002e41       0xa2 contiki-sky.a(rtimer-arch.o)
 .debug_abbrev  0x00002ee3       0xf8 contiki-sky.a(timer.o)
 .debug_abbrev  0x00002fdb      0x109 contiki-sky.a(ringbuf.o)
 .debug_abbrev  0x000030e4       0x97 contiki-sky.a(spi.o)
 .debug_abbrev  0x0000317b       0x14 /usr/lib/gcc/msp430/4.6.3/mmpy-16/libgcc.a(_mulsi3.o)
 .debug_abbrev  0x0000318f       0x14 /usr/lib/gcc/msp430/4.6.3/mmpy-16/libgcc.a(_udivmod16.o)
 .debug_abbrev  0x000031a3       0x14 /usr/lib/gcc/msp430/4.6.3/mmpy-16/libgcc.a(_udivmod32.o)
 .debug_abbrev  0x000031b7       0x14 /usr/lib/gcc/msp430/4.6.3/mmpy-16/libgcc.a(_divmod32.o)
 .debug_abbrev  0x000031cb       0x5d /usr/lib/gcc/msp430/4.6.3/mmpy-16/libgcc.a(_fixunssfsi.o)
 .debug_abbrev  0x00003228      0x1ab /usr/lib/gcc/msp430/4.6.3/mmpy-16/libgcc.a(_addsub_sf.o)
 .debug_abbrev  0x000033d3      0x1d9 /usr/lib/gcc/msp430/4.6.3/mmpy-16/libgcc.a(_mul_sf.o)
 .debug_abbrev  0x000035ac      0x1c4 /usr/lib/gcc/msp430/4.6.3/mmpy-16/libgcc.a(_div_sf.o)
 .debug_abbrev  0x00003770      0x151 /usr/lib/gcc/msp430/4.6.3/mmpy-16/libgcc.a(_ge_sf.o)
 .debug_abbrev  0x000038c1      0x160 /usr/lib/gcc/msp430/4.6.3/mmpy-16/libgcc.a(_sf_to_si.o)
 .debug_abbrev  0x00003a21       0xba /usr/lib/gcc/msp430/4.6.3/mmpy-16/libgcc.a(_thenan_sf.o)
 .debug_abbrev  0x00003adb      0x173 /usr/lib/gcc/msp430/4.6.3/mmpy-16/libgcc.a(_usi_to_sf.o)
 .debug_abbrev  0x00003c4e       0xac /usr/lib/gcc/msp430/4.6.3/mmpy-16/libgcc.a(_clzsi2.o)
 .debug_abbrev  0x00003cfa      0x192 /usr/lib/gcc/msp430/4.6.3/mmpy-16/libgcc.a(_pack_sf.o)
 .debug_abbrev  0x00003e8c      0x15a /usr/lib/gcc/msp430/4.6.3/mmpy-16/libgcc.a(_unpack_sf.o)
 .debug_abbrev  0x00003fe6      0x10b /usr/lib/gcc/msp430/4.6.3/mmpy-16/libgcc.a(_fpcmp_parts_sf.o)
 .debug_abbrev  0x000040f1       0x61 /usr/lib/gcc/msp430/4.6.3/mmpy-16/libgcc.a(_clz.o)
 .debug_abbrev  0x00004152       0x97 /usr/lib/gcc/msp430/4.6.3/../../../../msp430/lib/mmpy-16/libc.a(memcpy.o)
 .debug_abbrev  0x000041e9       0xf8 /usr/lib/gcc/msp430/4.6.3/../../../../msp430/lib/mmpy-16/libc.a(malloc.o)
 .debug_abbrev  0x000042e1       0xd0 /usr/lib/gcc/msp430/4.6.3/../../../../msp430/lib/mmpy-16/libc.a(printf.o)
 .debug_abbrev  0x000043b1      0x1ef /usr/lib/gcc/msp430/4.6.3/../../../../msp430/lib/mmpy-16/libc.a(vuprintf.o)
 .debug_abbrev  0x000045a0       0x60 /usr/lib/gcc/msp430/4.6.3/../../../../msp430/lib/mmpy-16/libc.a(puts.o)
 .debug_abbrev  0x00004600       0xf0 /usr/lib/gcc/msp430/4.6.3/../../../../msp430/lib/mmpy-16/libc.a(rand.o)
 .debug_abbrev  0x000046f0       0x14 /usr/lib/gcc/msp430/4.6.3/mmpy-16/libgcc.a(_udivmod64.o)
 .debug_abbrev  0x00004704       0x14 /usr/lib/gcc/msp430/4.6.3/mmpy-16/libcrt0.a(__watchdog_support.o)
 .debug_abbrev  0x00004718       0x14 /usr/lib/gcc/msp430/4.6.3/mmpy-16/libcrt0.a(__init_stack.o)
 .debug_abbrev  0x0000472c       0x14 /usr/lib/gcc/msp430/4.6.3/mmpy-16/libcrt0.a(_copy_data.o)
 .debug_abbrev  0x00004740       0x14 /usr/lib/gcc/msp430/4.6.3/mmpy-16/libcrt0.a(_clear_bss.o)
 .debug_abbrev  0x00004754       0x14 /usr/lib/gcc/msp430/4.6.3/mmpy-16/libcrt0.a(_endless_loop__.o)
 .debug_abbrev  0x00004768       0x14 /usr/lib/gcc/msp430/4.6.3/mmpy-16/libcrt0.a(_unexpected_.o)

.debug_line     0x00000000     0x42ab
 *(.debug_line)
 .debug_line    0x00000000      0x255 dewi-app.co
 .debug_line    0x00000255       0xdf obj_sky/lwb-print.o
 .debug_line    0x00000334      0x198 obj_sky/contiki-sky-main.o
 .debug_line    0x000004cc      0x13d contiki-sky.a(process.o)
 .debug_line    0x00000609       0x96 contiki-sky.a(autostart.o)
 .debug_line    0x0000069f      0x170 contiki-sky.a(etimer.o)
 .debug_line    0x0000080f       0xe1 contiki-sky.a(energest.o)
 .debug_line    0x000008f0       0xda contiki-sky.a(rtimer.o)
 .debug_line    0x000009ca       0xa3 contiki-sky.a(memb.o)
 .debug_line    0x00000a6d       0xd8 contiki-sky.a(list.o)
 .debug_line    0x00000b45       0x4a contiki-sky.a(random.o)
 .debug_line    0x00000b8f      0x16c contiki-sky.a(lwb.o)
 .debug_line    0x00000cfb      0x20a contiki-sky.a(lwb-g-sync.o)
 .debug_line    0x00000f05      0x3a1 contiki-sky.a(lwb-g-rr.o)
 .debug_line    0x000012a6      0x1f7 contiki-sky.a(lwb-scheduler.o)
 .debug_line    0x0000149d      0x19a contiki-sky.a(lwb-sched-compr)
 .debug_line    0x00001637      0x539 contiki-sky.a(glossy-arch.o)
 .debug_line    0x00001b70      0x147 contiki-sky.a(msp430.o)
 .debug_line    0x00001cb7      0x12c contiki-sky.a(leds.o)
 .debug_line    0x00001de3       0xe9 contiki-sky.a(watchdog.o)
 .debug_line    0x00001ecc      0x1dd contiki-sky.a(xmem.o)
 .debug_line    0x000020a9      0x2fd contiki-sky.a(cc2420.o)
 .debug_line    0x000023a6       0x61 contiki-sky.a(node-id.o)
 .debug_line    0x00002407      0x107 contiki-sky.a(uart1.o)
 .debug_line    0x0000250e      0x11f contiki-sky.a(ds2411.o)
 .debug_line    0x0000262d      0x163 contiki-sky.a(clock.o)
 .debug_line    0x00002790       0xdb contiki-sky.a(leds-arch.o)
 .debug_line    0x0000286b       0x98 contiki-sky.a(uart1-putchar.o)
 .debug_line    0x00002903       0xbe contiki-sky.a(rtimer-arch.o)
 .debug_line    0x000029c1       0xa2 contiki-sky.a(timer.o)
 .debug_line    0x00002a63       0xb3 contiki-sky.a(ringbuf.o)
 .debug_line    0x00002b16       0x96 contiki-sky.a(spi.o)
 .debug_line    0x00002bac       0xa3 /usr/lib/gcc/msp430/4.6.3/mmpy-16/libgcc.a(_mulsi3.o)
 .debug_line    0x00002c4f       0x9c /usr/lib/gcc/msp430/4.6.3/mmpy-16/libgcc.a(_udivmod16.o)
 .debug_line    0x00002ceb       0xab /usr/lib/gcc/msp430/4.6.3/mmpy-16/libgcc.a(_udivmod32.o)
 .debug_line    0x00002d96       0xb0 /usr/lib/gcc/msp430/4.6.3/mmpy-16/libgcc.a(_divmod32.o)
 .debug_line    0x00002e46       0x94 /usr/lib/gcc/msp430/4.6.3/mmpy-16/libgcc.a(_fixunssfsi.o)
 .debug_line    0x00002eda      0x13f /usr/lib/gcc/msp430/4.6.3/mmpy-16/libgcc.a(_addsub_sf.o)
 .debug_line    0x00003019      0x137 /usr/lib/gcc/msp430/4.6.3/mmpy-16/libgcc.a(_mul_sf.o)
 .debug_line    0x00003150       0xf9 /usr/lib/gcc/msp430/4.6.3/mmpy-16/libgcc.a(_div_sf.o)
 .debug_line    0x00003249       0xb1 /usr/lib/gcc/msp430/4.6.3/mmpy-16/libgcc.a(_ge_sf.o)
 .debug_line    0x000032fa       0xbf /usr/lib/gcc/msp430/4.6.3/mmpy-16/libgcc.a(_sf_to_si.o)
 .debug_line    0x000033b9       0x94 /usr/lib/gcc/msp430/4.6.3/mmpy-16/libgcc.a(_thenan_sf.o)
 .debug_line    0x0000344d       0xc6 /usr/lib/gcc/msp430/4.6.3/mmpy-16/libgcc.a(_usi_to_sf.o)
 .debug_line    0x00003513       0xbe /usr/lib/gcc/msp430/4.6.3/mmpy-16/libgcc.a(_clzsi2.o)
 .debug_line    0x000035d1      0x102 /usr/lib/gcc/msp430/4.6.3/mmpy-16/libgcc.a(_pack_sf.o)
 .debug_line    0x000036d3       0xdd /usr/lib/gcc/msp430/4.6.3/mmpy-16/libgcc.a(_unpack_sf.o)
 .debug_line    0x000037b0       0xe8 /usr/lib/gcc/msp430/4.6.3/mmpy-16/libgcc.a(_fpcmp_parts_sf.o)
 .debug_line    0x00003898       0x80 /usr/lib/gcc/msp430/4.6.3/mmpy-16/libgcc.a(_clz.o)
 .debug_line    0x00003918       0xe9 /usr/lib/gcc/msp430/4.6.3/../../../../msp430/lib/mmpy-16/libc.a(memcpy.o)
 .debug_line    0x00003a01       0xbe /usr/lib/gcc/msp430/4.6.3/../../../../msp430/lib/mmpy-16/libc.a(malloc.o)
 .debug_line    0x00003abf       0x72 /usr/lib/gcc/msp430/4.6.3/../../../../msp430/lib/mmpy-16/libc.a(printf.o)
 .debug_line    0x00003b31      0x2d2 /usr/lib/gcc/msp430/4.6.3/../../../../msp430/lib/mmpy-16/libc.a(vuprintf.o)
 .debug_line    0x00003e03       0x4d /usr/lib/gcc/msp430/4.6.3/../../../../msp430/lib/mmpy-16/libc.a(puts.o)
 .debug_line    0x00003e50       0x4f /usr/lib/gcc/msp430/4.6.3/../../../../msp430/lib/mmpy-16/libc.a(rand.o)
 .debug_line    0x00003e9f       0xf1 /usr/lib/gcc/msp430/4.6.3/mmpy-16/libgcc.a(_udivmod64.o)
 .debug_line    0x00003f90       0x84 /usr/lib/gcc/msp430/4.6.3/mmpy-16/libcrt0.a(__watchdog_support.o)
 .debug_line    0x00004014       0x82 /usr/lib/gcc/msp430/4.6.3/mmpy-16/libcrt0.a(__init_stack.o)
 .debug_line    0x00004096       0x88 /usr/lib/gcc/msp430/4.6.3/mmpy-16/libcrt0.a(_copy_data.o)
 .debug_line    0x0000411e       0x88 /usr/lib/gcc/msp430/4.6.3/mmpy-16/libcrt0.a(_clear_bss.o)
 .debug_line    0x000041a6       0x83 /usr/lib/gcc/msp430/4.6.3/mmpy-16/libcrt0.a(_endless_loop__.o)
 .debug_line    0x00004229       0x82 /usr/lib/gcc/msp430/4.6.3/mmpy-16/libcrt0.a(_unexpected_.o)

.debug_frame    0x00000000     0x18c2
 *(.debug_frame)
 .debug_frame   0x00000000      0x16a dewi-app.co
 .debug_frame   0x0000016a       0x80 obj_sky/lwb-print.o
 .debug_frame   0x000001ea       0x56 obj_sky/contiki-sky-main.o
 .debug_frame   0x00000240       0xe8 contiki-sky.a(process.o)
 .debug_frame   0x00000328       0x36 contiki-sky.a(autostart.o)
 .debug_frame   0x0000035e       0xf8 contiki-sky.a(etimer.o)
 .debug_frame   0x00000456       0x62 contiki-sky.a(energest.o)
 .debug_frame   0x000004b8       0x56 contiki-sky.a(rtimer.o)
 .debug_frame   0x0000050e       0x60 contiki-sky.a(memb.o)
 .debug_frame   0x0000056e       0xbc contiki-sky.a(list.o)
 .debug_frame   0x0000062a       0x2a contiki-sky.a(random.o)
 .debug_frame   0x00000654       0xb0 contiki-sky.a(lwb.o)
 .debug_frame   0x00000704      0x112 contiki-sky.a(lwb-g-sync.o)
 .debug_frame   0x00000816      0x2dc contiki-sky.a(lwb-g-rr.o)
 .debug_frame   0x00000af2       0xea contiki-sky.a(lwb-scheduler.o)
 .debug_frame   0x00000bdc       0x9a contiki-sky.a(lwb-sched-compr)
 .debug_frame   0x00000c76      0x1f8 contiki-sky.a(glossy-arch.o)
 .debug_frame   0x00000e6e       0x86 contiki-sky.a(msp430.o)
 .debug_frame   0x00000ef4       0xa2 contiki-sky.a(leds.o)
 .debug_frame   0x00000f96       0xae contiki-sky.a(watchdog.o)
 .debug_frame   0x00001044       0xc4 contiki-sky.a(xmem.o)
 .debug_frame   0x00001108       0x5c contiki-sky.a(cc2420.o)
 .debug_frame   0x00001164       0x32 contiki-sky.a(node-id.o)
 .debug_frame   0x00001196       0x88 contiki-sky.a(uart1.o)
 .debug_frame   0x0000121e       0x44 contiki-sky.a(ds2411.o)
 .debug_frame   0x00001262       0xd0 contiki-sky.a(clock.o)
 .debug_frame   0x00001332       0x36 contiki-sky.a(leds-arch.o)
 .debug_frame   0x00001368       0x24 contiki-sky.a(uart1-putchar.o)
 .debug_frame   0x0000138c       0x4a contiki-sky.a(rtimer-arch.o)
 .debug_frame   0x000013d6       0x6a contiki-sky.a(timer.o)
 .debug_frame   0x00001440       0x5e contiki-sky.a(ringbuf.o)
 .debug_frame   0x0000149e       0x1e contiki-sky.a(spi.o)
 .debug_frame   0x000014bc       0x28 /usr/lib/gcc/msp430/4.6.3/mmpy-16/libgcc.a(_fixunssfsi.o)
 .debug_frame   0x000014e4       0x6a /usr/lib/gcc/msp430/4.6.3/mmpy-16/libgcc.a(_addsub_sf.o)
 .debug_frame   0x0000154e       0x4a /usr/lib/gcc/msp430/4.6.3/mmpy-16/libgcc.a(_mul_sf.o)
 .debug_frame   0x00001598       0x3a /usr/lib/gcc/msp430/4.6.3/mmpy-16/libgcc.a(_div_sf.o)
 .debug_frame   0x000015d2       0x22 /usr/lib/gcc/msp430/4.6.3/mmpy-16/libgcc.a(_ge_sf.o)
 .debug_frame   0x000015f4       0x22 /usr/lib/gcc/msp430/4.6.3/mmpy-16/libgcc.a(_sf_to_si.o)
 .debug_frame   0x00001616       0x36 /usr/lib/gcc/msp430/4.6.3/mmpy-16/libgcc.a(_usi_to_sf.o)
 .debug_frame   0x0000164c       0x2e /usr/lib/gcc/msp430/4.6.3/mmpy-16/libgcc.a(_clzsi2.o)
 .debug_frame   0x0000167a       0x38 /usr/lib/gcc/msp430/4.6.3/mmpy-16/libgcc.a(_pack_sf.o)
 .debug_frame   0x000016b2       0x28 /usr/lib/gcc/msp430/4.6.3/mmpy-16/libgcc.a(_unpack_sf.o)
 .debug_frame   0x000016da       0x24 /usr/lib/gcc/msp430/4.6.3/mmpy-16/libgcc.a(_fpcmp_parts_sf.o)
 .debug_frame   0x000016fe       0x38 /usr/lib/gcc/msp430/4.6.3/../../../../msp430/lib/mmpy-16/libc.a(memcpy.o)
 .debug_frame   0x00001736       0x52 /usr/lib/gcc/msp430/4.6.3/../../../../msp430/lib/mmpy-16/libc.a(malloc.o)
 .debug_frame   0x00001788       0x2a /usr/lib/gcc/msp430/4.6.3/../../../../msp430/lib/mmpy-16/libc.a(printf.o)
 .debug_frame   0x000017b2       0xb0 /usr/lib/gcc/msp430/4.6.3/../../../../msp430/lib/mmpy-16/libc.a(vuprintf.o)
 .debug_frame   0x00001862       0x24 /usr/lib/gcc/msp430/4.6.3/../../../../msp430/lib/mmpy-16/libc.a(puts.o)
 .debug_frame   0x00001886       0x3c /usr/lib/gcc/msp430/4.6.3/../../../../msp430/lib/mmpy-16/libc.a(rand.o)

.debug_str      0x00000000     0x320b
 *(.debug_str)
 .debug_str     0x00000000      0x63a dewi-app.co
                                0x728 (size before relaxing)
 .debug_str     0x0000063a      0x2c8 obj_sky/lwb-print.o
                                0x4a1 (size before relaxing)
 .debug_str     0x00000902       0xa9 obj_sky/contiki-sky-main.o
                                0x340 (size before relaxing)
 .debug_str     0x000009ab      0x168 contiki-sky.a(process.o)
                                0x2aa (size before relaxing)
 .debug_str     0x00000b13       0x3a contiki-sky.a(autostart.o)
                                0x162 (size before relaxing)
 .debug_str     0x00000b4d      0x133 contiki-sky.a(etimer.o)
                                0x2b7 (size before relaxing)
 .debug_str     0x00000c80       0x9b contiki-sky.a(energest.o)
                                0x300 (size before relaxing)
 .debug_str     0x00000d1b       0xba contiki-sky.a(rtimer.o)
                                0x301 (size before relaxing)
 .debug_str     0x00000dd5       0x46 contiki-sky.a(memb.o)
                                0x127 (size before relaxing)
 .debug_str     0x00000e1b       0xad contiki-sky.a(list.o)
                                0x115 (size before relaxing)
 .debug_str     0x00000ec8       0x35 contiki-sky.a(random.o)
                                0x106 (size before relaxing)
 .debug_str     0x00000efd      0x15f contiki-sky.a(lwb.o)
                                0x81b (size before relaxing)
 .debug_str     0x0000105c      0x22b contiki-sky.a(lwb-g-sync.o)
                                0x89a (size before relaxing)
 .debug_str     0x00001287      0x463 contiki-sky.a(lwb-g-rr.o)
                                0xc8d (size before relaxing)
 .debug_str     0x000016ea      0x329 contiki-sky.a(lwb-scheduler.o)
                                0x98d (size before relaxing)
 .debug_str     0x00001a13       0xa9 contiki-sky.a(lwb-sched-compr)
                                0x35b (size before relaxing)
 .debug_str     0x00001abc      0x99b contiki-sky.a(glossy-arch.o)
                                0xe08 (size before relaxing)
 .debug_str     0x00002457       0xed contiki-sky.a(msp430.o)
                                0x270 (size before relaxing)
 .debug_str     0x00002544       0x94 contiki-sky.a(leds.o)
                                0x300 (size before relaxing)
 .debug_str     0x000025d8       0xc7 contiki-sky.a(watchdog.o)
                                0x1b9 (size before relaxing)
 .debug_str     0x0000269f       0xaf contiki-sky.a(xmem.o)
                                0x374 (size before relaxing)
 .debug_str     0x0000274e       0x4b contiki-sky.a(cc2420.o)
                                0x54e (size before relaxing)
 .debug_str     0x00002799       0x3c contiki-sky.a(node-id.o)
                                0x115 (size before relaxing)
 .debug_str     0x000027d5      0x12b contiki-sky.a(uart1.o)
                                0x26e (size before relaxing)
 .debug_str     0x00002900       0x71 contiki-sky.a(ds2411.o)
                                0x290 (size before relaxing)
 .debug_str     0x00002971       0xd3 contiki-sky.a(clock.o)
                                0x386 (size before relaxing)
 .debug_str     0x00002a44       0x5a contiki-sky.a(leds-arch.o)
                                0x13c (size before relaxing)
 .debug_str     0x00002a9e       0x2f contiki-sky.a(uart1-putchar.o)
                                0x100 (size before relaxing)
 .debug_str     0x00002acd       0x62 contiki-sky.a(rtimer-arch.o)
                                0x15f (size before relaxing)
 .debug_str     0x00002b2f       0x27 contiki-sky.a(timer.o)
                                0x151 (size before relaxing)
 .debug_str     0x00002b56       0x64 contiki-sky.a(ringbuf.o)
                                0x164 (size before relaxing)
 .debug_str     0x00002bba       0x5d contiki-sky.a(spi.o)
                                0x173 (size before relaxing)
 .debug_str     0x00002c17       0xcf /usr/lib/gcc/msp430/4.6.3/mmpy-16/libgcc.a(_fixunssfsi.o)
                                0x17d (size before relaxing)
 .debug_str     0x00002ce6      0x14a /usr/lib/gcc/msp430/4.6.3/mmpy-16/libgcc.a(_addsub_sf.o)
                                0x255 (size before relaxing)
 .debug_str     0x00002e30       0x27 /usr/lib/gcc/msp430/4.6.3/mmpy-16/libgcc.a(_mul_sf.o)
                                0x20e (size before relaxing)
 .debug_str     0x00002e57       0x35 /usr/lib/gcc/msp430/4.6.3/mmpy-16/libgcc.a(_div_sf.o)
                                0x217 (size before relaxing)
 .debug_str     0x00002e8c        0x8 /usr/lib/gcc/msp430/4.6.3/mmpy-16/libgcc.a(_ge_sf.o)
                                0x1dc (size before relaxing)
 .debug_str     0x00002e94        0xa /usr/lib/gcc/msp430/4.6.3/mmpy-16/libgcc.a(_sf_to_si.o)
                                0x1e5 (size before relaxing)
 .debug_str     0x00000000      0x187 /usr/lib/gcc/msp430/4.6.3/mmpy-16/libgcc.a(_thenan_sf.o)
 .debug_str     0x00002e9e       0x24 /usr/lib/gcc/msp430/4.6.3/mmpy-16/libgcc.a(_usi_to_sf.o)
                                0x1c7 (size before relaxing)
 .debug_str     0x00002ec2       0x17 /usr/lib/gcc/msp430/4.6.3/mmpy-16/libgcc.a(_clzsi2.o)
                                0x189 (size before relaxing)
 .debug_str     0x00002ed9       0x10 /usr/lib/gcc/msp430/4.6.3/mmpy-16/libgcc.a(_pack_sf.o)
                                0x1e4 (size before relaxing)
 .debug_str     0x00002ee9        0xb /usr/lib/gcc/msp430/4.6.3/mmpy-16/libgcc.a(_unpack_sf.o)
                                0x1c6 (size before relaxing)
 .debug_str     0x00002ef4       0x10 /usr/lib/gcc/msp430/4.6.3/mmpy-16/libgcc.a(_fpcmp_parts_sf.o)
                                0x1aa (size before relaxing)
 .debug_str     0x00000000      0x16c /usr/lib/gcc/msp430/4.6.3/mmpy-16/libgcc.a(_clz.o)
 .debug_str     0x00002f04       0x4d /usr/lib/gcc/msp430/4.6.3/../../../../msp430/lib/mmpy-16/libc.a(memcpy.o)
                                0x116 (size before relaxing)
 .debug_str     0x00002f51       0x4d /usr/lib/gcc/msp430/4.6.3/../../../../msp430/lib/mmpy-16/libc.a(malloc.o)
                                0x142 (size before relaxing)
 .debug_str     0x00002f9e       0x40 /usr/lib/gcc/msp430/4.6.3/../../../../msp430/lib/mmpy-16/libc.a(printf.o)
                                0x12a (size before relaxing)
 .debug_str     0x00002fde      0x1f3 /usr/lib/gcc/msp430/4.6.3/../../../../msp430/lib/mmpy-16/libc.a(vuprintf.o)
                                0x375 (size before relaxing)
 .debug_str     0x000031d1       0x15 /usr/lib/gcc/msp430/4.6.3/../../../../msp430/lib/mmpy-16/libc.a(puts.o)
                                 0xf0 (size before relaxing)
 .debug_str     0x000031e6       0x25 /usr/lib/gcc/msp430/4.6.3/../../../../msp430/lib/mmpy-16/libc.a(rand.o)
                                0x10f (size before relaxing)

.debug_loc      0x00000000     0x4494
 *(.debug_loc)
 .debug_loc     0x00000000      0x63d dewi-app.co
 .debug_loc     0x0000063d       0xef obj_sky/lwb-print.o
 .debug_loc     0x0000072c       0xaa obj_sky/contiki-sky-main.o
 .debug_loc     0x000007d6      0x20d contiki-sky.a(process.o)
 .debug_loc     0x000009e3       0x56 contiki-sky.a(autostart.o)
 .debug_loc     0x00000a39      0x270 contiki-sky.a(etimer.o)
 .debug_loc     0x00000ca9       0x8a contiki-sky.a(energest.o)
 .debug_loc     0x00000d33       0xbd contiki-sky.a(rtimer.o)
 .debug_loc     0x00000df0      0x11a contiki-sky.a(memb.o)
 .debug_loc     0x00000f0a      0x1ac contiki-sky.a(list.o)
 .debug_loc     0x000010b6        0xb contiki-sky.a(random.o)
 .debug_loc     0x000010c1      0x144 contiki-sky.a(lwb.o)
 .debug_loc     0x00001205      0x29f contiki-sky.a(lwb-g-sync.o)
 .debug_loc     0x000014a4      0x8ba contiki-sky.a(lwb-g-rr.o)
 .debug_loc     0x00001d5e      0x2c9 contiki-sky.a(lwb-scheduler.o)
 .debug_loc     0x00002027      0x2b4 contiki-sky.a(lwb-sched-compr)
 .debug_loc     0x000022db      0x213 contiki-sky.a(glossy-arch.o)
 .debug_loc     0x000024ee      0x118 contiki-sky.a(msp430.o)
 .debug_loc     0x00002606       0xdc contiki-sky.a(leds.o)
 .debug_loc     0x000026e2       0xaa contiki-sky.a(watchdog.o)
 .debug_loc     0x0000278c      0x2f2 contiki-sky.a(xmem.o)
 .debug_loc     0x00002a7e       0xdd contiki-sky.a(cc2420.o)
 .debug_loc     0x00002b5b       0x33 contiki-sky.a(node-id.o)
 .debug_loc     0x00002b8e       0x99 contiki-sky.a(uart1.o)
 .debug_loc     0x00002c27      0x14e contiki-sky.a(ds2411.o)
 .debug_loc     0x00002d75       0x92 contiki-sky.a(clock.o)
 .debug_loc     0x00002e07        0xb contiki-sky.a(leds-arch.o)
 .debug_loc     0x00002e12       0x2d contiki-sky.a(uart1-putchar.o)
 .debug_loc     0x00002e3f       0x2c contiki-sky.a(rtimer-arch.o)
 .debug_loc     0x00002e6b       0xb9 contiki-sky.a(timer.o)
 .debug_loc     0x00002f24       0xa3 contiki-sky.a(ringbuf.o)
 .debug_loc     0x00002fc7       0x44 /usr/lib/gcc/msp430/4.6.3/mmpy-16/libgcc.a(_fixunssfsi.o)
 .debug_loc     0x0000300b      0x2ca /usr/lib/gcc/msp430/4.6.3/mmpy-16/libgcc.a(_addsub_sf.o)
 .debug_loc     0x000032d5      0x23c /usr/lib/gcc/msp430/4.6.3/mmpy-16/libgcc.a(_mul_sf.o)
 .debug_loc     0x00003511      0x110 /usr/lib/gcc/msp430/4.6.3/mmpy-16/libgcc.a(_div_sf.o)
 .debug_loc     0x00003621       0x3c /usr/lib/gcc/msp430/4.6.3/mmpy-16/libgcc.a(_ge_sf.o)
 .debug_loc     0x0000365d       0x3c /usr/lib/gcc/msp430/4.6.3/mmpy-16/libgcc.a(_sf_to_si.o)
 .debug_loc     0x00003699       0x6c /usr/lib/gcc/msp430/4.6.3/mmpy-16/libgcc.a(_usi_to_sf.o)
 .debug_loc     0x00003705       0x80 /usr/lib/gcc/msp430/4.6.3/mmpy-16/libgcc.a(_clzsi2.o)
 .debug_loc     0x00003785      0x181 /usr/lib/gcc/msp430/4.6.3/mmpy-16/libgcc.a(_pack_sf.o)
 .debug_loc     0x00003906       0x83 /usr/lib/gcc/msp430/4.6.3/mmpy-16/libgcc.a(_unpack_sf.o)
 .debug_loc     0x00003989       0x5b /usr/lib/gcc/msp430/4.6.3/mmpy-16/libgcc.a(_fpcmp_parts_sf.o)
 .debug_loc     0x000039e4      0x1e9 /usr/lib/gcc/msp430/4.6.3/../../../../msp430/lib/mmpy-16/libc.a(memcpy.o)
 .debug_loc     0x00003bcd      0x12e /usr/lib/gcc/msp430/4.6.3/../../../../msp430/lib/mmpy-16/libc.a(malloc.o)
 .debug_loc     0x00003cfb       0x38 /usr/lib/gcc/msp430/4.6.3/../../../../msp430/lib/mmpy-16/libc.a(printf.o)
 .debug_loc     0x00003d33      0x70c /usr/lib/gcc/msp430/4.6.3/../../../../msp430/lib/mmpy-16/libc.a(vuprintf.o)
 .debug_loc     0x0000443f       0x26 /usr/lib/gcc/msp430/4.6.3/../../../../msp430/lib/mmpy-16/libc.a(puts.o)
 .debug_loc     0x00004465       0x2f /usr/lib/gcc/msp430/4.6.3/../../../../msp430/lib/mmpy-16/libc.a(rand.o)

.debug_macinfo
 *(.debug_macinfo)

.debug_pubtypes
 *(.debug_pubtypes)

.debug_ranges   0x00000000       0x8c
 *(.debug_ranges)
 .debug_ranges  0x00000000        0x8 obj_sky/contiki-sky-main.o
 .debug_ranges  0x00000008       0x14 /usr/lib/gcc/msp430/4.6.3/mmpy-16/libgcc.a(_addsub_sf.o)
 .debug_ranges  0x0000001c       0x28 /usr/lib/gcc/msp430/4.6.3/mmpy-16/libgcc.a(_mul_sf.o)
 .debug_ranges  0x00000044       0x24 /usr/lib/gcc/msp430/4.6.3/mmpy-16/libgcc.a(_div_sf.o)
 .debug_ranges  0x00000068        0xc /usr/lib/gcc/msp430/4.6.3/mmpy-16/libgcc.a(_clzsi2.o)
 .debug_ranges  0x00000074       0x18 /usr/lib/gcc/msp430/4.6.3/../../../../msp430/lib/mmpy-16/libc.a(vuprintf.o)
                0x00003900                PROVIDE (__stack, (ORIGIN (ram) + 0x2800))
                0x0000aaba                PROVIDE (__data_start_rom, _etext)
                0x0000ab3e                PROVIDE (__data_end_rom, (_etext + SIZEOF (.data)))
OUTPUT(dewi-app.sky elf32-msp430)
