Archive member included because of file (symbol)

contiki-sky.a(process.o)      obj_sky/contiki-sky-main.o (process_init)
contiki-sky.a(autostart.o)    obj_sky/contiki-sky-main.o (autostart_start)
contiki-sky.a(etimer.o)       obj_sky/contiki-sky-main.o (etimer_process)
contiki-sky.a(energest.o)     glossy-test.co (energest_init)
contiki-sky.a(rtimer.o)       obj_sky/contiki-sky-main.o (rtimer_init)
contiki-sky.a(random.o)       obj_sky/contiki-sky-main.o (random_init)
contiki-sky.a(glossy-arch.o)  glossy-test.co (glossy_stop)
contiki-sky.a(msp430.o)       contiki-sky.a(glossy-arch.o) (w_memcpy)
contiki-sky.a(leds.o)         obj_sky/contiki-sky-main.o (leds_init)
contiki-sky.a(watchdog.o)     obj_sky/contiki-sky-main.o (watchdog_start)
contiki-sky.a(xmem.o)         obj_sky/contiki-sky-main.o (xmem_init)
contiki-sky.a(cc2420.o)       obj_sky/contiki-sky-main.o (cc2420_init)
contiki-sky.a(node-id.o)      obj_sky/contiki-sky-main.o (node_id_restore)
contiki-sky.a(uart1.o)        obj_sky/contiki-sky-main.o (uart1_active)
contiki-sky.a(ds2411.o)       obj_sky/contiki-sky-main.o (ds2411_init)
contiki-sky.a(clock.o)        contiki-sky.a(etimer.o) (clock_time)
contiki-sky.a(leds-arch.o)    contiki-sky.a(leds.o) (leds_arch_init)
contiki-sky.a(uart1-putchar.o)
                              obj_sky/contiki-sky-main.o (putchar)
contiki-sky.a(rtimer-arch.o)  contiki-sky.a(rtimer.o) (rtimer_arch_init)
contiki-sky.a(timer.o)        contiki-sky.a(etimer.o) (timer_set)
contiki-sky.a(ringbuf.o)      contiki-sky.a(uart1.o) (ringbuf_init)
contiki-sky.a(spi.o)          contiki-sky.a(xmem.o) (spi_init)
/usr/lib/gcc/msp430/4.6.3/mmpy-16/libgcc.a(_mulsi3.o)
                              contiki-sky.a(glossy-arch.o) (__mulsi3)
/usr/lib/gcc/msp430/4.6.3/mmpy-16/libgcc.a(_udivmod32.o)
                              glossy-test.co (__udivsi3)
/usr/lib/gcc/msp430/4.6.3/mmpy-16/libgcc.a(_fixunssfsi.o)
                              glossy-test.co (__fixunssfsi)
/usr/lib/gcc/msp430/4.6.3/mmpy-16/libgcc.a(_addsub_sf.o)
                              /usr/lib/gcc/msp430/4.6.3/mmpy-16/libgcc.a(_fixunssfsi.o) (__subsf3)
/usr/lib/gcc/msp430/4.6.3/mmpy-16/libgcc.a(_mul_sf.o)
                              glossy-test.co (__mulsf3)
/usr/lib/gcc/msp430/4.6.3/mmpy-16/libgcc.a(_div_sf.o)
                              glossy-test.co (__divsf3)
/usr/lib/gcc/msp430/4.6.3/mmpy-16/libgcc.a(_ge_sf.o)
                              /usr/lib/gcc/msp430/4.6.3/mmpy-16/libgcc.a(_fixunssfsi.o) (__gesf2)
/usr/lib/gcc/msp430/4.6.3/mmpy-16/libgcc.a(_sf_to_si.o)
                              /usr/lib/gcc/msp430/4.6.3/mmpy-16/libgcc.a(_fixunssfsi.o) (__fixsfsi)
/usr/lib/gcc/msp430/4.6.3/mmpy-16/libgcc.a(_thenan_sf.o)
                              /usr/lib/gcc/msp430/4.6.3/mmpy-16/libgcc.a(_addsub_sf.o) (__thenan_sf)
/usr/lib/gcc/msp430/4.6.3/mmpy-16/libgcc.a(_usi_to_sf.o)
                              glossy-test.co (__floatunsisf)
/usr/lib/gcc/msp430/4.6.3/mmpy-16/libgcc.a(_clzsi2.o)
                              /usr/lib/gcc/msp430/4.6.3/mmpy-16/libgcc.a(_usi_to_sf.o) (__clzsi2)
/usr/lib/gcc/msp430/4.6.3/mmpy-16/libgcc.a(_pack_sf.o)
                              /usr/lib/gcc/msp430/4.6.3/mmpy-16/libgcc.a(_addsub_sf.o) (__pack_f)
/usr/lib/gcc/msp430/4.6.3/mmpy-16/libgcc.a(_unpack_sf.o)
                              /usr/lib/gcc/msp430/4.6.3/mmpy-16/libgcc.a(_addsub_sf.o) (__unpack_f)
/usr/lib/gcc/msp430/4.6.3/mmpy-16/libgcc.a(_fpcmp_parts_sf.o)
                              /usr/lib/gcc/msp430/4.6.3/mmpy-16/libgcc.a(_ge_sf.o) (__fpcmp_parts_f)
/usr/lib/gcc/msp430/4.6.3/mmpy-16/libgcc.a(_clz.o)
                              /usr/lib/gcc/msp430/4.6.3/mmpy-16/libgcc.a(_clzsi2.o) (__clz_tab)
/usr/lib/gcc/msp430/4.6.3/../../../../msp430/lib/mmpy-16/libc.a(memcpy.o)
                              contiki-sky.a(watchdog.o) (memcpy)
/usr/lib/gcc/msp430/4.6.3/../../../../msp430/lib/mmpy-16/libc.a(malloc.o)
                              contiki-sky.a(glossy-arch.o) (malloc)
/usr/lib/gcc/msp430/4.6.3/../../../../msp430/lib/mmpy-16/libc.a(printf.o)
                              glossy-test.co (printf)
/usr/lib/gcc/msp430/4.6.3/../../../../msp430/lib/mmpy-16/libc.a(vuprintf.o)
                              /usr/lib/gcc/msp430/4.6.3/../../../../msp430/lib/mmpy-16/libc.a(printf.o) (vuprintf)
/usr/lib/gcc/msp430/4.6.3/../../../../msp430/lib/mmpy-16/libc.a(puts.o)
                              glossy-test.co (puts)
/usr/lib/gcc/msp430/4.6.3/../../../../msp430/lib/mmpy-16/libc.a(rand.o)
                              contiki-sky.a(random.o) (rand)
/usr/lib/gcc/msp430/4.6.3/mmpy-16/libgcc.a(_udivmod16.o)
                              /usr/lib/gcc/msp430/4.6.3/../../../../msp430/lib/mmpy-16/libc.a(vuprintf.o) (__udivhi3)
/usr/lib/gcc/msp430/4.6.3/mmpy-16/libgcc.a(_udivmod64.o)
                              /usr/lib/gcc/msp430/4.6.3/../../../../msp430/lib/mmpy-16/libc.a(vuprintf.o) (__udivdi3)
/usr/lib/gcc/msp430/4.6.3/mmpy-16/libcrt0.a(_reset_vector__.o)
                              /usr/lib/gcc/msp430/4.6.3/mmpy-16/crt0ivtbl16.o (_reset_vector__)
/usr/lib/gcc/msp430/4.6.3/mmpy-16/libcrt0.a(__watchdog_support.o)
                              /usr/lib/gcc/msp430/4.6.3/mmpy-16/libcrt0.a(_reset_vector__.o) (__watchdog_support)
/usr/lib/gcc/msp430/4.6.3/mmpy-16/libcrt0.a(__init_stack.o)
                              /usr/lib/gcc/msp430/4.6.3/mmpy-16/libcrt0.a(_reset_vector__.o) (__init_stack)
/usr/lib/gcc/msp430/4.6.3/mmpy-16/libcrt0.a(__low_level_init.o)
                              /usr/lib/gcc/msp430/4.6.3/mmpy-16/libcrt0.a(_reset_vector__.o) (__low_level_init)
/usr/lib/gcc/msp430/4.6.3/mmpy-16/libcrt0.a(_copy_data.o)
                              /usr/lib/gcc/msp430/4.6.3/mmpy-16/libcrt0.a(_reset_vector__.o) (__do_copy_data)
/usr/lib/gcc/msp430/4.6.3/mmpy-16/libcrt0.a(_clear_bss.o)
                              /usr/lib/gcc/msp430/4.6.3/mmpy-16/libcrt0.a(_reset_vector__.o) (__do_clear_bss)
/usr/lib/gcc/msp430/4.6.3/mmpy-16/libcrt0.a(__stop_progExec__.o)
                              /usr/lib/gcc/msp430/4.6.3/mmpy-16/libcrt0.a(_reset_vector__.o) (__stop_progExec__)
/usr/lib/gcc/msp430/4.6.3/mmpy-16/libcrt0.a(_endless_loop__.o)
                              /usr/lib/gcc/msp430/4.6.3/mmpy-16/libcrt0.a(_reset_vector__.o) (_endless_loop__)
/usr/lib/gcc/msp430/4.6.3/mmpy-16/libcrt0.a(_unexpected_.o)
                              /usr/lib/gcc/msp430/4.6.3/mmpy-16/crt0ivtbl16.o (_unexpected_)

Allocating common symbols
Common symbol       size              file

energest_total_time
                    0x30              contiki-sky.a(energest.o)
energest_total_count
                    0x2               contiki-sky.a(energest.o)
energest_current_mode
                    0xc               contiki-sky.a(energest.o)
process_maxevents   0x1               contiki-sky.a(process.o)
energest_current_time
                    0x18              contiki-sky.a(energest.o)
ds2411_id           0x8               contiki-sky.a(ds2411.o)

Memory Configuration

Name             Origin             Length             Attributes
sfr              0x00000000         0x00000010
peripheral_8bit  0x00000010         0x000000f0
peripheral_16bit 0x00000100         0x00000100
ram_mirror       0x00000200         0x00000800         xw
infomem          0x00001000         0x00000100
infob            0x00001000         0x00000080
infoa            0x00001080         0x00000080
ram              0x00001100         0x00002800         xw
rom              0x00004000         0x0000bfe0         xr
vectors          0x0000ffe0         0x00000020
bsl              0x00000000         0x00000000
infoc            0x00000000         0x00000000
infod            0x00000000         0x00000000
ram2             0x00000000         0x00000000         xw
usbram           0x00000000         0x00000000         xw
far_rom          0x00000000         0x00000000
*default*        0x00000000         0xffffffff

Linker script and memory map

LOAD /usr/lib/gcc/msp430/4.6.3/mmpy-16/crt0ivtbl16.o
LOAD glossy-test.co
LOAD obj_sky/contiki-sky-main.o
LOAD contiki-sky.a
LOAD /usr/lib/gcc/msp430/4.6.3/mmpy-16/libgcc.a
LOAD /usr/lib/gcc/msp430/4.6.3/../../../../msp430/lib/mmpy-16/libc.a
LOAD /usr/lib/gcc/msp430/4.6.3/mmpy-16/libgcc.a
LOAD /usr/lib/gcc/msp430/4.6.3/mmpy-16/libcrt0.a
                0x00000080                PROVIDE (__info_segment_size, 0x80)
                0x00001000                PROVIDE (__infob, 0x1000)
                0x00001080                PROVIDE (__infoa, 0x1080)
                0x00000000                __IE1 = 0x0
                0x00000002                __IFG1 = 0x2
                0x00000004                __ME1 = 0x4
                0x00000001                __IE2 = 0x1
                0x00000003                __IFG2 = 0x3
                0x00000005                __ME2 = 0x5
                0x00000120                __WDTCTL = 0x120
                0x00000130                __MPY = 0x130
                0x00000132                __MPYS = 0x132
                0x00000134                __MAC = 0x134
                0x00000136                __MACS = 0x136
                0x00000138                __OP2 = 0x138
                0x0000013a                __RESLO = 0x13a
                0x0000013c                __RESHI = 0x13c
                0x0000013e                __SUMEXT = 0x13e
                0x00000020                __P1IN = 0x20
                0x00000021                __P1OUT = 0x21
                0x00000022                __P1DIR = 0x22
                0x00000023                __P1IFG = 0x23
                0x00000024                __P1IES = 0x24
                0x00000025                __P1IE = 0x25
                0x00000026                __P1SEL = 0x26
                0x00000028                __P2IN = 0x28
                0x00000029                __P2OUT = 0x29
                0x0000002a                __P2DIR = 0x2a
                0x0000002b                __P2IFG = 0x2b
                0x0000002c                __P2IES = 0x2c
                0x0000002d                __P2IE = 0x2d
                0x0000002e                __P2SEL = 0x2e
                0x00000018                __P3IN = 0x18
                0x00000019                __P3OUT = 0x19
                0x0000001a                __P3DIR = 0x1a
                0x0000001b                __P3SEL = 0x1b
                0x0000001c                __P4IN = 0x1c
                0x0000001d                __P4OUT = 0x1d
                0x0000001e                __P4DIR = 0x1e
                0x0000001f                __P4SEL = 0x1f
                0x00000030                __P5IN = 0x30
                0x00000031                __P5OUT = 0x31
                0x00000032                __P5DIR = 0x32
                0x00000033                __P5SEL = 0x33
                0x00000034                __P6IN = 0x34
                0x00000035                __P6OUT = 0x35
                0x00000036                __P6DIR = 0x36
                0x00000037                __P6SEL = 0x37
                0x00000070                __U0CTL = 0x70
                0x00000071                __U0TCTL = 0x71
                0x00000072                __U0RCTL = 0x72
                0x00000073                __U0MCTL = 0x73
                0x00000074                __U0BR0 = 0x74
                0x00000075                __U0BR1 = 0x75
                0x00000076                __U0RXBUF = 0x76
                0x00000077                __U0TXBUF = 0x77
                0x00000078                __U1CTL = 0x78
                0x00000079                __U1TCTL = 0x79
                0x0000007a                __U1RCTL = 0x7a
                0x0000007b                __U1MCTL = 0x7b
                0x0000007c                __U1BR0 = 0x7c
                0x0000007d                __U1BR1 = 0x7d
                0x0000007e                __U1RXBUF = 0x7e
                0x0000007f                __U1TXBUF = 0x7f
                0x00000050                __I2CIE = 0x50
                0x00000051                __I2CIFG = 0x51
                0x00000052                __I2CNDAT = 0x52
                0x00000071                __I2CTCTL = 0x71
                0x00000072                __I2CDCTL = 0x72
                0x00000073                __I2CPSC = 0x73
                0x00000074                __I2CSCLH = 0x74
                0x00000075                __I2CSCLL = 0x75
                0x00000076                __I2CDRB = 0x76
                0x00000076                __I2CDRW = 0x76
                0x00000118                __I2COA = 0x118
                0x0000011a                __I2CSA = 0x11a
                0x0000011c                __I2CIV = 0x11c
                0x0000012e                __TAIV = 0x12e
                0x00000160                __TACTL = 0x160
                0x00000162                __TACCTL0 = 0x162
                0x00000164                __TACCTL1 = 0x164
                0x00000166                __TACCTL2 = 0x166
                0x00000170                __TAR = 0x170
                0x00000172                __TACCR0 = 0x172
                0x00000174                __TACCR1 = 0x174
                0x00000176                __TACCR2 = 0x176
                0x0000011e                __TBIV = 0x11e
                0x00000180                __TBCTL = 0x180
                0x00000182                __TBCCTL0 = 0x182
                0x00000184                __TBCCTL1 = 0x184
                0x00000186                __TBCCTL2 = 0x186
                0x00000188                __TBCCTL3 = 0x188
                0x0000018a                __TBCCTL4 = 0x18a
                0x0000018c                __TBCCTL5 = 0x18c
                0x0000018e                __TBCCTL6 = 0x18e
                0x00000190                __TBR = 0x190
                0x00000192                __TBCCR0 = 0x192
                0x00000194                __TBCCR1 = 0x194
                0x00000196                __TBCCR2 = 0x196
                0x00000198                __TBCCR3 = 0x198
                0x0000019a                __TBCCR4 = 0x19a
                0x0000019c                __TBCCR5 = 0x19c
                0x0000019e                __TBCCR6 = 0x19e
                0x00000056                __DCOCTL = 0x56
                0x00000057                __BCSCTL1 = 0x57
                0x00000058                __BCSCTL2 = 0x58
                0x00000055                __SVSCTL = 0x55
                0x00000128                __FCTL1 = 0x128
                0x0000012a                __FCTL2 = 0x12a
                0x0000012c                __FCTL3 = 0x12c
                0x00000059                __CACTL1 = 0x59
                0x0000005a                __CACTL2 = 0x5a
                0x0000005b                __CAPD = 0x5b
                0x000001a0                __ADC12CTL0 = 0x1a0
                0x000001a2                __ADC12CTL1 = 0x1a2
                0x000001a4                __ADC12IFG = 0x1a4
                0x000001a6                __ADC12IE = 0x1a6
                0x000001a8                __ADC12IV = 0x1a8
                0x00000140                __ADC12MEM0 = 0x140
                0x00000142                __ADC12MEM1 = 0x142
                0x00000144                __ADC12MEM2 = 0x144
                0x00000146                __ADC12MEM3 = 0x146
                0x00000148                __ADC12MEM4 = 0x148
                0x0000014a                __ADC12MEM5 = 0x14a
                0x0000014c                __ADC12MEM6 = 0x14c
                0x0000014e                __ADC12MEM7 = 0x14e
                0x00000150                __ADC12MEM8 = 0x150
                0x00000152                __ADC12MEM9 = 0x152
                0x00000154                __ADC12MEM10 = 0x154
                0x00000156                __ADC12MEM11 = 0x156
                0x00000158                __ADC12MEM12 = 0x158
                0x0000015a                __ADC12MEM13 = 0x15a
                0x0000015c                __ADC12MEM14 = 0x15c
                0x0000015e                __ADC12MEM15 = 0x15e
                0x00000080                __ADC12MCTL0 = 0x80
                0x00000081                __ADC12MCTL1 = 0x81
                0x00000082                __ADC12MCTL2 = 0x82
                0x00000083                __ADC12MCTL3 = 0x83
                0x00000084                __ADC12MCTL4 = 0x84
                0x00000085                __ADC12MCTL5 = 0x85
                0x00000086                __ADC12MCTL6 = 0x86
                0x00000087                __ADC12MCTL7 = 0x87
                0x00000088                __ADC12MCTL8 = 0x88
                0x00000089                __ADC12MCTL9 = 0x89
                0x0000008a                __ADC12MCTL10 = 0x8a
                0x0000008b                __ADC12MCTL11 = 0x8b
                0x0000008c                __ADC12MCTL12 = 0x8c
                0x0000008d                __ADC12MCTL13 = 0x8d
                0x0000008e                __ADC12MCTL14 = 0x8e
                0x0000008f                __ADC12MCTL15 = 0x8f
                0x000001c0                __DAC12_0CTL = 0x1c0
                0x000001c2                __DAC12_1CTL = 0x1c2
                0x000001c8                __DAC12_0DAT = 0x1c8
                0x000001ca                __DAC12_1DAT = 0x1ca
                0x00000122                __DMACTL0 = 0x122
                0x00000124                __DMACTL1 = 0x124
                0x000001e0                __DMA0CTL = 0x1e0
                0x000001e8                __DMA1CTL = 0x1e8
                0x000001f0                __DMA2CTL = 0x1f0
                0x000001e2                __DMA0SA = 0x1e2
                0x000001e4                __DMA0DA = 0x1e4
                0x000001e6                __DMA0SZ = 0x1e6
                0x000001ea                __DMA1SA = 0x1ea
                0x000001ec                __DMA1DA = 0x1ec
                0x000001ee                __DMA1SZ = 0x1ee
                0x000001f2                __DMA2SA = 0x1f2
                0x000001f4                __DMA2DA = 0x1f4
                0x000001f6                __DMA2SZ = 0x1f6

.hash
 *(.hash)

.dynsym
 *(.dynsym)

.dynstr
 *(.dynstr)

.gnu.version
 *(.gnu.version)

.gnu.version_d
 *(.gnu.version_d)

.gnu.version_r
 *(.gnu.version_r)

.rel.init
 *(.rel.init)

.rela.init
 *(.rela.init)

.rel.fini
 *(.rel.fini)

.rela.fini
 *(.rela.fini)

.rel.text
 *(.rel.text .rel.text.* .rel.gnu.linkonce.t.*)

.rela.text
 *(.rela.text .rela.text.* .rela.gnu.linkonce.t.*)

.rel.rodata
 *(.rel.rodata .rel.rodata.* .rel.gnu.linkonce.r.*)

.rela.rodata
 *(.rela.rodata .rela.rodata.* .rela.gnu.linkonce.r.*)

.rel.data
 *(.rel.data .rel.data.* .rel.gnu.linkonce.d.*)

.rela.data
 *(.rela.data .rela.data.* .rela.gnu.linkonce.d.*)

.rel.bss
 *(.rel.bss .rel.bss.* .rel.gnu.linkonce.b.*)

.rela.bss
 *(.rela.bss .rela.bss.* .rela.gnu.linkonce.b.*)

.rel.ctors
 *(.rel.ctors)

.rela.ctors
 *(.rela.ctors)

.rel.dtors
 *(.rel.dtors)

.rela.dtors
 *(.rela.dtors)

.rel.got
 *(.rel.got)

.rela.got
 *(.rela.got)

.rel.plt
 *(.rel.plt)

.rela.plt
 *(.rela.plt)

.text           0x00004000     0x46d4
                0x00004000                . = ALIGN (0x2)
 *(.init .init.*)
 *(.init0)
 .init0         0x00004000        0x0 /usr/lib/gcc/msp430/4.6.3/mmpy-16/libcrt0.a(_reset_vector__.o)
                0x00004000                _reset_vector__
 *(.init1)
 .init1         0x00004000        0xc /usr/lib/gcc/msp430/4.6.3/mmpy-16/libcrt0.a(__watchdog_support.o)
                0x00004000                __watchdog_support
 *(.init2)
 .init2         0x0000400c        0x4 /usr/lib/gcc/msp430/4.6.3/mmpy-16/libcrt0.a(__init_stack.o)
                0x0000400c                __init_stack
 *(.init3)
 .init3         0x00004010        0x0 /usr/lib/gcc/msp430/4.6.3/mmpy-16/libcrt0.a(__low_level_init.o)
                0x00004010                __low_level_init
 *(.init4)
 .init4         0x00004010       0x18 /usr/lib/gcc/msp430/4.6.3/mmpy-16/libcrt0.a(_copy_data.o)
                0x00004010                __do_copy_data
 .init4         0x00004028       0x16 /usr/lib/gcc/msp430/4.6.3/mmpy-16/libcrt0.a(_clear_bss.o)
                0x00004028                __do_clear_bss
 *(.init5)
 *(.init6)
 *(.init7)
 *(.init8)
 *(.init9)
 .init9         0x0000403e      0x19c obj_sky/contiki-sky-main.o
                0x0000403e                main
 *(.fini9)
 .fini9         0x000041da        0x0 /usr/lib/gcc/msp430/4.6.3/mmpy-16/libcrt0.a(__stop_progExec__.o)
                0x000041da                __stop_progExec__
 *(.fini8)
 *(.fini7)
 *(.fini6)
 *(.fini5)
 *(.fini4)
 *(.fini3)
 *(.fini2)
 *(.fini1)
 *(.fini0)
 .fini0         0x000041da        0x6 /usr/lib/gcc/msp430/4.6.3/mmpy-16/libcrt0.a(_endless_loop__.o)
                0x000041da                _endless_loop__
 *(.fini .fini.*)
                0x000041e0                . = ALIGN (0x2)
                0x000041e0                __ctors_start = .
 *(.ctors)
                0x000041e0                __ctors_end = .
                0x000041e0                __dtors_start = .
 *(.dtors)
                0x000041e0                __dtors_end = .
                0x000041e0                . = ALIGN (0x2)
 *(.text .text.* .gnu.linkonce.t.*)
 .text          0x000041e0        0x4 /usr/lib/gcc/msp430/4.6.3/mmpy-16/crt0ivtbl16.o
                0x000041e0                __isr_14
                0x000041e0                __isr_4
                0x000041e0                __isr_11
                0x000041e0                __isr_7
                0x000041e0                __isr_0
                0x000041e0                __isr_8
                0x000041e0                __isr_13
                0x000041e0                __isr_9
                0x000041e0                __isr_1
 .text.crt0     0x000041e4        0x0 /usr/lib/gcc/msp430/4.6.3/mmpy-16/crt0ivtbl16.o
 .text          0x000041e4      0x56a glossy-test.co
                0x00004558                glossy_scheduler
 .text          0x0000474e        0x0 obj_sky/contiki-sky-main.o
 .text          0x0000474e      0x29e contiki-sky.a(process.o)
                0x0000484a                process_alloc_event
                0x00004858                process_exit
                0x00004862                process_init
                0x0000487e                process_run
                0x00004920                process_nevents
                0x0000492e                process_post
                0x00004982                process_post_synch
                0x00004994                process_start
                0x000049c6                process_poll
                0x000049de                process_is_running
 .text          0x000049ec       0x2a contiki-sky.a(autostart.o)
                0x000049ec                autostart_start
                0x00004a02                autostart_exit
 .text          0x00004a16      0x25a contiki-sky.a(etimer.o)
                0x00004a8e                etimer_request_poll
                0x00004b98                etimer_set
                0x00004baa                etimer_reset
                0x00004bbc                etimer_restart
                0x00004bce                etimer_adjust
                0x00004be8                etimer_expired
                0x00004bf6                etimer_expiration_time
                0x00004c0a                etimer_start_time
                0x00004c12                etimer_pending
                0x00004c1e                etimer_next_expiration_time
                0x00004c34                etimer_stop
 .text          0x00004c70       0xba contiki-sky.a(energest.o)
                0x00004c70                energest_init
                0x00004c98                energest_type_time
                0x00004cda                energest_leveldevice_leveltime
                0x00004ce0                energest_type_set
                0x00004cee                energest_flush
 .text          0x00004d2a       0xc6 contiki-sky.a(rtimer.o)
                0x00004d2a                rtimer_init
                0x00004d30                rtimer_set
                0x00004d58                rtimer_set_long
                0x00004db6                rtimer_run_next
 .text          0x00004df0        0xc contiki-sky.a(random.o)
                0x00004df0                random_init
                0x00004df6                random_rand
 .text          0x00004dfc      0xc86 contiki-sky.a(glossy-arch.o)
                0x00005074                glossy_stop
                0x000050e2                glossy_reset
                0x00005126                get_rx_cnt
                0x0000512c                get_tx_cnt
                0x00005132                get_relay_cnt
                0x00005138                get_T_slot_h
                0x0000513e                is_t_ref_l_updated
                0x00005144                get_t_first_rx_l
                0x0000514a                get_t_ref_l
                0x00005150                set_t_ref_l
                0x00005156                set_t_ref_l_updated
                0x0000515c                get_state
                0x00005162                get_data_len
                0x00005168                get_header
                0x0000516e                glossy_end_rx
                0x000053b2                glossy_begin_tx
                0x000054ba                glossy_end_tx
                0x0000551e                glossy_schedule_rx_timeout
                0x0000552c                glossy_begin_rx
                0x000056f4                glossy_stop_rx_timeout
                0x000056fa                glossy_schedule_initiator_timeout
                0x00005786                glossy_start
                0x0000590c                timerb1_interrupt
                0x0000590c                __isr_12
                0x00005a7c                glossy_stop_initiator_timeout
 .text          0x00005a82      0x192 contiki-sky.a(msp430.o)
                0x00005a82                w_memcpy
                0x00005a94                w_memset
                0x00005aa6                msp430_init_dco
                0x00005b2a                msp430_cpu_init
                0x00005b50                sbrk
                0x00005baa                splhigh_
                0x00005bb2                splx_
                0x00005bb6                msp430_sync_dco
 .text          0x00005c14      0x15c contiki-sky.a(leds.o)
                0x00005cc4                leds_init
                0x00005cd2                leds_get
                0x00005cd8                leds_on
                0x00005cec                leds_off
                0x00005d00                leds_invert
                0x00005d0a                leds_toggle
                0x00005d10                leds_blink
                0x00005d34                leds_green
                0x00005d48                leds_yellow
                0x00005d5c                leds_red
 .text          0x00005d70      0x154 contiki-sky.a(watchdog.o)
                0x00005de4                __isr_10
                0x00005de4                watchdog_interrupt
                0x00005e72                watchdog_start
                0x00005e86                watchdog_periodic
                0x00005e9e                watchdog_stop
                0x00005eaa                watchdog_init
                0x00005ebe                watchdog_reboot
 .text          0x00005ec4      0x37a contiki-sky.a(xmem.o)
                0x00005f34                xmem_init
                0x00005f72                xmem_pread
                0x0000604a                xmem_pwrite
                0x00006188                xmem_erase
 .text          0x0000623e      0x40e contiki-sky.a(cc2420.o)
                0x0000625a                cc2420_init
                0x00006542                cc2420_set_channel
                0x000065a6                cc2420_set_tx_power
 .text          0x0000664c       0x6e contiki-sky.a(node-id.o)
                0x0000664c                node_id_restore
                0x00006684                node_id_burn
 .text          0x000066ba      0x1b2 contiki-sky.a(uart1.o)
                0x000066ba                uart1_active
                0x000066d2                uart1_set_input
                0x000066d8                uart1_writeb
                0x0000670a                uart1_init
                0x000067e8                uart1_rx_interrupt
                0x000067e8                __isr_3
                0x0000683c                __isr_2
                0x0000683c                uart1_tx_interrupt
 .text          0x0000686c      0x174 contiki-sky.a(ds2411.o)
                0x000068be                ds2411_init
 .text          0x000069e0      0x1b2 contiki-sky.a(clock.o)
                0x000069e0                etimer_interrupt
                0x00006a52                __isr_5
                0x00006a52                timera1
                0x00006ac2                clock_time
                0x00006adc                clock_set
                0x00006af2                clock_fine_max
                0x00006af8                clock_fine
                0x00006b02                clock_init
                0x00006b2a                clock_delay
                0x00006b30                clock_wait
                0x00006b70                clock_set_seconds
                0x00006b72                clock_seconds
                0x00006b8c                clock_counter
 .text          0x00006b92       0x7c contiki-sky.a(leds-arch.o)
                0x00006b92                leds_arch_init
                0x00006ba0                leds_arch_get
                0x00006bd4                leds_arch_set
 .text          0x00006c0e       0x10 contiki-sky.a(uart1-putchar.o)
                0x00006c0e                putchar
 .text          0x00006c1e       0x3c contiki-sky.a(rtimer-arch.o)
                0x00006c1e                __isr_6
                0x00006c1e                timera0
                0x00006c3a                rtimer_arch_init
                0x00006c48                rtimer_arch_schedule
 .text          0x00006c5a       0x90 contiki-sky.a(timer.o)
                0x00006c5a                timer_set
                0x00006c76                timer_reset
                0x00006c84                timer_restart
                0x00006c98                timer_expired
                0x00006cc2                timer_remaining
 .text          0x00006cea       0x98 contiki-sky.a(ringbuf.o)
                0x00006cea                ringbuf_init
                0x00006cfe                ringbuf_put
                0x00006d36                ringbuf_get
                0x00006d68                ringbuf_size
                0x00006d70                ringbuf_elements
 .text          0x00006d82       0x32 contiki-sky.a(spi.o)
                0x00006d82                spi_init
 .text          0x00006db4        0x0 /usr/lib/gcc/msp430/4.6.3/mmpy-16/libgcc.a(_mulsi3.o)
 .text.libgcc   0x00006db4       0x2c /usr/lib/gcc/msp430/4.6.3/mmpy-16/libgcc.a(_mulsi3.o)
                0x00006db4                __mulsi3
 .text          0x00006de0        0x0 /usr/lib/gcc/msp430/4.6.3/mmpy-16/libgcc.a(_udivmod32.o)
 .text.libgcc   0x00006de0       0x40 /usr/lib/gcc/msp430/4.6.3/mmpy-16/libgcc.a(_udivmod32.o)
                0x00006de0                __udivsi3
                0x00006de0                __ext_udivmod32
                0x00006e16                __umodsi3
 .text          0x00006e20       0x42 /usr/lib/gcc/msp430/4.6.3/mmpy-16/libgcc.a(_fixunssfsi.o)
                0x00006e20                __fixunssfsi
 .text          0x00006e62      0x32e /usr/lib/gcc/msp430/4.6.3/mmpy-16/libgcc.a(_addsub_sf.o)
                0x000070f4                __addsf3
                0x00007140                __subsf3
 .text          0x00007190      0x224 /usr/lib/gcc/msp430/4.6.3/mmpy-16/libgcc.a(_mul_sf.o)
                0x00007190                __mulsf3
 .text          0x000073b4      0x150 /usr/lib/gcc/msp430/4.6.3/mmpy-16/libgcc.a(_div_sf.o)
                0x000073b4                __divsf3
 .text          0x00007504       0x50 /usr/lib/gcc/msp430/4.6.3/mmpy-16/libgcc.a(_ge_sf.o)
                0x00007504                __gesf2
 .text          0x00007554       0x90 /usr/lib/gcc/msp430/4.6.3/mmpy-16/libgcc.a(_sf_to_si.o)
                0x00007554                __fixsfsi
 .text          0x000075e4        0x0 /usr/lib/gcc/msp430/4.6.3/mmpy-16/libgcc.a(_thenan_sf.o)
 .text          0x000075e4       0xe2 /usr/lib/gcc/msp430/4.6.3/mmpy-16/libgcc.a(_usi_to_sf.o)
                0x000075e4                __floatunsisf
 .text          0x000076c6       0x72 /usr/lib/gcc/msp430/4.6.3/mmpy-16/libgcc.a(_clzsi2.o)
                0x000076c6                __clzsi2
 .text          0x00007738      0x1de /usr/lib/gcc/msp430/4.6.3/mmpy-16/libgcc.a(_pack_sf.o)
                0x00007738                __pack_f
 .text          0x00007916      0x124 /usr/lib/gcc/msp430/4.6.3/mmpy-16/libgcc.a(_unpack_sf.o)
                0x00007916                __unpack_f
 .text          0x00007a3a       0xa4 /usr/lib/gcc/msp430/4.6.3/mmpy-16/libgcc.a(_fpcmp_parts_sf.o)
                0x00007a3a                __fpcmp_parts_f
 .text          0x00007ade        0x0 /usr/lib/gcc/msp430/4.6.3/mmpy-16/libgcc.a(_clz.o)
 .text          0x00007ade       0xfa /usr/lib/gcc/msp430/4.6.3/../../../../msp430/lib/mmpy-16/libc.a(memcpy.o)
                0x00007ade                memcpy
 .text          0x00007bd8      0x114 /usr/lib/gcc/msp430/4.6.3/../../../../msp430/lib/mmpy-16/libc.a(malloc.o)
                0x00007bd8                malloc
                0x00007ce4                free
 .text          0x00007cec       0x1e /usr/lib/gcc/msp430/4.6.3/../../../../msp430/lib/mmpy-16/libc.a(printf.o)
                0x00007cec                printf
                0x00007cfc                vprintf
 .text          0x00007d0a      0x836 /usr/lib/gcc/msp430/4.6.3/../../../../msp430/lib/mmpy-16/libc.a(vuprintf.o)
                0x00007ea2                vuprintf
 .text          0x00008540       0x2c /usr/lib/gcc/msp430/4.6.3/../../../../msp430/lib/mmpy-16/libc.a(puts.o)
                0x00008540                puts
 .text          0x0000856c       0x54 /usr/lib/gcc/msp430/4.6.3/../../../../msp430/lib/mmpy-16/libc.a(rand.o)
                0x0000856c                rand_r
                0x00008590                rand
                0x000085b6                srand
 .text          0x000085c0        0x0 /usr/lib/gcc/msp430/4.6.3/mmpy-16/libgcc.a(_udivmod16.o)
 .text.libgcc   0x000085c0       0x22 /usr/lib/gcc/msp430/4.6.3/mmpy-16/libgcc.a(_udivmod16.o)
                0x000085c0                __udivhi3
                0x000085c0                __ext_udivmod16
                0x000085da                __umodhi3
 .text          0x000085e2        0x0 /usr/lib/gcc/msp430/4.6.3/mmpy-16/libgcc.a(_udivmod64.o)
 .text.libgcc   0x000085e2       0xf0 /usr/lib/gcc/msp430/4.6.3/mmpy-16/libgcc.a(_udivmod64.o)
                0x000085e2                __xabi_udivmod64
                0x00008640                __udivdi3
                0x00008666                __umoddi3
                0x00008694                __udivmoddi4
 .text          0x000086d2        0x0 /usr/lib/gcc/msp430/4.6.3/mmpy-16/libcrt0.a(_reset_vector__.o)
 .text          0x000086d2        0x0 /usr/lib/gcc/msp430/4.6.3/mmpy-16/libcrt0.a(__watchdog_support.o)
 .text          0x000086d2        0x0 /usr/lib/gcc/msp430/4.6.3/mmpy-16/libcrt0.a(__init_stack.o)
 .text          0x000086d2        0x0 /usr/lib/gcc/msp430/4.6.3/mmpy-16/libcrt0.a(__low_level_init.o)
 .text          0x000086d2        0x0 /usr/lib/gcc/msp430/4.6.3/mmpy-16/libcrt0.a(_copy_data.o)
 .text          0x000086d2        0x0 /usr/lib/gcc/msp430/4.6.3/mmpy-16/libcrt0.a(_clear_bss.o)
 .text          0x000086d2        0x0 /usr/lib/gcc/msp430/4.6.3/mmpy-16/libcrt0.a(__stop_progExec__.o)
 .text          0x000086d2        0x0 /usr/lib/gcc/msp430/4.6.3/mmpy-16/libcrt0.a(_endless_loop__.o)
 .text          0x000086d2        0x0 /usr/lib/gcc/msp430/4.6.3/mmpy-16/libcrt0.a(_unexpected_.o)
 .text.crt0     0x000086d2        0x2 /usr/lib/gcc/msp430/4.6.3/mmpy-16/libcrt0.a(_unexpected_.o)
                0x000086d2                _unexpected_
                0x000086d4                . = ALIGN (0x2)

.rodata         0x000086d4      0x2b6
                0x000086d4                . = ALIGN (0x2)
 *(.rodata .rodata.* .gnu.linkonce.r.*)
 .rodata        0x000086d4       0xfe glossy-test.co
                0x000087ae                autostart_processes
 .rodata        0x000087d2       0x50 obj_sky/contiki-sky-main.o
 .rodata        0x00008822        0xc contiki-sky.a(etimer.o)
 .rodata        0x0000882e       0x1c contiki-sky.a(glossy-arch.o)
 .rodata        0x0000884a       0x2f contiki-sky.a(watchdog.o)
 *fill*         0x00008879        0x1 00
 .rodata        0x0000887a        0x8 /usr/lib/gcc/msp430/4.6.3/mmpy-16/libgcc.a(_thenan_sf.o)
                0x0000887a                __thenan_sf
 .rodata        0x00008882      0x100 /usr/lib/gcc/msp430/4.6.3/mmpy-16/libgcc.a(_clz.o)
                0x00008882                __clz_tab
 .rodata        0x00008982        0x7 /usr/lib/gcc/msp430/4.6.3/../../../../msp430/lib/mmpy-16/libc.a(vuprintf.o)
                0x0000898a                . = ALIGN (0x2)
 *fill*         0x00008989        0x1 00
                0x0000898a                _etext = .

.data           0x00001100       0x2e load address 0x0000898a
                0x00001100                . = ALIGN (0x2)
                0x00001100                PROVIDE (__data_start, .)
 *(.data .data.* .gnu.linkonce.d.*)
 .data          0x00001100        0x0 /usr/lib/gcc/msp430/4.6.3/mmpy-16/crt0ivtbl16.o
 .data          0x00001100       0x14 glossy-test.co
                0x00001100                glossy_test
                0x0000110a                glossy_print_stats_process
 .data          0x00001114        0x0 obj_sky/contiki-sky-main.o
 .data          0x00001114        0x0 contiki-sky.a(process.o)
 .data          0x00001114        0x0 contiki-sky.a(autostart.o)
 .data          0x00001114        0xa contiki-sky.a(etimer.o)
                0x00001114                etimer_process
 .data          0x0000111e        0x0 contiki-sky.a(energest.o)
 .data          0x0000111e        0x0 contiki-sky.a(rtimer.o)
 .data          0x0000111e        0x0 contiki-sky.a(random.o)
 .data          0x0000111e        0xa contiki-sky.a(glossy-arch.o)
                0x0000111e                glossy_process
 .data          0x00001128        0x2 contiki-sky.a(msp430.o)
 .data          0x0000112a        0x0 contiki-sky.a(leds.o)
 .data          0x0000112a        0x0 contiki-sky.a(watchdog.o)
 .data          0x0000112a        0x0 contiki-sky.a(xmem.o)
 .data          0x0000112a        0x0 contiki-sky.a(cc2420.o)
 .data          0x0000112a        0x0 contiki-sky.a(node-id.o)
 .data          0x0000112a        0x0 contiki-sky.a(uart1.o)
 .data          0x0000112a        0x0 contiki-sky.a(ds2411.o)
 .data          0x0000112a        0x0 contiki-sky.a(clock.o)
 .data          0x0000112a        0x0 contiki-sky.a(leds-arch.o)
 .data          0x0000112a        0x0 contiki-sky.a(uart1-putchar.o)
 .data          0x0000112a        0x0 contiki-sky.a(rtimer-arch.o)
 .data          0x0000112a        0x0 contiki-sky.a(timer.o)
 .data          0x0000112a        0x0 contiki-sky.a(ringbuf.o)
 .data          0x0000112a        0x0 contiki-sky.a(spi.o)
 .data          0x0000112a        0x0 /usr/lib/gcc/msp430/4.6.3/mmpy-16/libgcc.a(_mulsi3.o)
 .data          0x0000112a        0x0 /usr/lib/gcc/msp430/4.6.3/mmpy-16/libgcc.a(_udivmod32.o)
 .data          0x0000112a        0x0 /usr/lib/gcc/msp430/4.6.3/mmpy-16/libgcc.a(_fixunssfsi.o)
 .data          0x0000112a        0x0 /usr/lib/gcc/msp430/4.6.3/mmpy-16/libgcc.a(_addsub_sf.o)
 .data          0x0000112a        0x0 /usr/lib/gcc/msp430/4.6.3/mmpy-16/libgcc.a(_mul_sf.o)
 .data          0x0000112a        0x0 /usr/lib/gcc/msp430/4.6.3/mmpy-16/libgcc.a(_div_sf.o)
 .data          0x0000112a        0x0 /usr/lib/gcc/msp430/4.6.3/mmpy-16/libgcc.a(_ge_sf.o)
 .data          0x0000112a        0x0 /usr/lib/gcc/msp430/4.6.3/mmpy-16/libgcc.a(_sf_to_si.o)
 .data          0x0000112a        0x0 /usr/lib/gcc/msp430/4.6.3/mmpy-16/libgcc.a(_thenan_sf.o)
 .data          0x0000112a        0x0 /usr/lib/gcc/msp430/4.6.3/mmpy-16/libgcc.a(_usi_to_sf.o)
 .data          0x0000112a        0x0 /usr/lib/gcc/msp430/4.6.3/mmpy-16/libgcc.a(_clzsi2.o)
 .data          0x0000112a        0x0 /usr/lib/gcc/msp430/4.6.3/mmpy-16/libgcc.a(_pack_sf.o)
 .data          0x0000112a        0x0 /usr/lib/gcc/msp430/4.6.3/mmpy-16/libgcc.a(_unpack_sf.o)
 .data          0x0000112a        0x0 /usr/lib/gcc/msp430/4.6.3/mmpy-16/libgcc.a(_fpcmp_parts_sf.o)
 .data          0x0000112a        0x0 /usr/lib/gcc/msp430/4.6.3/mmpy-16/libgcc.a(_clz.o)
 .data          0x0000112a        0x0 /usr/lib/gcc/msp430/4.6.3/../../../../msp430/lib/mmpy-16/libc.a(memcpy.o)
 .data          0x0000112a        0x0 /usr/lib/gcc/msp430/4.6.3/../../../../msp430/lib/mmpy-16/libc.a(malloc.o)
 .data          0x0000112a        0x0 /usr/lib/gcc/msp430/4.6.3/../../../../msp430/lib/mmpy-16/libc.a(printf.o)
 .data          0x0000112a        0x0 /usr/lib/gcc/msp430/4.6.3/../../../../msp430/lib/mmpy-16/libc.a(vuprintf.o)
 .data          0x0000112a        0x0 /usr/lib/gcc/msp430/4.6.3/../../../../msp430/lib/mmpy-16/libc.a(puts.o)
 .data          0x0000112a        0x4 /usr/lib/gcc/msp430/4.6.3/../../../../msp430/lib/mmpy-16/libc.a(rand.o)
 .data          0x0000112e        0x0 /usr/lib/gcc/msp430/4.6.3/mmpy-16/libgcc.a(_udivmod16.o)
 .data          0x0000112e        0x0 /usr/lib/gcc/msp430/4.6.3/mmpy-16/libgcc.a(_udivmod64.o)
 .data          0x0000112e        0x0 /usr/lib/gcc/msp430/4.6.3/mmpy-16/libcrt0.a(_reset_vector__.o)
 .data          0x0000112e        0x0 /usr/lib/gcc/msp430/4.6.3/mmpy-16/libcrt0.a(__watchdog_support.o)
 .data          0x0000112e        0x0 /usr/lib/gcc/msp430/4.6.3/mmpy-16/libcrt0.a(__init_stack.o)
 .data          0x0000112e        0x0 /usr/lib/gcc/msp430/4.6.3/mmpy-16/libcrt0.a(__low_level_init.o)
 .data          0x0000112e        0x0 /usr/lib/gcc/msp430/4.6.3/mmpy-16/libcrt0.a(_copy_data.o)
 .data          0x0000112e        0x0 /usr/lib/gcc/msp430/4.6.3/mmpy-16/libcrt0.a(_clear_bss.o)
 .data          0x0000112e        0x0 /usr/lib/gcc/msp430/4.6.3/mmpy-16/libcrt0.a(__stop_progExec__.o)
 .data          0x0000112e        0x0 /usr/lib/gcc/msp430/4.6.3/mmpy-16/libcrt0.a(_endless_loop__.o)
 .data          0x0000112e        0x0 /usr/lib/gcc/msp430/4.6.3/mmpy-16/libcrt0.a(_unexpected_.o)
                0x0000112e                . = ALIGN (0x2)
                0x0000112e                _edata = .
                0x0000898a                PROVIDE (__data_load_start, LOADADDR (.data))
                0x0000002e                PROVIDE (__data_size, SIZEOF (.data))

.bss            0x0000112e      0x1e4 load address 0x000089b8
                0x0000112e                PROVIDE (__bss_start, .)
 *(.bss .bss.*)
 .bss           0x0000112e        0x0 /usr/lib/gcc/msp430/4.6.3/mmpy-16/crt0ivtbl16.o
 .bss           0x0000112e       0x8c glossy-test.co
 .bss           0x000011ba        0x4 obj_sky/contiki-sky-main.o
 .bss           0x000011be       0x42 contiki-sky.a(process.o)
                0x000011be                process_current
                0x000011c0                process_list
 .bss           0x00001200        0x0 contiki-sky.a(autostart.o)
 .bss           0x00001200        0x6 contiki-sky.a(etimer.o)
 .bss           0x00001206        0x0 contiki-sky.a(energest.o)
 .bss           0x00001206        0x2 contiki-sky.a(rtimer.o)
 .bss           0x00001208        0x0 contiki-sky.a(random.o)
 .bss           0x00001208       0x4a contiki-sky.a(glossy-arch.o)
 .bss           0x00001252        0x0 contiki-sky.a(msp430.o)
 .bss           0x00001252        0x2 contiki-sky.a(leds.o)
 .bss           0x00001254        0x6 contiki-sky.a(watchdog.o)
 .bss           0x0000125a        0x0 contiki-sky.a(xmem.o)
 .bss           0x0000125a        0x0 contiki-sky.a(cc2420.o)
 .bss           0x0000125a        0x2 contiki-sky.a(node-id.o)
                0x0000125a                node_id
 .bss           0x0000125c       0x4a contiki-sky.a(uart1.o)
 .bss           0x000012a6        0x0 contiki-sky.a(ds2411.o)
 .bss           0x000012a6        0xa contiki-sky.a(clock.o)
 .bss           0x000012b0        0x0 contiki-sky.a(leds-arch.o)
 .bss           0x000012b0        0x0 contiki-sky.a(uart1-putchar.o)
 .bss           0x000012b0        0x0 contiki-sky.a(rtimer-arch.o)
 .bss           0x000012b0        0x0 contiki-sky.a(timer.o)
 .bss           0x000012b0        0x0 contiki-sky.a(ringbuf.o)
 .bss           0x000012b0        0x2 contiki-sky.a(spi.o)
                0x000012b0                spi_busy
 .bss           0x000012b2        0x0 /usr/lib/gcc/msp430/4.6.3/mmpy-16/libgcc.a(_mulsi3.o)
 .bss           0x000012b2        0x0 /usr/lib/gcc/msp430/4.6.3/mmpy-16/libgcc.a(_udivmod32.o)
 .bss           0x000012b2        0x0 /usr/lib/gcc/msp430/4.6.3/mmpy-16/libgcc.a(_fixunssfsi.o)
 .bss           0x000012b2        0x0 /usr/lib/gcc/msp430/4.6.3/mmpy-16/libgcc.a(_addsub_sf.o)
 .bss           0x000012b2        0x0 /usr/lib/gcc/msp430/4.6.3/mmpy-16/libgcc.a(_mul_sf.o)
 .bss           0x000012b2        0x0 /usr/lib/gcc/msp430/4.6.3/mmpy-16/libgcc.a(_div_sf.o)
 .bss           0x000012b2        0x0 /usr/lib/gcc/msp430/4.6.3/mmpy-16/libgcc.a(_ge_sf.o)
 .bss           0x000012b2        0x0 /usr/lib/gcc/msp430/4.6.3/mmpy-16/libgcc.a(_sf_to_si.o)
 .bss           0x000012b2        0x0 /usr/lib/gcc/msp430/4.6.3/mmpy-16/libgcc.a(_thenan_sf.o)
 .bss           0x000012b2        0x0 /usr/lib/gcc/msp430/4.6.3/mmpy-16/libgcc.a(_usi_to_sf.o)
 .bss           0x000012b2        0x0 /usr/lib/gcc/msp430/4.6.3/mmpy-16/libgcc.a(_clzsi2.o)
 .bss           0x000012b2        0x0 /usr/lib/gcc/msp430/4.6.3/mmpy-16/libgcc.a(_pack_sf.o)
 .bss           0x000012b2        0x0 /usr/lib/gcc/msp430/4.6.3/mmpy-16/libgcc.a(_unpack_sf.o)
 .bss           0x000012b2        0x0 /usr/lib/gcc/msp430/4.6.3/mmpy-16/libgcc.a(_fpcmp_parts_sf.o)
 .bss           0x000012b2        0x0 /usr/lib/gcc/msp430/4.6.3/mmpy-16/libgcc.a(_clz.o)
 .bss           0x000012b2        0x0 /usr/lib/gcc/msp430/4.6.3/../../../../msp430/lib/mmpy-16/libc.a(memcpy.o)
 .bss           0x000012b2        0x1 /usr/lib/gcc/msp430/4.6.3/../../../../msp430/lib/mmpy-16/libc.a(malloc.o)
 .bss           0x000012b3        0x0 /usr/lib/gcc/msp430/4.6.3/../../../../msp430/lib/mmpy-16/libc.a(printf.o)
 .bss           0x000012b3        0x0 /usr/lib/gcc/msp430/4.6.3/../../../../msp430/lib/mmpy-16/libc.a(vuprintf.o)
 .bss           0x000012b3        0x0 /usr/lib/gcc/msp430/4.6.3/../../../../msp430/lib/mmpy-16/libc.a(puts.o)
 .bss           0x000012b3        0x0 /usr/lib/gcc/msp430/4.6.3/../../../../msp430/lib/mmpy-16/libc.a(rand.o)
 .bss           0x000012b3        0x0 /usr/lib/gcc/msp430/4.6.3/mmpy-16/libgcc.a(_udivmod16.o)
 .bss           0x000012b3        0x0 /usr/lib/gcc/msp430/4.6.3/mmpy-16/libgcc.a(_udivmod64.o)
 .bss           0x000012b3        0x0 /usr/lib/gcc/msp430/4.6.3/mmpy-16/libcrt0.a(_reset_vector__.o)
 .bss           0x000012b3        0x0 /usr/lib/gcc/msp430/4.6.3/mmpy-16/libcrt0.a(__watchdog_support.o)
 .bss           0x000012b3        0x0 /usr/lib/gcc/msp430/4.6.3/mmpy-16/libcrt0.a(__init_stack.o)
 .bss           0x000012b3        0x0 /usr/lib/gcc/msp430/4.6.3/mmpy-16/libcrt0.a(__low_level_init.o)
 .bss           0x000012b3        0x0 /usr/lib/gcc/msp430/4.6.3/mmpy-16/libcrt0.a(_copy_data.o)
 .bss           0x000012b3        0x0 /usr/lib/gcc/msp430/4.6.3/mmpy-16/libcrt0.a(_clear_bss.o)
 .bss           0x000012b3        0x0 /usr/lib/gcc/msp430/4.6.3/mmpy-16/libcrt0.a(__stop_progExec__.o)
 .bss           0x000012b3        0x0 /usr/lib/gcc/msp430/4.6.3/mmpy-16/libcrt0.a(_endless_loop__.o)
 .bss           0x000012b3        0x0 /usr/lib/gcc/msp430/4.6.3/mmpy-16/libcrt0.a(_unexpected_.o)
 *(COMMON)
 COMMON         0x000012b3        0x1 contiki-sky.a(process.o)
                0x000012b3                process_maxevents
 COMMON         0x000012b4       0x56 contiki-sky.a(energest.o)
                0x000012b4                energest_total_time
                0x000012e4                energest_total_count
                0x000012e6                energest_current_mode
                0x000012f2                energest_current_time
 COMMON         0x0000130a        0x8 contiki-sky.a(ds2411.o)
                0x0000130a                ds2411_id
                0x00001312                . = ALIGN (0x2)
                0x00001312                PROVIDE (__bss_end, .)
                0x000001e4                PROVIDE (__bss_size, SIZEOF (.bss))

.noinit         0x00001312        0x2 load address 0x000089b8
                0x00001312                PROVIDE (__noinit_start, .)
 *(.noinit .noinit.*)
 .noinit.crt0   0x00001312        0x2 /usr/lib/gcc/msp430/4.6.3/mmpy-16/libcrt0.a(__watchdog_support.o)
                0x00001312                __wdt_clear_value
                0x00001314                . = ALIGN (0x2)
                0x00001314                PROVIDE (__noinit_end, .)
                0x00001314                . = ALIGN (0x2)
                0x00001314                _end = .

.infomem        0x00001000        0x0
 *(.infomem)
                0x00001000                . = ALIGN (0x2)
 *(.infomem.*)

.infomemnobits  0x00001000        0x0
 *(.infomemnobits)
                0x00001000                . = ALIGN (0x2)
 *(.infomemnobits.*)

.infoa
 *(.infoa .infoa.*)

.infob
 *(.infob .infob.*)

.infoc
 *(.infoc .infoc.*)

.infod
 *(.infod .infod.*)

.vectors        0x0000ffe0       0x20
                0x0000ffe0                PROVIDE (__vectors_start, .)
 *(.vectors*)
 .vectors       0x0000ffe0       0x20 /usr/lib/gcc/msp430/4.6.3/mmpy-16/crt0ivtbl16.o
                0x0000ffe0                __ivtbl_16
                0x00010000                _vectors_end = .

.fartext        0x00000000        0x0
                0x00000000                . = ALIGN (0x2)
 *(.fartext)
                0x00000000                . = ALIGN (0x2)
 *(.fartext.*)
                0x00000000                _efartext = .

.profiler
 *(.profiler)

.stab
 *(.stab)

.stabstr
 *(.stabstr)

.stab.excl
 *(.stab.excl)

.stab.exclstr
 *(.stab.exclstr)

.stab.index
 *(.stab.index)

.stab.indexstr
 *(.stab.indexstr)

.comment
 *(.comment)

.debug
 *(.debug)

.line
 *(.line)

.debug_srcinfo
 *(.debug_srcinfo)

.debug_sfnames
 *(.debug_sfnames)

.debug_aranges  0x00000000      0x3fc
 *(.debug_aranges)
 .debug_aranges
                0x00000000       0x14 glossy-test.co
 .debug_aranges
                0x00000014       0x14 obj_sky/contiki-sky-main.o
 .debug_aranges
                0x00000028       0x14 contiki-sky.a(process.o)
 .debug_aranges
                0x0000003c       0x14 contiki-sky.a(autostart.o)
 .debug_aranges
                0x00000050       0x14 contiki-sky.a(etimer.o)
 .debug_aranges
                0x00000064       0x14 contiki-sky.a(energest.o)
 .debug_aranges
                0x00000078       0x14 contiki-sky.a(rtimer.o)
 .debug_aranges
                0x0000008c       0x14 contiki-sky.a(random.o)
 .debug_aranges
                0x000000a0       0x14 contiki-sky.a(glossy-arch.o)
 .debug_aranges
                0x000000b4       0x14 contiki-sky.a(msp430.o)
 .debug_aranges
                0x000000c8       0x14 contiki-sky.a(leds.o)
 .debug_aranges
                0x000000dc       0x14 contiki-sky.a(watchdog.o)
 .debug_aranges
                0x000000f0       0x14 contiki-sky.a(xmem.o)
 .debug_aranges
                0x00000104       0x14 contiki-sky.a(cc2420.o)
 .debug_aranges
                0x00000118       0x14 contiki-sky.a(node-id.o)
 .debug_aranges
                0x0000012c       0x14 contiki-sky.a(uart1.o)
 .debug_aranges
                0x00000140       0x14 contiki-sky.a(ds2411.o)
 .debug_aranges
                0x00000154       0x14 contiki-sky.a(clock.o)
 .debug_aranges
                0x00000168       0x14 contiki-sky.a(leds-arch.o)
 .debug_aranges
                0x0000017c       0x14 contiki-sky.a(uart1-putchar.o)
 .debug_aranges
                0x00000190       0x14 contiki-sky.a(rtimer-arch.o)
 .debug_aranges
                0x000001a4       0x14 contiki-sky.a(timer.o)
 .debug_aranges
                0x000001b8       0x14 contiki-sky.a(ringbuf.o)
 .debug_aranges
                0x000001cc       0x14 contiki-sky.a(spi.o)
 .debug_aranges
                0x000001e0       0x14 /usr/lib/gcc/msp430/4.6.3/mmpy-16/libgcc.a(_mulsi3.o)
 .debug_aranges
                0x000001f4       0x14 /usr/lib/gcc/msp430/4.6.3/mmpy-16/libgcc.a(_udivmod32.o)
 .debug_aranges
                0x00000208       0x14 /usr/lib/gcc/msp430/4.6.3/mmpy-16/libgcc.a(_fixunssfsi.o)
 .debug_aranges
                0x0000021c       0x14 /usr/lib/gcc/msp430/4.6.3/mmpy-16/libgcc.a(_addsub_sf.o)
 .debug_aranges
                0x00000230       0x14 /usr/lib/gcc/msp430/4.6.3/mmpy-16/libgcc.a(_mul_sf.o)
 .debug_aranges
                0x00000244       0x14 /usr/lib/gcc/msp430/4.6.3/mmpy-16/libgcc.a(_div_sf.o)
 .debug_aranges
                0x00000258       0x14 /usr/lib/gcc/msp430/4.6.3/mmpy-16/libgcc.a(_ge_sf.o)
 .debug_aranges
                0x0000026c       0x14 /usr/lib/gcc/msp430/4.6.3/mmpy-16/libgcc.a(_sf_to_si.o)
 .debug_aranges
                0x00000280       0x14 /usr/lib/gcc/msp430/4.6.3/mmpy-16/libgcc.a(_usi_to_sf.o)
 .debug_aranges
                0x00000294       0x14 /usr/lib/gcc/msp430/4.6.3/mmpy-16/libgcc.a(_clzsi2.o)
 .debug_aranges
                0x000002a8       0x14 /usr/lib/gcc/msp430/4.6.3/mmpy-16/libgcc.a(_pack_sf.o)
 .debug_aranges
                0x000002bc       0x14 /usr/lib/gcc/msp430/4.6.3/mmpy-16/libgcc.a(_unpack_sf.o)
 .debug_aranges
                0x000002d0       0x14 /usr/lib/gcc/msp430/4.6.3/mmpy-16/libgcc.a(_fpcmp_parts_sf.o)
 .debug_aranges
                0x000002e4       0x14 /usr/lib/gcc/msp430/4.6.3/../../../../msp430/lib/mmpy-16/libc.a(memcpy.o)
 .debug_aranges
                0x000002f8       0x14 /usr/lib/gcc/msp430/4.6.3/../../../../msp430/lib/mmpy-16/libc.a(malloc.o)
 .debug_aranges
                0x0000030c       0x14 /usr/lib/gcc/msp430/4.6.3/../../../../msp430/lib/mmpy-16/libc.a(printf.o)
 .debug_aranges
                0x00000320       0x14 /usr/lib/gcc/msp430/4.6.3/../../../../msp430/lib/mmpy-16/libc.a(vuprintf.o)
 .debug_aranges
                0x00000334       0x14 /usr/lib/gcc/msp430/4.6.3/../../../../msp430/lib/mmpy-16/libc.a(puts.o)
 .debug_aranges
                0x00000348       0x14 /usr/lib/gcc/msp430/4.6.3/../../../../msp430/lib/mmpy-16/libc.a(rand.o)
 .debug_aranges
                0x0000035c       0x14 /usr/lib/gcc/msp430/4.6.3/mmpy-16/libgcc.a(_udivmod16.o)
 .debug_aranges
                0x00000370       0x14 /usr/lib/gcc/msp430/4.6.3/mmpy-16/libgcc.a(_udivmod64.o)
 .debug_aranges
                0x00000384       0x14 /usr/lib/gcc/msp430/4.6.3/mmpy-16/libcrt0.a(__watchdog_support.o)
 .debug_aranges
                0x00000398       0x14 /usr/lib/gcc/msp430/4.6.3/mmpy-16/libcrt0.a(__init_stack.o)
 .debug_aranges
                0x000003ac       0x14 /usr/lib/gcc/msp430/4.6.3/mmpy-16/libcrt0.a(_copy_data.o)
 .debug_aranges
                0x000003c0       0x14 /usr/lib/gcc/msp430/4.6.3/mmpy-16/libcrt0.a(_clear_bss.o)
 .debug_aranges
                0x000003d4       0x14 /usr/lib/gcc/msp430/4.6.3/mmpy-16/libcrt0.a(_endless_loop__.o)
 .debug_aranges
                0x000003e8       0x14 /usr/lib/gcc/msp430/4.6.3/mmpy-16/libcrt0.a(_unexpected_.o)

.debug_pubnames
 *(.debug_pubnames)

.debug_info     0x00000000     0x798a
 *(.debug_info)
 .debug_info    0x00000000      0x556 glossy-test.co
 .debug_info    0x00000556      0x346 obj_sky/contiki-sky-main.o
 .debug_info    0x0000089c      0x53f contiki-sky.a(process.o)
 .debug_info    0x00000ddb      0x1ad contiki-sky.a(autostart.o)
 .debug_info    0x00000f88      0x4aa contiki-sky.a(etimer.o)
 .debug_info    0x00001432      0x265 contiki-sky.a(energest.o)
 .debug_info    0x00001697      0x29e contiki-sky.a(rtimer.o)
 .debug_info    0x00001935       0xa0 contiki-sky.a(random.o)
 .debug_info    0x000019d5      0xf3c contiki-sky.a(glossy-arch.o)
 .debug_info    0x00002911      0x36a contiki-sky.a(msp430.o)
 .debug_info    0x00002c7b      0x2fd contiki-sky.a(leds.o)
 .debug_info    0x00002f78      0x210 contiki-sky.a(watchdog.o)
 .debug_info    0x00003188      0x4ae contiki-sky.a(xmem.o)
 .debug_info    0x00003636      0x39f contiki-sky.a(cc2420.o)
 .debug_info    0x000039d5       0xde contiki-sky.a(node-id.o)
 .debug_info    0x00003ab3      0x2d7 contiki-sky.a(uart1.o)
 .debug_info    0x00003d8a      0x2d4 contiki-sky.a(ds2411.o)
 .debug_info    0x0000405e      0x391 contiki-sky.a(clock.o)
 .debug_info    0x000043ef       0xd9 contiki-sky.a(leds-arch.o)
 .debug_info    0x000044c8       0x8b contiki-sky.a(uart1-putchar.o)
 .debug_info    0x00004553       0xef contiki-sky.a(rtimer-arch.o)
 .debug_info    0x00004642      0x170 contiki-sky.a(timer.o)
 .debug_info    0x000047b2      0x1b0 contiki-sky.a(ringbuf.o)
 .debug_info    0x00004962      0x132 contiki-sky.a(spi.o)
 .debug_info    0x00004a94       0xd6 /usr/lib/gcc/msp430/4.6.3/mmpy-16/libgcc.a(_mulsi3.o)
 .debug_info    0x00004b6a       0xd6 /usr/lib/gcc/msp430/4.6.3/mmpy-16/libgcc.a(_udivmod32.o)
 .debug_info    0x00004c40       0xb5 /usr/lib/gcc/msp430/4.6.3/mmpy-16/libgcc.a(_fixunssfsi.o)
 .debug_info    0x00004cf5      0x425 /usr/lib/gcc/msp430/4.6.3/mmpy-16/libgcc.a(_addsub_sf.o)
 .debug_info    0x0000511a      0x3c9 /usr/lib/gcc/msp430/4.6.3/mmpy-16/libgcc.a(_mul_sf.o)
 .debug_info    0x000054e3      0x35c /usr/lib/gcc/msp430/4.6.3/mmpy-16/libgcc.a(_div_sf.o)
 .debug_info    0x0000583f      0x26e /usr/lib/gcc/msp430/4.6.3/mmpy-16/libgcc.a(_ge_sf.o)
 .debug_info    0x00005aad      0x289 /usr/lib/gcc/msp430/4.6.3/mmpy-16/libgcc.a(_sf_to_si.o)
 .debug_info    0x00005d36      0x144 /usr/lib/gcc/msp430/4.6.3/mmpy-16/libgcc.a(_thenan_sf.o)
 .debug_info    0x00005e7a      0x204 /usr/lib/gcc/msp430/4.6.3/mmpy-16/libgcc.a(_usi_to_sf.o)
 .debug_info    0x0000607e      0x109 /usr/lib/gcc/msp430/4.6.3/mmpy-16/libgcc.a(_clzsi2.o)
 .debug_info    0x00006187      0x2b1 /usr/lib/gcc/msp430/4.6.3/mmpy-16/libgcc.a(_pack_sf.o)
 .debug_info    0x00006438      0x23e /usr/lib/gcc/msp430/4.6.3/mmpy-16/libgcc.a(_unpack_sf.o)
 .debug_info    0x00006676      0x1d5 /usr/lib/gcc/msp430/4.6.3/mmpy-16/libgcc.a(_fpcmp_parts_sf.o)
 .debug_info    0x0000684b       0xa0 /usr/lib/gcc/msp430/4.6.3/mmpy-16/libgcc.a(_clz.o)
 .debug_info    0x000068eb      0x113 /usr/lib/gcc/msp430/4.6.3/../../../../msp430/lib/mmpy-16/libc.a(memcpy.o)
 .debug_info    0x000069fe      0x151 /usr/lib/gcc/msp430/4.6.3/../../../../msp430/lib/mmpy-16/libc.a(malloc.o)
 .debug_info    0x00006b4f      0x105 /usr/lib/gcc/msp430/4.6.3/../../../../msp430/lib/mmpy-16/libc.a(printf.o)
 .debug_info    0x00006c54      0x565 /usr/lib/gcc/msp430/4.6.3/../../../../msp430/lib/mmpy-16/libc.a(vuprintf.o)
 .debug_info    0x000071b9       0x96 /usr/lib/gcc/msp430/4.6.3/../../../../msp430/lib/mmpy-16/libc.a(puts.o)
 .debug_info    0x0000724f      0x13f /usr/lib/gcc/msp430/4.6.3/../../../../msp430/lib/mmpy-16/libc.a(rand.o)
 .debug_info    0x0000738e       0xd6 /usr/lib/gcc/msp430/4.6.3/mmpy-16/libgcc.a(_udivmod16.o)
 .debug_info    0x00007464       0xd6 /usr/lib/gcc/msp430/4.6.3/mmpy-16/libgcc.a(_udivmod64.o)
 .debug_info    0x0000753a       0xb8 /usr/lib/gcc/msp430/4.6.3/mmpy-16/libcrt0.a(__watchdog_support.o)
 .debug_info    0x000075f2       0xb8 /usr/lib/gcc/msp430/4.6.3/mmpy-16/libcrt0.a(__init_stack.o)
 .debug_info    0x000076aa       0xb8 /usr/lib/gcc/msp430/4.6.3/mmpy-16/libcrt0.a(_copy_data.o)
 .debug_info    0x00007762       0xb8 /usr/lib/gcc/msp430/4.6.3/mmpy-16/libcrt0.a(_clear_bss.o)
 .debug_info    0x0000781a       0xb8 /usr/lib/gcc/msp430/4.6.3/mmpy-16/libcrt0.a(_endless_loop__.o)
 .debug_info    0x000078d2       0xb8 /usr/lib/gcc/msp430/4.6.3/mmpy-16/libcrt0.a(_unexpected_.o)
 *(.gnu.linkonce.wi.*)

.debug_abbrev   0x00000000     0x38a7
 *(.debug_abbrev)
 .debug_abbrev  0x00000000      0x273 glossy-test.co
 .debug_abbrev  0x00000273      0x1ab obj_sky/contiki-sky-main.o
 .debug_abbrev  0x0000041e      0x323 contiki-sky.a(process.o)
 .debug_abbrev  0x00000741       0xf5 contiki-sky.a(autostart.o)
 .debug_abbrev  0x00000836      0x27a contiki-sky.a(etimer.o)
 .debug_abbrev  0x00000ab0      0x14e contiki-sky.a(energest.o)
 .debug_abbrev  0x00000bfe      0x194 contiki-sky.a(rtimer.o)
 .debug_abbrev  0x00000d92       0x67 contiki-sky.a(random.o)
 .debug_abbrev  0x00000df9      0x3fe contiki-sky.a(glossy-arch.o)
 .debug_abbrev  0x000011f7      0x157 contiki-sky.a(msp430.o)
 .debug_abbrev  0x0000134e      0x163 contiki-sky.a(leds.o)
 .debug_abbrev  0x000014b1      0x14c contiki-sky.a(watchdog.o)
 .debug_abbrev  0x000015fd      0x230 contiki-sky.a(xmem.o)
 .debug_abbrev  0x0000182d      0x152 contiki-sky.a(cc2420.o)
 .debug_abbrev  0x0000197f       0x82 contiki-sky.a(node-id.o)
 .debug_abbrev  0x00001a01      0x162 contiki-sky.a(uart1.o)
 .debug_abbrev  0x00001b63      0x181 contiki-sky.a(ds2411.o)
 .debug_abbrev  0x00001ce4      0x1b5 contiki-sky.a(clock.o)
 .debug_abbrev  0x00001e99       0x97 contiki-sky.a(leds-arch.o)
 .debug_abbrev  0x00001f30       0x50 contiki-sky.a(uart1-putchar.o)
 .debug_abbrev  0x00001f80       0xa2 contiki-sky.a(rtimer-arch.o)
 .debug_abbrev  0x00002022       0xf8 contiki-sky.a(timer.o)
 .debug_abbrev  0x0000211a      0x109 contiki-sky.a(ringbuf.o)
 .debug_abbrev  0x00002223       0x97 contiki-sky.a(spi.o)
 .debug_abbrev  0x000022ba       0x14 /usr/lib/gcc/msp430/4.6.3/mmpy-16/libgcc.a(_mulsi3.o)
 .debug_abbrev  0x000022ce       0x14 /usr/lib/gcc/msp430/4.6.3/mmpy-16/libgcc.a(_udivmod32.o)
 .debug_abbrev  0x000022e2       0x5d /usr/lib/gcc/msp430/4.6.3/mmpy-16/libgcc.a(_fixunssfsi.o)
 .debug_abbrev  0x0000233f      0x1ab /usr/lib/gcc/msp430/4.6.3/mmpy-16/libgcc.a(_addsub_sf.o)
 .debug_abbrev  0x000024ea      0x1d9 /usr/lib/gcc/msp430/4.6.3/mmpy-16/libgcc.a(_mul_sf.o)
 .debug_abbrev  0x000026c3      0x1c4 /usr/lib/gcc/msp430/4.6.3/mmpy-16/libgcc.a(_div_sf.o)
 .debug_abbrev  0x00002887      0x151 /usr/lib/gcc/msp430/4.6.3/mmpy-16/libgcc.a(_ge_sf.o)
 .debug_abbrev  0x000029d8      0x160 /usr/lib/gcc/msp430/4.6.3/mmpy-16/libgcc.a(_sf_to_si.o)
 .debug_abbrev  0x00002b38       0xba /usr/lib/gcc/msp430/4.6.3/mmpy-16/libgcc.a(_thenan_sf.o)
 .debug_abbrev  0x00002bf2      0x173 /usr/lib/gcc/msp430/4.6.3/mmpy-16/libgcc.a(_usi_to_sf.o)
 .debug_abbrev  0x00002d65       0xac /usr/lib/gcc/msp430/4.6.3/mmpy-16/libgcc.a(_clzsi2.o)
 .debug_abbrev  0x00002e11      0x192 /usr/lib/gcc/msp430/4.6.3/mmpy-16/libgcc.a(_pack_sf.o)
 .debug_abbrev  0x00002fa3      0x15a /usr/lib/gcc/msp430/4.6.3/mmpy-16/libgcc.a(_unpack_sf.o)
 .debug_abbrev  0x000030fd      0x10b /usr/lib/gcc/msp430/4.6.3/mmpy-16/libgcc.a(_fpcmp_parts_sf.o)
 .debug_abbrev  0x00003208       0x61 /usr/lib/gcc/msp430/4.6.3/mmpy-16/libgcc.a(_clz.o)
 .debug_abbrev  0x00003269       0x97 /usr/lib/gcc/msp430/4.6.3/../../../../msp430/lib/mmpy-16/libc.a(memcpy.o)
 .debug_abbrev  0x00003300       0xf8 /usr/lib/gcc/msp430/4.6.3/../../../../msp430/lib/mmpy-16/libc.a(malloc.o)
 .debug_abbrev  0x000033f8       0xd0 /usr/lib/gcc/msp430/4.6.3/../../../../msp430/lib/mmpy-16/libc.a(printf.o)
 .debug_abbrev  0x000034c8      0x1ef /usr/lib/gcc/msp430/4.6.3/../../../../msp430/lib/mmpy-16/libc.a(vuprintf.o)
 .debug_abbrev  0x000036b7       0x60 /usr/lib/gcc/msp430/4.6.3/../../../../msp430/lib/mmpy-16/libc.a(puts.o)
 .debug_abbrev  0x00003717       0xf0 /usr/lib/gcc/msp430/4.6.3/../../../../msp430/lib/mmpy-16/libc.a(rand.o)
 .debug_abbrev  0x00003807       0x14 /usr/lib/gcc/msp430/4.6.3/mmpy-16/libgcc.a(_udivmod16.o)
 .debug_abbrev  0x0000381b       0x14 /usr/lib/gcc/msp430/4.6.3/mmpy-16/libgcc.a(_udivmod64.o)
 .debug_abbrev  0x0000382f       0x14 /usr/lib/gcc/msp430/4.6.3/mmpy-16/libcrt0.a(__watchdog_support.o)
 .debug_abbrev  0x00003843       0x14 /usr/lib/gcc/msp430/4.6.3/mmpy-16/libcrt0.a(__init_stack.o)
 .debug_abbrev  0x00003857       0x14 /usr/lib/gcc/msp430/4.6.3/mmpy-16/libcrt0.a(_copy_data.o)
 .debug_abbrev  0x0000386b       0x14 /usr/lib/gcc/msp430/4.6.3/mmpy-16/libcrt0.a(_clear_bss.o)
 .debug_abbrev  0x0000387f       0x14 /usr/lib/gcc/msp430/4.6.3/mmpy-16/libcrt0.a(_endless_loop__.o)
 .debug_abbrev  0x00003893       0x14 /usr/lib/gcc/msp430/4.6.3/mmpy-16/libcrt0.a(_unexpected_.o)

.debug_line     0x00000000     0x3494
 *(.debug_line)
 .debug_line    0x00000000      0x1f0 glossy-test.co
 .debug_line    0x000001f0      0x198 obj_sky/contiki-sky-main.o
 .debug_line    0x00000388      0x13d contiki-sky.a(process.o)
 .debug_line    0x000004c5       0x96 contiki-sky.a(autostart.o)
 .debug_line    0x0000055b      0x170 contiki-sky.a(etimer.o)
 .debug_line    0x000006cb       0xe1 contiki-sky.a(energest.o)
 .debug_line    0x000007ac       0xda contiki-sky.a(rtimer.o)
 .debug_line    0x00000886       0x4a contiki-sky.a(random.o)
 .debug_line    0x000008d0      0x539 contiki-sky.a(glossy-arch.o)
 .debug_line    0x00000e09      0x147 contiki-sky.a(msp430.o)
 .debug_line    0x00000f50      0x12c contiki-sky.a(leds.o)
 .debug_line    0x0000107c       0xe9 contiki-sky.a(watchdog.o)
 .debug_line    0x00001165      0x1dd contiki-sky.a(xmem.o)
 .debug_line    0x00001342      0x2fd contiki-sky.a(cc2420.o)
 .debug_line    0x0000163f       0x61 contiki-sky.a(node-id.o)
 .debug_line    0x000016a0      0x107 contiki-sky.a(uart1.o)
 .debug_line    0x000017a7      0x11f contiki-sky.a(ds2411.o)
 .debug_line    0x000018c6      0x163 contiki-sky.a(clock.o)
 .debug_line    0x00001a29       0xdb contiki-sky.a(leds-arch.o)
 .debug_line    0x00001b04       0x98 contiki-sky.a(uart1-putchar.o)
 .debug_line    0x00001b9c       0xbe contiki-sky.a(rtimer-arch.o)
 .debug_line    0x00001c5a       0xa2 contiki-sky.a(timer.o)
 .debug_line    0x00001cfc       0xb3 contiki-sky.a(ringbuf.o)
 .debug_line    0x00001daf       0x96 contiki-sky.a(spi.o)
 .debug_line    0x00001e45       0xa3 /usr/lib/gcc/msp430/4.6.3/mmpy-16/libgcc.a(_mulsi3.o)
 .debug_line    0x00001ee8       0xab /usr/lib/gcc/msp430/4.6.3/mmpy-16/libgcc.a(_udivmod32.o)
 .debug_line    0x00001f93       0x94 /usr/lib/gcc/msp430/4.6.3/mmpy-16/libgcc.a(_fixunssfsi.o)
 .debug_line    0x00002027      0x13f /usr/lib/gcc/msp430/4.6.3/mmpy-16/libgcc.a(_addsub_sf.o)
 .debug_line    0x00002166      0x137 /usr/lib/gcc/msp430/4.6.3/mmpy-16/libgcc.a(_mul_sf.o)
 .debug_line    0x0000229d       0xf9 /usr/lib/gcc/msp430/4.6.3/mmpy-16/libgcc.a(_div_sf.o)
 .debug_line    0x00002396       0xb1 /usr/lib/gcc/msp430/4.6.3/mmpy-16/libgcc.a(_ge_sf.o)
 .debug_line    0x00002447       0xbf /usr/lib/gcc/msp430/4.6.3/mmpy-16/libgcc.a(_sf_to_si.o)
 .debug_line    0x00002506       0x94 /usr/lib/gcc/msp430/4.6.3/mmpy-16/libgcc.a(_thenan_sf.o)
 .debug_line    0x0000259a       0xc6 /usr/lib/gcc/msp430/4.6.3/mmpy-16/libgcc.a(_usi_to_sf.o)
 .debug_line    0x00002660       0xbe /usr/lib/gcc/msp430/4.6.3/mmpy-16/libgcc.a(_clzsi2.o)
 .debug_line    0x0000271e      0x102 /usr/lib/gcc/msp430/4.6.3/mmpy-16/libgcc.a(_pack_sf.o)
 .debug_line    0x00002820       0xdd /usr/lib/gcc/msp430/4.6.3/mmpy-16/libgcc.a(_unpack_sf.o)
 .debug_line    0x000028fd       0xe8 /usr/lib/gcc/msp430/4.6.3/mmpy-16/libgcc.a(_fpcmp_parts_sf.o)
 .debug_line    0x000029e5       0x80 /usr/lib/gcc/msp430/4.6.3/mmpy-16/libgcc.a(_clz.o)
 .debug_line    0x00002a65       0xe9 /usr/lib/gcc/msp430/4.6.3/../../../../msp430/lib/mmpy-16/libc.a(memcpy.o)
 .debug_line    0x00002b4e       0xbe /usr/lib/gcc/msp430/4.6.3/../../../../msp430/lib/mmpy-16/libc.a(malloc.o)
 .debug_line    0x00002c0c       0x72 /usr/lib/gcc/msp430/4.6.3/../../../../msp430/lib/mmpy-16/libc.a(printf.o)
 .debug_line    0x00002c7e      0x2d2 /usr/lib/gcc/msp430/4.6.3/../../../../msp430/lib/mmpy-16/libc.a(vuprintf.o)
 .debug_line    0x00002f50       0x4d /usr/lib/gcc/msp430/4.6.3/../../../../msp430/lib/mmpy-16/libc.a(puts.o)
 .debug_line    0x00002f9d       0x4f /usr/lib/gcc/msp430/4.6.3/../../../../msp430/lib/mmpy-16/libc.a(rand.o)
 .debug_line    0x00002fec       0x9c /usr/lib/gcc/msp430/4.6.3/mmpy-16/libgcc.a(_udivmod16.o)
 .debug_line    0x00003088       0xf1 /usr/lib/gcc/msp430/4.6.3/mmpy-16/libgcc.a(_udivmod64.o)
 .debug_line    0x00003179       0x84 /usr/lib/gcc/msp430/4.6.3/mmpy-16/libcrt0.a(__watchdog_support.o)
 .debug_line    0x000031fd       0x82 /usr/lib/gcc/msp430/4.6.3/mmpy-16/libcrt0.a(__init_stack.o)
 .debug_line    0x0000327f       0x88 /usr/lib/gcc/msp430/4.6.3/mmpy-16/libcrt0.a(_copy_data.o)
 .debug_line    0x00003307       0x88 /usr/lib/gcc/msp430/4.6.3/mmpy-16/libcrt0.a(_clear_bss.o)
 .debug_line    0x0000338f       0x83 /usr/lib/gcc/msp430/4.6.3/mmpy-16/libcrt0.a(_endless_loop__.o)
 .debug_line    0x00003412       0x82 /usr/lib/gcc/msp430/4.6.3/mmpy-16/libcrt0.a(_unexpected_.o)

.debug_frame    0x00000000     0x10e8
 *(.debug_frame)
 .debug_frame   0x00000000      0x14e glossy-test.co
 .debug_frame   0x0000014e       0x56 obj_sky/contiki-sky-main.o
 .debug_frame   0x000001a4       0xe8 contiki-sky.a(process.o)
 .debug_frame   0x0000028c       0x36 contiki-sky.a(autostart.o)
 .debug_frame   0x000002c2       0xf8 contiki-sky.a(etimer.o)
 .debug_frame   0x000003ba       0x62 contiki-sky.a(energest.o)
 .debug_frame   0x0000041c       0x56 contiki-sky.a(rtimer.o)
 .debug_frame   0x00000472       0x2a contiki-sky.a(random.o)
 .debug_frame   0x0000049c      0x1f8 contiki-sky.a(glossy-arch.o)
 .debug_frame   0x00000694       0x86 contiki-sky.a(msp430.o)
 .debug_frame   0x0000071a       0xa2 contiki-sky.a(leds.o)
 .debug_frame   0x000007bc       0xae contiki-sky.a(watchdog.o)
 .debug_frame   0x0000086a       0xc4 contiki-sky.a(xmem.o)
 .debug_frame   0x0000092e       0x5c contiki-sky.a(cc2420.o)
 .debug_frame   0x0000098a       0x32 contiki-sky.a(node-id.o)
 .debug_frame   0x000009bc       0x88 contiki-sky.a(uart1.o)
 .debug_frame   0x00000a44       0x44 contiki-sky.a(ds2411.o)
 .debug_frame   0x00000a88       0xd0 contiki-sky.a(clock.o)
 .debug_frame   0x00000b58       0x36 contiki-sky.a(leds-arch.o)
 .debug_frame   0x00000b8e       0x24 contiki-sky.a(uart1-putchar.o)
 .debug_frame   0x00000bb2       0x4a contiki-sky.a(rtimer-arch.o)
 .debug_frame   0x00000bfc       0x6a contiki-sky.a(timer.o)
 .debug_frame   0x00000c66       0x5e contiki-sky.a(ringbuf.o)
 .debug_frame   0x00000cc4       0x1e contiki-sky.a(spi.o)
 .debug_frame   0x00000ce2       0x28 /usr/lib/gcc/msp430/4.6.3/mmpy-16/libgcc.a(_fixunssfsi.o)
 .debug_frame   0x00000d0a       0x6a /usr/lib/gcc/msp430/4.6.3/mmpy-16/libgcc.a(_addsub_sf.o)
 .debug_frame   0x00000d74       0x4a /usr/lib/gcc/msp430/4.6.3/mmpy-16/libgcc.a(_mul_sf.o)
 .debug_frame   0x00000dbe       0x3a /usr/lib/gcc/msp430/4.6.3/mmpy-16/libgcc.a(_div_sf.o)
 .debug_frame   0x00000df8       0x22 /usr/lib/gcc/msp430/4.6.3/mmpy-16/libgcc.a(_ge_sf.o)
 .debug_frame   0x00000e1a       0x22 /usr/lib/gcc/msp430/4.6.3/mmpy-16/libgcc.a(_sf_to_si.o)
 .debug_frame   0x00000e3c       0x36 /usr/lib/gcc/msp430/4.6.3/mmpy-16/libgcc.a(_usi_to_sf.o)
 .debug_frame   0x00000e72       0x2e /usr/lib/gcc/msp430/4.6.3/mmpy-16/libgcc.a(_clzsi2.o)
 .debug_frame   0x00000ea0       0x38 /usr/lib/gcc/msp430/4.6.3/mmpy-16/libgcc.a(_pack_sf.o)
 .debug_frame   0x00000ed8       0x28 /usr/lib/gcc/msp430/4.6.3/mmpy-16/libgcc.a(_unpack_sf.o)
 .debug_frame   0x00000f00       0x24 /usr/lib/gcc/msp430/4.6.3/mmpy-16/libgcc.a(_fpcmp_parts_sf.o)
 .debug_frame   0x00000f24       0x38 /usr/lib/gcc/msp430/4.6.3/../../../../msp430/lib/mmpy-16/libc.a(memcpy.o)
 .debug_frame   0x00000f5c       0x52 /usr/lib/gcc/msp430/4.6.3/../../../../msp430/lib/mmpy-16/libc.a(malloc.o)
 .debug_frame   0x00000fae       0x2a /usr/lib/gcc/msp430/4.6.3/../../../../msp430/lib/mmpy-16/libc.a(printf.o)
 .debug_frame   0x00000fd8       0xb0 /usr/lib/gcc/msp430/4.6.3/../../../../msp430/lib/mmpy-16/libc.a(vuprintf.o)
 .debug_frame   0x00001088       0x24 /usr/lib/gcc/msp430/4.6.3/../../../../msp430/lib/mmpy-16/libc.a(puts.o)
 .debug_frame   0x000010ac       0x3c /usr/lib/gcc/msp430/4.6.3/../../../../msp430/lib/mmpy-16/libc.a(rand.o)

.debug_str      0x00000000     0x208b
 *(.debug_str)
 .debug_str     0x00000000      0x3cb glossy-test.co
                                0x47a (size before relaxing)
 .debug_str     0x000003cb       0xa9 obj_sky/contiki-sky-main.o
                                0x343 (size before relaxing)
 .debug_str     0x00000474      0x178 contiki-sky.a(process.o)
                                0x2ad (size before relaxing)
 .debug_str     0x000005ec       0x3a contiki-sky.a(autostart.o)
                                0x165 (size before relaxing)
 .debug_str     0x00000626      0x150 contiki-sky.a(etimer.o)
                                0x2ba (size before relaxing)
 .debug_str     0x00000776       0x9b contiki-sky.a(energest.o)
                                0x303 (size before relaxing)
 .debug_str     0x00000811       0xc1 contiki-sky.a(rtimer.o)
                                0x304 (size before relaxing)
 .debug_str     0x000008d2       0x35 contiki-sky.a(random.o)
                                0x109 (size before relaxing)
 .debug_str     0x00000907      0x997 contiki-sky.a(glossy-arch.o)
                                0xe0b (size before relaxing)
 .debug_str     0x0000129e       0xfb contiki-sky.a(msp430.o)
                                0x273 (size before relaxing)
 .debug_str     0x00001399       0x94 contiki-sky.a(leds.o)
                                0x303 (size before relaxing)
 .debug_str     0x0000142d       0xc7 contiki-sky.a(watchdog.o)
                                0x1bc (size before relaxing)
 .debug_str     0x000014f4       0xb4 contiki-sky.a(xmem.o)
                                0x377 (size before relaxing)
 .debug_str     0x000015a8       0x4b contiki-sky.a(cc2420.o)
                                0x551 (size before relaxing)
 .debug_str     0x000015f3       0x3c contiki-sky.a(node-id.o)
                                0x118 (size before relaxing)
 .debug_str     0x0000162f      0x12b contiki-sky.a(uart1.o)
                                0x271 (size before relaxing)
 .debug_str     0x0000175a       0x78 contiki-sky.a(ds2411.o)
                                0x293 (size before relaxing)
 .debug_str     0x000017d2       0xd3 contiki-sky.a(clock.o)
                                0x389 (size before relaxing)
 .debug_str     0x000018a5       0x5a contiki-sky.a(leds-arch.o)
                                0x13f (size before relaxing)
 .debug_str     0x000018ff       0x2f contiki-sky.a(uart1-putchar.o)
                                0x103 (size before relaxing)
 .debug_str     0x0000192e       0x62 contiki-sky.a(rtimer-arch.o)
                                0x162 (size before relaxing)
 .debug_str     0x00001990       0x27 contiki-sky.a(timer.o)
                                0x154 (size before relaxing)
 .debug_str     0x000019b7       0x64 contiki-sky.a(ringbuf.o)
                                0x167 (size before relaxing)
 .debug_str     0x00001a1b       0x5d contiki-sky.a(spi.o)
                                0x176 (size before relaxing)
 .debug_str     0x00001a78       0xcf /usr/lib/gcc/msp430/4.6.3/mmpy-16/libgcc.a(_fixunssfsi.o)
                                0x17d (size before relaxing)
 .debug_str     0x00001b47      0x14f /usr/lib/gcc/msp430/4.6.3/mmpy-16/libgcc.a(_addsub_sf.o)
                                0x255 (size before relaxing)
 .debug_str     0x00001c96       0x27 /usr/lib/gcc/msp430/4.6.3/mmpy-16/libgcc.a(_mul_sf.o)
                                0x20e (size before relaxing)
 .debug_str     0x00001cbd       0x35 /usr/lib/gcc/msp430/4.6.3/mmpy-16/libgcc.a(_div_sf.o)
                                0x217 (size before relaxing)
 .debug_str     0x00001cf2        0x8 /usr/lib/gcc/msp430/4.6.3/mmpy-16/libgcc.a(_ge_sf.o)
                                0x1dc (size before relaxing)
 .debug_str     0x00001cfa        0xa /usr/lib/gcc/msp430/4.6.3/mmpy-16/libgcc.a(_sf_to_si.o)
                                0x1e5 (size before relaxing)
 .debug_str     0x00000000      0x187 /usr/lib/gcc/msp430/4.6.3/mmpy-16/libgcc.a(_thenan_sf.o)
 .debug_str     0x00001d04       0x2a /usr/lib/gcc/msp430/4.6.3/mmpy-16/libgcc.a(_usi_to_sf.o)
                                0x1c7 (size before relaxing)
 .debug_str     0x00001d2e       0x17 /usr/lib/gcc/msp430/4.6.3/mmpy-16/libgcc.a(_clzsi2.o)
                                0x189 (size before relaxing)
 .debug_str     0x00001d45       0x10 /usr/lib/gcc/msp430/4.6.3/mmpy-16/libgcc.a(_pack_sf.o)
                                0x1e4 (size before relaxing)
 .debug_str     0x00001d55        0xb /usr/lib/gcc/msp430/4.6.3/mmpy-16/libgcc.a(_unpack_sf.o)
                                0x1c6 (size before relaxing)
 .debug_str     0x00001d60       0x10 /usr/lib/gcc/msp430/4.6.3/mmpy-16/libgcc.a(_fpcmp_parts_sf.o)
                                0x1aa (size before relaxing)
 .debug_str     0x00000000      0x16c /usr/lib/gcc/msp430/4.6.3/mmpy-16/libgcc.a(_clz.o)
 .debug_str     0x00001d70       0x4d /usr/lib/gcc/msp430/4.6.3/../../../../msp430/lib/mmpy-16/libc.a(memcpy.o)
                                0x116 (size before relaxing)
 .debug_str     0x00001dbd       0x52 /usr/lib/gcc/msp430/4.6.3/../../../../msp430/lib/mmpy-16/libc.a(malloc.o)
                                0x142 (size before relaxing)
 .debug_str     0x00001e0f       0x40 /usr/lib/gcc/msp430/4.6.3/../../../../msp430/lib/mmpy-16/libc.a(printf.o)
                                0x12a (size before relaxing)
 .debug_str     0x00001e4f      0x202 /usr/lib/gcc/msp430/4.6.3/../../../../msp430/lib/mmpy-16/libc.a(vuprintf.o)
                                0x375 (size before relaxing)
 .debug_str     0x00002051       0x15 /usr/lib/gcc/msp430/4.6.3/../../../../msp430/lib/mmpy-16/libc.a(puts.o)
                                 0xf0 (size before relaxing)
 .debug_str     0x00002066       0x25 /usr/lib/gcc/msp430/4.6.3/../../../../msp430/lib/mmpy-16/libc.a(rand.o)
                                0x10f (size before relaxing)

.debug_loc      0x00000000     0x2ceb
 *(.debug_loc)
 .debug_loc     0x00000000      0x463 glossy-test.co
 .debug_loc     0x00000463       0xaa obj_sky/contiki-sky-main.o
 .debug_loc     0x0000050d      0x20d contiki-sky.a(process.o)
 .debug_loc     0x0000071a       0x56 contiki-sky.a(autostart.o)
 .debug_loc     0x00000770      0x270 contiki-sky.a(etimer.o)
 .debug_loc     0x000009e0       0x8a contiki-sky.a(energest.o)
 .debug_loc     0x00000a6a       0xbd contiki-sky.a(rtimer.o)
 .debug_loc     0x00000b27        0xb contiki-sky.a(random.o)
 .debug_loc     0x00000b32      0x213 contiki-sky.a(glossy-arch.o)
 .debug_loc     0x00000d45      0x118 contiki-sky.a(msp430.o)
 .debug_loc     0x00000e5d       0xdc contiki-sky.a(leds.o)
 .debug_loc     0x00000f39       0xaa contiki-sky.a(watchdog.o)
 .debug_loc     0x00000fe3      0x2f2 contiki-sky.a(xmem.o)
 .debug_loc     0x000012d5       0xdd contiki-sky.a(cc2420.o)
 .debug_loc     0x000013b2       0x33 contiki-sky.a(node-id.o)
 .debug_loc     0x000013e5       0x99 contiki-sky.a(uart1.o)
 .debug_loc     0x0000147e      0x14e contiki-sky.a(ds2411.o)
 .debug_loc     0x000015cc       0x92 contiki-sky.a(clock.o)
 .debug_loc     0x0000165e        0xb contiki-sky.a(leds-arch.o)
 .debug_loc     0x00001669       0x2d contiki-sky.a(uart1-putchar.o)
 .debug_loc     0x00001696       0x2c contiki-sky.a(rtimer-arch.o)
 .debug_loc     0x000016c2       0xb9 contiki-sky.a(timer.o)
 .debug_loc     0x0000177b       0xa3 contiki-sky.a(ringbuf.o)
 .debug_loc     0x0000181e       0x44 /usr/lib/gcc/msp430/4.6.3/mmpy-16/libgcc.a(_fixunssfsi.o)
 .debug_loc     0x00001862      0x2ca /usr/lib/gcc/msp430/4.6.3/mmpy-16/libgcc.a(_addsub_sf.o)
 .debug_loc     0x00001b2c      0x23c /usr/lib/gcc/msp430/4.6.3/mmpy-16/libgcc.a(_mul_sf.o)
 .debug_loc     0x00001d68      0x110 /usr/lib/gcc/msp430/4.6.3/mmpy-16/libgcc.a(_div_sf.o)
 .debug_loc     0x00001e78       0x3c /usr/lib/gcc/msp430/4.6.3/mmpy-16/libgcc.a(_ge_sf.o)
 .debug_loc     0x00001eb4       0x3c /usr/lib/gcc/msp430/4.6.3/mmpy-16/libgcc.a(_sf_to_si.o)
 .debug_loc     0x00001ef0       0x6c /usr/lib/gcc/msp430/4.6.3/mmpy-16/libgcc.a(_usi_to_sf.o)
 .debug_loc     0x00001f5c       0x80 /usr/lib/gcc/msp430/4.6.3/mmpy-16/libgcc.a(_clzsi2.o)
 .debug_loc     0x00001fdc      0x181 /usr/lib/gcc/msp430/4.6.3/mmpy-16/libgcc.a(_pack_sf.o)
 .debug_loc     0x0000215d       0x83 /usr/lib/gcc/msp430/4.6.3/mmpy-16/libgcc.a(_unpack_sf.o)
 .debug_loc     0x000021e0       0x5b /usr/lib/gcc/msp430/4.6.3/mmpy-16/libgcc.a(_fpcmp_parts_sf.o)
 .debug_loc     0x0000223b      0x1e9 /usr/lib/gcc/msp430/4.6.3/../../../../msp430/lib/mmpy-16/libc.a(memcpy.o)
 .debug_loc     0x00002424      0x12e /usr/lib/gcc/msp430/4.6.3/../../../../msp430/lib/mmpy-16/libc.a(malloc.o)
 .debug_loc     0x00002552       0x38 /usr/lib/gcc/msp430/4.6.3/../../../../msp430/lib/mmpy-16/libc.a(printf.o)
 .debug_loc     0x0000258a      0x70c /usr/lib/gcc/msp430/4.6.3/../../../../msp430/lib/mmpy-16/libc.a(vuprintf.o)
 .debug_loc     0x00002c96       0x26 /usr/lib/gcc/msp430/4.6.3/../../../../msp430/lib/mmpy-16/libc.a(puts.o)
 .debug_loc     0x00002cbc       0x2f /usr/lib/gcc/msp430/4.6.3/../../../../msp430/lib/mmpy-16/libc.a(rand.o)

.debug_macinfo
 *(.debug_macinfo)

.debug_pubtypes
 *(.debug_pubtypes)

.debug_ranges   0x00000000       0x8c
 *(.debug_ranges)
 .debug_ranges  0x00000000        0x8 obj_sky/contiki-sky-main.o
 .debug_ranges  0x00000008       0x14 /usr/lib/gcc/msp430/4.6.3/mmpy-16/libgcc.a(_addsub_sf.o)
 .debug_ranges  0x0000001c       0x28 /usr/lib/gcc/msp430/4.6.3/mmpy-16/libgcc.a(_mul_sf.o)
 .debug_ranges  0x00000044       0x24 /usr/lib/gcc/msp430/4.6.3/mmpy-16/libgcc.a(_div_sf.o)
 .debug_ranges  0x00000068        0xc /usr/lib/gcc/msp430/4.6.3/mmpy-16/libgcc.a(_clzsi2.o)
 .debug_ranges  0x00000074       0x18 /usr/lib/gcc/msp430/4.6.3/../../../../msp430/lib/mmpy-16/libc.a(vuprintf.o)
                0x00003900                PROVIDE (__stack, (ORIGIN (ram) + 0x2800))
                0x0000898a                PROVIDE (__data_start_rom, _etext)
                0x000089b8                PROVIDE (__data_end_rom, (_etext + SIZEOF (.data)))
OUTPUT(glossy-test.sky elf32-msp430)
